Archive member included to satisfy reference by file (symbol)

C:/devkitPro_sw/libnx/lib\libnx.a(applet.o)
                              main.o (appletMainLoop)
C:/devkitPro_sw/libnx/lib\libnx.a(hid.o)
                              main.o (hidKeysDown)
C:/devkitPro_sw/libnx/lib\libnx.a(apm.o)
                              C:/devkitPro_sw/libnx/lib\libnx.a(applet.o) (apmInitialize)
C:/devkitPro_sw/libnx/lib\libnx.a(fatal.o)
                              C:/devkitPro_sw/libnx/lib\libnx.a(applet.o) (fatalThrow)
C:/devkitPro_sw/libnx/lib\libnx.a(sm.o)
                              C:/devkitPro_sw/libnx/lib\libnx.a(fatal.o) (smExit)
C:/devkitPro_sw/libnx/lib\libnx.a(swkbd.o)
                              keyboard.o (swkbdCreate)
C:/devkitPro_sw/libnx/lib\libnx.a(hosversion.o)
                              C:/devkitPro_sw/libnx/lib\libnx.a(applet.o) (hosversionGet)
C:/devkitPro_sw/libnx/lib\libnx.a(env.o)
                              C:/devkitPro_sw/libnx/lib\libnx.a(applet.o) (envIsNso)
C:/devkitPro_sw/libnx/lib\libnx.a(console.o)
                              main.o (consoleInit)
C:/devkitPro_sw/libnx/lib\libnx.a(console_sw.o)
                              C:/devkitPro_sw/libnx/lib\libnx.a(console.o) (getDefaultConsoleRenderer)
C:/devkitPro_sw/libnx/lib\libnx.a(utf16_to_utf8.o)
                              C:/devkitPro_sw/libnx/lib\libnx.a(swkbd.o) (utf16_to_utf8)
C:/devkitPro_sw/libnx/lib\libnx.a(decode_utf16.o)
                              C:/devkitPro_sw/libnx/lib\libnx.a(utf16_to_utf8.o) (decode_utf16)
C:/devkitPro_sw/libnx/lib\libnx.a(utf8_to_utf16.o)
                              C:/devkitPro_sw/libnx/lib\libnx.a(swkbd.o) (utf8_to_utf16)
C:/devkitPro_sw/libnx/lib\libnx.a(svc.o)
                              keyboard.o (svcSetHeapSize)
C:/devkitPro_sw/libnx/lib\libnx.a(switch_crt0.o)
                              (_start)
C:/devkitPro_sw/libnx/lib\libnx.a(default_font.bin.o)
                              C:/devkitPro_sw/libnx/lib\libnx.a(console.o) (default_font_bin)
C:/devkitPro_sw/libnx/lib\libnx.a(detect.o)
                              C:/devkitPro_sw/libnx/lib\libnx.a(fatal.o) (detectKernelVersion)
C:/devkitPro_sw/libnx/lib\libnx.a(shmem.o)
                              C:/devkitPro_sw/libnx/lib\libnx.a(hid.o) (shmemLoadRemote)
C:/devkitPro_sw/libnx/lib\libnx.a(wait.o)
                              C:/devkitPro_sw/libnx/lib\libnx.a(applet.o) (waitObjects)
C:/devkitPro_sw/libnx/lib\libnx.a(rwlock.o)
                              C:/devkitPro_sw/libnx/lib\libnx.a(hid.o) (rwlockReadLock)
C:/devkitPro_sw/libnx/lib\libnx.a(tmem.o)
                              C:/devkitPro_sw/libnx/lib\libnx.a(applet.o) (tmemCreate)
C:/devkitPro_sw/libnx/lib\libnx.a(mutex.o)
                              C:/devkitPro_sw/libnx/lib\libnx.a(applet.o) (mutexLock)
C:/devkitPro_sw/libnx/lib\libnx.a(virtmem.o)
                              C:/devkitPro_sw/libnx/lib\libnx.a(shmem.o) (virtmemReserve)
C:/devkitPro_sw/libnx/lib\libnx.a(event.o)
                              C:/devkitPro_sw/libnx/lib\libnx.a(applet.o) (eventLoadRemote)
C:/devkitPro_sw/libnx/lib\libnx.a(condvar.o)
                              C:/devkitPro_sw/libnx/lib\libnx.a(rwlock.o) (condvarWaitTimeout)
C:/devkitPro_sw/libnx/lib\libnx.a(framebuffer.o)
                              C:/devkitPro_sw/libnx/lib\libnx.a(console_sw.o) (framebufferMakeLinear)
C:/devkitPro_sw/libnx/lib\libnx.a(default_window.o)
                              C:/devkitPro_sw/libnx/lib\libnx.a(console_sw.o) (nwindowGetDefault)
C:/devkitPro_sw/libnx/lib\libnx.a(native_window.o)
                              C:/devkitPro_sw/libnx/lib\libnx.a(framebuffer.o) (nwindowIsValid)
C:/devkitPro_sw/libnx/lib\libnx.a(libapplet.o)
                              C:/devkitPro_sw/libnx/lib\libnx.a(swkbd.o) (libappletArgsCreate)
C:/devkitPro_sw/libnx/lib\libnx.a(dynamic.o)
                              C:/devkitPro_sw/libnx/lib\libnx.a(switch_crt0.o) (__nx_dynamic)
C:/devkitPro_sw/libnx/lib\libnx.a(init.o)
                              C:/devkitPro_sw/libnx/lib\libnx.a(switch_crt0.o) (__libnx_init)
C:/devkitPro_sw/libnx/lib\libnx.a(newlib.o)
                              C:/devkitPro_sw/libnx/lib\libnx.a(init.o) (__libnx_init_time)
C:/devkitPro_sw/libnx/lib\libnx.a(argv.o)
                              C:/devkitPro_sw/libnx/lib\libnx.a(init.o) (argvSetup)
C:/devkitPro_sw/libnx/lib\libnx.a(fs_dev.o)
                              C:/devkitPro_sw/libnx/lib\libnx.a(init.o) (fsdevMountSdmc)
C:/devkitPro_sw/libnx/lib\libnx.a(encode_utf16.o)
                              C:/devkitPro_sw/libnx/lib\libnx.a(utf8_to_utf16.o) (encode_utf16)
C:/devkitPro_sw/libnx/lib\libnx.a(encode_utf8.o)
                              C:/devkitPro_sw/libnx/lib\libnx.a(utf16_to_utf8.o) (encode_utf8)
C:/devkitPro_sw/libnx/lib\libnx.a(decode_utf8.o)
                              C:/devkitPro_sw/libnx/lib\libnx.a(utf8_to_utf16.o) (decode_utf8)
[...]
Memory Configuration

Name             Origin             Length             Attributes
*default*        0x0000000000000000 0xffffffffffffffff

Linker script and memory map

                0x0000000000000000                PROVIDE (__start__ = 0x0)
                0x0000000000000000                . = __start__
                0x0000000000000000                __code_start = .

.crt0           0x0000000000000000      0x158
 *(.crt0)
 .crt0          0x0000000000000000      0x158 C:/devkitPro_sw/libnx/lib\libnx.a(switch_crt0.o)
                0x0000000000000000                _start
                0x0000000000000120                __nx_exit
                0x0000000000000130                __nx_mod0
                0x0000000000000158                . = ALIGN (0x8)

.init           0x0000000000000158       0x38
 *(.init)
 .init          0x0000000000000158       0x18 c:/devkitpro_sw/devkita64/bin/../lib/gcc/aarch64-none-elf/9.2.0/pic/crti.o
                0x0000000000000158                _init
 .init          0x0000000000000170       0x1c c:/devkitpro_sw/devkita64/bin/../lib/gcc/aarch64-none-elf/9.2.0/pic/crtn.o
                0x0000000000000190                . = ALIGN (0x8)
 *fill*         0x000000000000018c        0x4 

.plt            0x0000000000000190        0x0
 *(.plt)
 .plt           0x0000000000000190        0x0 c:/devkitpro_sw/devkita64/bin/../lib/gcc/aarch64-none-elf/9.2.0/pic/crti.o
 *(.iplt)
                0x0000000000000190                . = ALIGN (0x8)

.text           0x00000000000001c0    0x29240
 *(.text.unlikely .text.*_unlikely .text.unlikely.*)
 *(.text.exit .text.exit.*)
 .text.exit     0x00000000000001c0       0x38 c:/devkitpro_sw/devkita64/bin/../lib/gcc/aarch64-none-elf/9.2.0/../../../../aarch64-none-elf/lib/pic\libg.a(lib_a-exit.o)
                0x00000000000001c0                exit
 *(.text.startup .text.startup.*)
 *fill*         0x00000000000001f8        0x8 
 .text.startup.main
                0x0000000000000200       0xf8 main.o
                0x0000000000000200                main
 *(.text.hot .text.hot.*)
 *(.text .stub .text.* .gnu.linkonce.t.*)
 .text.deregister_tm_clones
                0x00000000000002f8       0x30 c:/devkitpro_sw/devkita64/bin/../lib/gcc/aarch64-none-elf/9.2.0/pic/crtbegin.o
 .text.register_tm_clones
                0x0000000000000328       0x40 c:/devkitpro_sw/devkita64/bin/../lib/gcc/aarch64-none-elf/9.2.0/pic/crtbegin.o
 .text.__do_global_dtors_aux
                0x0000000000000368       0x48 c:/devkitpro_sw/devkita64/bin/../lib/gcc/aarch64-none-elf/9.2.0/pic/crtbegin.o
 .text.frame_dummy
                0x00000000000003b0       0x34 c:/devkitpro_sw/devkita64/bin/../lib/gcc/aarch64-none-elf/9.2.0/pic/crtbegin.o
 *fill*         0x00000000000003e4        0xc 
 .text.userAppInit
                0x00000000000003f0       0x38 keyboard.o
                0x00000000000003f0                userAppInit
 *fill*         0x0000000000000428        0x8 
 .text.popKeyboardf
                0x0000000000000430       0xb8 keyboard.o
                0x0000000000000430                popKeyboardf
 *fill*         0x00000000000004e8        0x8 
 .text.printRandoms
                0x00000000000004f0       0x7c main.o
                0x00000000000004f0                printRandoms
 *fill*         0x000000000000056c        0x4 
 .text._appletInfiniteSleepLoop
                0x0000000000000570       0x24 C:/devkitPro_sw/libnx/lib\libnx.a(applet.o)
 *fill*         0x0000000000000594        0xc 
 .text._appletCmdNoIO
                0x00000000000005a0       0xc8 C:/devkitPro_sw/libnx/lib\libnx.a(applet.o)
 *fill*         0x0000000000000668        0x8 
 .text._appletCmdNoInOutU64
                0x0000000000000670       0xe0 C:/devkitPro_sw/libnx/lib\libnx.a(applet.o)
 .text._appletCmdGetSession
                0x0000000000000750       0xf4 C:/devkitPro_sw/libnx/lib\libnx.a(applet.o)
 *fill*         0x0000000000000844        0xc 
 .text._appletCmdNoInOutU32
                0x0000000000000850       0xdc C:/devkitPro_sw/libnx/lib\libnx.a(applet.o)
 *fill*         0x000000000000092c        0x4 
 .text._appletCmdNoInOutU8
                0x0000000000000930       0xe4 C:/devkitPro_sw/libnx/lib\libnx.a(applet.o)
 *fill*         0x0000000000000a14        0xc 
 .text._appletCmdNoInOutBool
                0x0000000000000a20       0x40 C:/devkitPro_sw/libnx/lib\libnx.a(applet.o)
 .text._appletGetLaunchReason
                0x0000000000000a60      0x100 C:/devkitPro_sw/libnx/lib\libnx.a(applet.o)
 .text._appletSetFocusHandlingMode
                0x0000000000000b60       0xec C:/devkitPro_sw/libnx/lib\libnx.a(applet.o)
 *fill*         0x0000000000000c4c        0x4 
 .text._appletCreateLibraryApplet
                0x0000000000000c50      0x100 C:/devkitPro_sw/libnx/lib\libnx.a(applet.o)
 .text._appletGetLibraryAppletInfo
                0x0000000000000d50       0xdc C:/devkitPro_sw/libnx/lib\libnx.a(applet.o)
 *fill*         0x0000000000000e2c        0x4 
 .text._appletCmdGetSessionInU64
                0x0000000000000e30       0xf4 C:/devkitPro_sw/libnx/lib\libnx.a(applet.o)
 *fill*         0x0000000000000f24        0xc 
 .text._appletCmdInHandleU64OutSession
                0x0000000000000f30      0x108 C:/devkitPro_sw/libnx/lib\libnx.a(applet.o)
 *fill*         0x0000000000001038        0x8 
 .text._appletCmdInU8NoOut.isra.0
                0x0000000000001040       0xc4 C:/devkitPro_sw/libnx/lib\libnx.a(applet.o)
 *fill*         0x0000000000001104        0xc 
 .text._appletCmdInSession.isra.0
                0x0000000000001110       0xcc C:/devkitPro_sw/libnx/lib\libnx.a(applet.o)
 *fill*         0x00000000000011dc        0x4 
 .text._appletCmdInU32NoOut.isra.0
                0x00000000000011e0       0xc4 C:/devkitPro_sw/libnx/lib\libnx.a(applet.o)
 *fill*         0x00000000000012a4        0xc 
 .text._appletCreateTransferMemoryStorage.isra.0
                0x00000000000012b0      0x120 C:/devkitPro_sw/libnx/lib\libnx.a(applet.o)
 .text._appletStorageAccessorRW.isra.0
                0x00000000000013d0      0x204 C:/devkitPro_sw/libnx/lib\libnx.a(applet.o)
 *fill*         0x00000000000015d4        0xc 
 .text._appletStorageRW.part.0
                0x00000000000015e0       0xd8 C:/devkitPro_sw/libnx/lib\libnx.a(applet.o)
 *fill*         0x00000000000016b8        0x8 
 .text._appletGetSessionProxy.constprop.0
                0x00000000000016c0      0x118 C:/devkitPro_sw/libnx/lib\libnx.a(applet.o)
 *fill*         0x00000000000017d8        0x8 
 .text._appletOpenLibraryAppletProxy.constprop.0
                0x00000000000017e0      0x134 C:/devkitPro_sw/libnx/lib\libnx.a(applet.o)
 *fill*         0x0000000000001914        0xc 
 .text._appletCmdGetHandle.constprop.0
                0x0000000000001920       0xd8 C:/devkitPro_sw/libnx/lib\libnx.a(applet.o)
 *fill*         0x00000000000019f8        0x8 
 .text._appletCmdGetEvent
                0x0000000000001a00       0x68 C:/devkitPro_sw/libnx/lib\libnx.a(applet.o)
 *fill*         0x0000000000001a68        0x8 
 .text._appletWaitLibraryAppletLaunchableEvent
                0x0000000000001a70       0x54 C:/devkitPro_sw/libnx/lib\libnx.a(applet.o)
 *fill*         0x0000000000001ac4        0xc 
 .text.appletGetAppletType
                0x0000000000001ad0       0x10 C:/devkitPro_sw/libnx/lib\libnx.a(applet.o)
                0x0000000000001ad0                appletGetAppletType
 .text.appletGetThemeColorType
                0x0000000000001ae0        0xc C:/devkitPro_sw/libnx/lib\libnx.a(applet.o)
                0x0000000000001ae0                appletGetThemeColorType
 *fill*         0x0000000000001aec        0x4 
 .text.appletSetFocusHandlingMode
                0x0000000000001af0      0x114 C:/devkitPro_sw/libnx/lib\libnx.a(applet.o)
                0x0000000000001af0                appletSetFocusHandlingMode
 *fill*         0x0000000000001c04        0xc 
 .text.appletSetCpuBoostMode
                0x0000000000001c10       0x60 C:/devkitPro_sw/libnx/lib\libnx.a(applet.o)
                0x0000000000001c10                appletSetCpuBoostMode
 .text.appletCreateManagedDisplayLayer
                0x0000000000001c70       0x28 C:/devkitPro_sw/libnx/lib\libnx.a(applet.o)
                0x0000000000001c70                appletCreateManagedDisplayLayer
 *fill*         0x0000000000001c98        0x8 
 .text.appletGetAppletResourceUserId
                0x0000000000001ca0        0xc C:/devkitPro_sw/libnx/lib\libnx.a(applet.o)
                0x0000000000001ca0                appletGetAppletResourceUserId
 *fill*         0x0000000000001cac        0x4 
 .text._appletGetIndirectLayerConsumerHandle.isra.0
                0x0000000000001cb0       0xfc C:/devkitPro_sw/libnx/lib\libnx.a(applet.o)
 *fill*         0x0000000000001dac        0x4 
 .text._appletHolderCreateState
                0x0000000000001db0       0x78 C:/devkitPro_sw/libnx/lib\libnx.a(applet.o)
 *fill*         0x0000000000001e28        0x8 
 .text._appletHolderCreate
                0x0000000000001e30       0x78 C:/devkitPro_sw/libnx/lib\libnx.a(applet.o)
 *fill*         0x0000000000001ea8        0x8 
 .text.appletCreateLibraryApplet
                0x0000000000001eb0        0x8 C:/devkitPro_sw/libnx/lib\libnx.a(applet.o)
                0x0000000000001eb0                appletCreateLibraryApplet
 *fill*         0x0000000000001eb8        0x8 
 .text.appletHolderClose
                0x0000000000001ec0       0xb4 C:/devkitPro_sw/libnx/lib\libnx.a(applet.o)
                0x0000000000001ec0                appletHolderClose
 *fill*         0x0000000000001f74        0xc 
 .text.appletHolderStart
                0x0000000000001f80       0x4c C:/devkitPro_sw/libnx/lib\libnx.a(applet.o)
                0x0000000000001f80                appletHolderStart
 *fill*         0x0000000000001fcc        0x4 
 .text.appletHolderJoin
                0x0000000000001fd0       0x80 C:/devkitPro_sw/libnx/lib\libnx.a(applet.o)
                0x0000000000001fd0                appletHolderJoin
 .text.appletHolderGetExitReason
                0x0000000000002050        0x8 C:/devkitPro_sw/libnx/lib\libnx.a(applet.o)
                0x0000000000002050                appletHolderGetExitReason
 *fill*         0x0000000000002058        0x8 
 .text.appletHolderWaitInteractiveOut
                0x0000000000002060       0x8c C:/devkitPro_sw/libnx/lib\libnx.a(applet.o)
                0x0000000000002060                appletHolderWaitInteractiveOut
 *fill*         0x00000000000020ec        0x4 
 .text.appletHolderPopOutData
                0x00000000000020f0       0x28 C:/devkitPro_sw/libnx/lib\libnx.a(applet.o)
                0x00000000000020f0                appletHolderPopOutData
 *fill*         0x0000000000002118        0x8 
 .text.appletHolderPopInteractiveOutData
                0x0000000000002120       0x28 C:/devkitPro_sw/libnx/lib\libnx.a(applet.o)
                0x0000000000002120                appletHolderPopInteractiveOutData
 *fill*         0x0000000000002148        0x8 
 .text.appletHolderGetLibraryAppletInfo
                0x0000000000002150       0x18 C:/devkitPro_sw/libnx/lib\libnx.a(applet.o)
                0x0000000000002150                appletHolderGetLibraryAppletInfo
 *fill*         0x0000000000002168        0x8 
 .text.appletCreateStorage
                0x0000000000002170       0x28 C:/devkitPro_sw/libnx/lib\libnx.a(applet.o)
                0x0000000000002170                appletCreateStorage
 *fill*         0x0000000000002198        0x8 
 .text.appletCreateTransferMemoryStorage
                0x00000000000021a0       0xa8 C:/devkitPro_sw/libnx/lib\libnx.a(applet.o)
                0x00000000000021a0                appletCreateTransferMemoryStorage
 *fill*         0x0000000000002248        0x8 
 .text.appletCreateHandleStorage
                0x0000000000002250       0x68 C:/devkitPro_sw/libnx/lib\libnx.a(applet.o)
                0x0000000000002250                appletCreateHandleStorage
 *fill*         0x00000000000022b8        0x8 
 .text.appletCreateHandleStorageTmem
                0x00000000000022c0       0xa0 C:/devkitPro_sw/libnx/lib\libnx.a(applet.o)
                0x00000000000022c0                appletCreateHandleStorageTmem
 .text.appletStorageClose
                0x0000000000002360       0x8c C:/devkitPro_sw/libnx/lib\libnx.a(applet.o)
                0x0000000000002360                appletStorageClose
 *fill*         0x00000000000023ec        0x4 
 .text._appletCmdInStorage.part.0
                0x00000000000023f0       0x40 C:/devkitPro_sw/libnx/lib\libnx.a(applet.o)
 .text.appletHolderPushInData
                0x0000000000002430       0x20 C:/devkitPro_sw/libnx/lib\libnx.a(applet.o)
                0x0000000000002430                appletHolderPushInData
 .text.appletHolderPushInteractiveInData
                0x0000000000002450       0x20 C:/devkitPro_sw/libnx/lib\libnx.a(applet.o)
                0x0000000000002450                appletHolderPushInteractiveInData
 .text.appletStorageCloseTmem
                0x0000000000002470        0x8 C:/devkitPro_sw/libnx/lib\libnx.a(applet.o)
                0x0000000000002470                appletStorageCloseTmem
 *fill*         0x0000000000002478        0x8 
 .text.appletStorageWrite
                0x0000000000002480       0x18 C:/devkitPro_sw/libnx/lib\libnx.a(applet.o)
                0x0000000000002480                appletStorageWrite
 *fill*         0x0000000000002498        0x8 
 .text.appletStorageRead
                0x00000000000024a0       0x18 C:/devkitPro_sw/libnx/lib\libnx.a(applet.o)
                0x00000000000024a0                appletStorageRead
 *fill*         0x00000000000024b8        0x8 
 .text.appletNotifyRunning
                0x00000000000024c0       0x58 C:/devkitPro_sw/libnx/lib\libnx.a(applet.o)
                0x00000000000024c0                appletNotifyRunning
 *fill*         0x0000000000002518        0x8 
 .text.appletSetGamePlayRecordingState
                0x0000000000002520       0x88 C:/devkitPro_sw/libnx/lib\libnx.a(applet.o)
                0x0000000000002520                appletSetGamePlayRecordingState
 *fill*         0x00000000000025a8        0x8 
 .text._appletCleanup
                0x00000000000025b0      0xae0 C:/devkitPro_sw/libnx/lib\libnx.a(applet.o)
 .text.appletExit
                0x0000000000003090       0x44 C:/devkitPro_sw/libnx/lib\libnx.a(applet.o)
                0x0000000000003090                appletExit
 *fill*         0x00000000000030d4        0xc 
 .text.appletGetLibraryAppletInfo
                0x00000000000030e0       0x3c C:/devkitPro_sw/libnx/lib\libnx.a(applet.o)
                0x00000000000030e0                appletGetLibraryAppletInfo
 *fill*         0x000000000000311c        0x4 
 .text.appletInitialize
                0x0000000000003120      0xa30 C:/devkitPro_sw/libnx/lib\libnx.a(applet.o)
                0x0000000000003120                appletInitialize
 .text._appletExitProcess
                0x0000000000003b50       0x24 C:/devkitPro_sw/libnx/lib\libnx.a(applet.o)
 *fill*         0x0000000000003b74        0xc 
 .text.appletGetMessage
                0x0000000000003b80       0x70 C:/devkitPro_sw/libnx/lib\libnx.a(applet.o)
                0x0000000000003b80                appletGetMessage
 .text.appletProcessMessage
                0x0000000000003bf0      0x230 C:/devkitPro_sw/libnx/lib\libnx.a(applet.o)
                0x0000000000003bf0                appletProcessMessage
 .text.appletMainLoop
                0x0000000000003e20       0x34 C:/devkitPro_sw/libnx/lib\libnx.a(applet.o)
                0x0000000000003e20                appletMainLoop
 *fill*         0x0000000000003e54        0xc 
 .text._hidCmdWithNoInput
                0x0000000000003e60       0xd4 C:/devkitPro_sw/libnx/lib\libnx.a(hid.o)
 *fill*         0x0000000000003f34        0xc 
 .text._hidCmdWithInputU32
                0x0000000000003f40       0xe4 C:/devkitPro_sw/libnx/lib\libnx.a(hid.o)
 *fill*         0x0000000000004024        0xc 
 .text._hidCreateAppletResource.constprop.0
                0x0000000000004030       0xfc C:/devkitPro_sw/libnx/lib\libnx.a(hid.o)
 *fill*         0x000000000000412c        0x4 
 .text._hidCmdGetHandle.isra.0.constprop.0
                0x0000000000004130       0xc4 C:/devkitPro_sw/libnx/lib\libnx.a(hid.o)
 *fill*         0x00000000000041f4        0xc 
 .text._hidCmdWithInputU64.constprop.0
                0x0000000000004200       0xdc C:/devkitPro_sw/libnx/lib\libnx.a(hid.o)
 *fill*         0x00000000000042dc        0x4 
 .text.hidReset
                0x00000000000042e0      0x1f8 C:/devkitPro_sw/libnx/lib\libnx.a(hid.o)
                0x00000000000042e0                hidReset
 *fill*         0x00000000000044d8        0x8 
 .text.hidGetSharedmemAddr
                0x00000000000044e0        0xc C:/devkitPro_sw/libnx/lib\libnx.a(hid.o)
                0x00000000000044e0                hidGetSharedmemAddr
 *fill*         0x00000000000044ec        0x4 
 .text.hidKeysDown
                0x00000000000044f0       0x6c C:/devkitPro_sw/libnx/lib\libnx.a(hid.o)
                0x00000000000044f0                hidKeysDown
 *fill*         0x000000000000455c        0x4 
 .text.hidTouchCount
                0x0000000000004560        0xc C:/devkitPro_sw/libnx/lib\libnx.a(hid.o)
                0x0000000000004560                hidTouchCount
 *fill*         0x000000000000456c        0x4 
 .text.hidScanInput
                0x0000000000004570      0x5c0 C:/devkitPro_sw/libnx/lib\libnx.a(hid.o)
                0x0000000000004570                hidScanInput
 .text.hidSetSupportedNpadStyleSet
                0x0000000000004b30        0x8 C:/devkitPro_sw/libnx/lib\libnx.a(hid.o)
                0x0000000000004b30                hidSetSupportedNpadStyleSet
 *fill*         0x0000000000004b38        0x8 
 .text.hidSetSupportedNpadIdType
                0x0000000000004b40      0x18c C:/devkitPro_sw/libnx/lib\libnx.a(hid.o)
                0x0000000000004b40                hidSetSupportedNpadIdType
 *fill*         0x0000000000004ccc        0x4 
 .text.hidSetNpadJoyHoldType
                0x0000000000004cd0        0x8 C:/devkitPro_sw/libnx/lib\libnx.a(hid.o)
                0x0000000000004cd0                hidSetNpadJoyHoldType
 *fill*         0x0000000000004cd8        0x8 
 .text.hidSetNpadJoyAssignmentModeDual
                0x0000000000004ce0       0x20 C:/devkitPro_sw/libnx/lib\libnx.a(hid.o)
                0x0000000000004ce0                hidSetNpadJoyAssignmentModeDual
 .text.hidFinalizeSevenSixAxisSensor
                0x0000000000004d00       0x80 C:/devkitPro_sw/libnx/lib\libnx.a(hid.o)
                0x0000000000004d00                hidFinalizeSevenSixAxisSensor
 .text._hidCleanup
                0x0000000000004d80      0x12c C:/devkitPro_sw/libnx/lib\libnx.a(hid.o)
 *fill*         0x0000000000004eac        0x4 
 .text.hidInitialize
                0x0000000000004eb0      0x1c8 C:/devkitPro_sw/libnx/lib\libnx.a(hid.o)
                0x0000000000004eb0                hidInitialize
 *fill*         0x0000000000005078        0x8 
 .text.hidExit  0x0000000000005080       0x44 C:/devkitPro_sw/libnx/lib\libnx.a(hid.o)
                0x0000000000005080                hidExit
 *fill*         0x00000000000050c4        0xc 
 .text._apmCleanup
                0x00000000000050d0       0xc0 C:/devkitPro_sw/libnx/lib\libnx.a(apm.o)
 .text._apmCmdGetSession.constprop.0
                0x0000000000005190       0xdc C:/devkitPro_sw/libnx/lib\libnx.a(apm.o)
 *fill*         0x000000000000526c        0x4 
 .text.apmInitialize
                0x0000000000005270       0xa0 C:/devkitPro_sw/libnx/lib\libnx.a(apm.o)
                0x0000000000005270                apmInitialize
 .text.apmExit  0x0000000000005310       0x44 C:/devkitPro_sw/libnx/lib\libnx.a(apm.o)
                0x0000000000005310                apmExit
 *fill*         0x0000000000005354        0xc 
 .text.apmSetPerformanceConfiguration
                0x0000000000005360       0xc4 C:/devkitPro_sw/libnx/lib\libnx.a(apm.o)
                0x0000000000005360                apmSetPerformanceConfiguration
 *fill*         0x0000000000005424        0xc 
 .text._fatalCmd
                0x0000000000005430      0x1a0 C:/devkitPro_sw/libnx/lib\libnx.a(fatal.o)
 .text.fatalThrowWithPolicy
                0x00000000000055d0        0xc C:/devkitPro_sw/libnx/lib\libnx.a(fatal.o)
                0x00000000000055d0                fatalThrowWithPolicy
 *fill*         0x00000000000055dc        0x4 
 .text.fatalThrow
                0x00000000000055e0       0x14 C:/devkitPro_sw/libnx/lib\libnx.a(fatal.o)
                0x00000000000055e0                fatalThrow
                0x00000000000055e0                fatalSimple
 *fill*         0x00000000000055f4        0xc 
 .text._smCleanup
                0x0000000000005600       0x68 C:/devkitPro_sw/libnx/lib\libnx.a(sm.o)
 *fill*         0x0000000000005668        0x8 
 .text.smAddOverrideHandle
                0x0000000000005670       0x48 C:/devkitPro_sw/libnx/lib\libnx.a(sm.o)
                0x0000000000005670                smAddOverrideHandle
 *fill*         0x00000000000056b8        0x8 
 .text.smGetServiceOverride
                0x00000000000056c0       0x54 C:/devkitPro_sw/libnx/lib\libnx.a(sm.o)
                0x00000000000056c0                smGetServiceOverride
 *fill*         0x0000000000005714        0xc 
 .text.smExit   0x0000000000005720       0x44 C:/devkitPro_sw/libnx/lib\libnx.a(sm.o)
                0x0000000000005720                smExit
 *fill*         0x0000000000005764        0xc 
 .text.smGetServiceOriginal
                0x0000000000005770       0xcc C:/devkitPro_sw/libnx/lib\libnx.a(sm.o)
                0x0000000000005770                smGetServiceOriginal
 *fill*         0x000000000000583c        0x4 
 .text.smInitialize
                0x0000000000005840      0x27c C:/devkitPro_sw/libnx/lib\libnx.a(sm.o)
                0x0000000000005840                smInitialize
 *fill*         0x0000000000005abc        0x4 
 .text.smGetServiceWrapper
                0x0000000000005ac0      0x110 C:/devkitPro_sw/libnx/lib\libnx.a(sm.o)
                0x0000000000005ac0                smGetServiceWrapper
 .text._swkbdConfigClear
                0x0000000000005bd0       0x3c C:/devkitPro_sw/libnx/lib\libnx.a(swkbd.o)
 *fill*         0x0000000000005c0c        0x4 
 .text._swkbdInitVersion
                0x0000000000005c10       0xd8 C:/devkitPro_sw/libnx/lib\libnx.a(swkbd.o)
 *fill*         0x0000000000005ce8        0x8 
 .text._swkbdConvertToUTF16.part.0
                0x0000000000005cf0       0x48 C:/devkitPro_sw/libnx/lib\libnx.a(swkbd.o)
 *fill*         0x0000000000005d38        0x8 
 .text._swkbdConvertToUTF8.part.0
                0x0000000000005d40       0x2c C:/devkitPro_sw/libnx/lib\libnx.a(swkbd.o)
 *fill*         0x0000000000005d6c        0x4 
 .text.swkbdCreate
                0x0000000000005d70       0xb8 C:/devkitPro_sw/libnx/lib\libnx.a(swkbd.o)
                0x0000000000005d70                swkbdCreate
 *fill*         0x0000000000005e28        0x8 
 .text.swkbdClose
                0x0000000000005e30       0x30 C:/devkitPro_sw/libnx/lib\libnx.a(swkbd.o)
                0x0000000000005e30                swkbdClose
 .text.swkbdConfigMakePresetDefault
                0x0000000000005e60       0x54 C:/devkitPro_sw/libnx/lib\libnx.a(swkbd.o)
                0x0000000000005e60                swkbdConfigMakePresetDefault
 *fill*         0x0000000000005eb4        0xc 
 .text.swkbdConfigSetGuideText
                0x0000000000005ec0       0x14 C:/devkitPro_sw/libnx/lib\libnx.a(swkbd.o)
                0x0000000000005ec0                swkbdConfigSetGuideText
 *fill*         0x0000000000005ed4        0xc 
 .text.swkbdShow
                0x0000000000005ee0      0x4b0 C:/devkitPro_sw/libnx/lib\libnx.a(swkbd.o)
                0x0000000000005ee0                swkbdShow
 .text.hosversionGet
                0x0000000000006390       0x10 C:/devkitPro_sw/libnx/lib\libnx.a(hosversion.o)
                0x0000000000006390                hosversionGet
 .text.hosversionSet
                0x00000000000063a0       0x10 C:/devkitPro_sw/libnx/lib\libnx.a(hosversion.o)
                0x00000000000063a0                hosversionSet
 .text.envSetup
                0x00000000000063b0      0x234 C:/devkitPro_sw/libnx/lib\libnx.a(env.o)
                0x00000000000063b0                envSetup
 *fill*         0x00000000000065e4        0xc 
 .text.envGetMainThreadHandle
                0x00000000000065f0       0x20 C:/devkitPro_sw/libnx/lib\libnx.a(env.o)
                0x00000000000065f0                envGetMainThreadHandle
 .text.envIsNso
                0x0000000000006610        0xc C:/devkitPro_sw/libnx/lib\libnx.a(env.o)
                0x0000000000006610                envIsNso
 *fill*         0x000000000000661c        0x4 
 .text.envHasHeapOverride
                0x0000000000006620       0x14 C:/devkitPro_sw/libnx/lib\libnx.a(env.o)
                0x0000000000006620                envHasHeapOverride
 *fill*         0x0000000000006634        0xc 
 .text.envGetHeapOverrideAddr
                0x0000000000006640        0xc C:/devkitPro_sw/libnx/lib\libnx.a(env.o)
                0x0000000000006640                envGetHeapOverrideAddr
 *fill*         0x000000000000664c        0x4 
 .text.envGetHeapOverrideSize
                0x0000000000006650        0xc C:/devkitPro_sw/libnx/lib\libnx.a(env.o)
                0x0000000000006650                envGetHeapOverrideSize
 *fill*         0x000000000000665c        0x4 
 .text.envHasArgv
                0x0000000000006660       0x14 C:/devkitPro_sw/libnx/lib\libnx.a(env.o)
                0x0000000000006660                envHasArgv
 *fill*         0x0000000000006674        0xc 
 .text.envGetArgv
                0x0000000000006680        0xc C:/devkitPro_sw/libnx/lib\libnx.a(env.o)
                0x0000000000006680                envGetArgv
 *fill*         0x000000000000668c        0x4 
 .text.envGetExitFuncPtr
                0x0000000000006690        0xc C:/devkitPro_sw/libnx/lib\libnx.a(env.o)
                0x0000000000006690                envGetExitFuncPtr
 *fill*         0x000000000000669c        0x4 
 .text.envSetExitFuncPtr
                0x00000000000066a0        0xc C:/devkitPro_sw/libnx/lib\libnx.a(env.o)
                0x00000000000066a0                envSetExitFuncPtr
 *fill*         0x00000000000066ac        0x4 
 .text.consoleDrawChar
                0x00000000000066b0       0x48 C:/devkitPro_sw/libnx/lib\libnx.a(console.o)
 *fill*         0x00000000000066f8        0x8 
 .text.consoleClearLine
                0x0000000000006700      0x140 C:/devkitPro_sw/libnx/lib\libnx.a(console.o)
 .text.consoleNewRow
                0x0000000000006840       0x48 C:/devkitPro_sw/libnx/lib\libnx.a(console.o)
 *fill*         0x0000000000006888        0x8 
 .text.consolePrintChar
                0x0000000000006890      0x120 C:/devkitPro_sw/libnx/lib\libnx.a(console.o)
 .text.consoleCls
                0x00000000000069b0      0x150 C:/devkitPro_sw/libnx/lib\libnx.a(console.o)
 .text.con_write
                0x0000000000006b00      0x814 C:/devkitPro_sw/libnx/lib\libnx.a(console.o)
 *fill*         0x0000000000007314        0xc 
 .text.consoleInit
                0x0000000000007320      0x11c C:/devkitPro_sw/libnx/lib\libnx.a(console.o)
                0x0000000000007320                consoleInit
 *fill*         0x000000000000743c        0x4 
 .text.consoleExit
                0x0000000000007440       0x48 C:/devkitPro_sw/libnx/lib\libnx.a(console.o)
                0x0000000000007440                consoleExit
 *fill*         0x0000000000007488        0x8 
 .text.consoleUpdate
                0x0000000000007490       0x2c C:/devkitPro_sw/libnx/lib\libnx.a(console.o)
                0x0000000000007490                consoleUpdate
 *fill*         0x00000000000074bc        0x4 
 .text.consoleClear
                0x00000000000074c0        0xc C:/devkitPro_sw/libnx/lib\libnx.a(console.o)
                0x00000000000074c0                consoleClear
 *fill*         0x00000000000074cc        0x4 
 .text.ConsoleSwRenderer_flushAndSwap
                0x00000000000074d0       0x70 C:/devkitPro_sw/libnx/lib\libnx.a(console_sw.o)
 .text.ConsoleSwRenderer_scrollWindow
                0x0000000000007540       0xc8 C:/devkitPro_sw/libnx/lib\libnx.a(console_sw.o)
 *fill*         0x0000000000007608        0x8 
 .text.ConsoleSwRenderer_drawChar
                0x0000000000007610      0x194 C:/devkitPro_sw/libnx/lib\libnx.a(console_sw.o)
 *fill*         0x00000000000077a4        0xc 
 .text.ConsoleSwRenderer_deinit
                0x00000000000077b0       0x3c C:/devkitPro_sw/libnx/lib\libnx.a(console_sw.o)
 *fill*         0x00000000000077ec        0x4 
 .text.ConsoleSwRenderer_init
                0x00000000000077f0       0xf4 C:/devkitPro_sw/libnx/lib\libnx.a(console_sw.o)
 *fill*         0x00000000000078e4        0xc 
 .text.getDefaultConsoleRenderer
                0x00000000000078f0        0xc C:/devkitPro_sw/libnx/lib\libnx.a(console_sw.o)
                0x00000000000078f0                getDefaultConsoleRenderer
 *fill*         0x00000000000078fc        0x4 
 .text.utf16_to_utf8
                0x0000000000007900      0x138 C:/devkitPro_sw/libnx/lib\libnx.a(utf16_to_utf8.o)
                0x0000000000007900                utf16_to_utf8
 *fill*         0x0000000000007a38        0x8 
 .text.decode_utf16
                0x0000000000007a40       0x64 C:/devkitPro_sw/libnx/lib\libnx.a(decode_utf16.o)
                0x0000000000007a40                decode_utf16
 *fill*         0x0000000000007aa4        0xc 
 .text.utf8_to_utf16
                0x0000000000007ab0      0x10c C:/devkitPro_sw/libnx/lib\libnx.a(utf8_to_utf16.o)
                0x0000000000007ab0                utf8_to_utf16
 .text.svcSetHeapSize
                0x0000000000007bbc       0x14 C:/devkitPro_sw/libnx/lib\libnx.a(svc.o)
                0x0000000000007bbc                svcSetHeapSize
 .text.svcSetMemoryAttribute
                0x0000000000007bd0        0x8 C:/devkitPro_sw/libnx/lib\libnx.a(svc.o)
                0x0000000000007bd0                svcSetMemoryAttribute
 .text.svcUnmapMemory
                0x0000000000007bd8        0x8 C:/devkitPro_sw/libnx/lib\libnx.a(svc.o)
                0x0000000000007bd8                svcUnmapMemory
 .text.svcQueryMemory
                0x0000000000007be0       0x14 C:/devkitPro_sw/libnx/lib\libnx.a(svc.o)
                0x0000000000007be0                svcQueryMemory
 .text.svcExitProcess
                0x0000000000007bf4        0x8 C:/devkitPro_sw/libnx/lib\libnx.a(svc.o)
                0x0000000000007bf4                svcExitProcess
 .text.svcSleepThread
                0x0000000000007bfc        0x8 C:/devkitPro_sw/libnx/lib\libnx.a(svc.o)
                0x0000000000007bfc                svcSleepThread
 .text.svcMapSharedMemory
                0x0000000000007c04        0x8 C:/devkitPro_sw/libnx/lib\libnx.a(svc.o)
                0x0000000000007c04                svcMapSharedMemory
 .text.svcUnmapSharedMemory
                0x0000000000007c0c        0x8 C:/devkitPro_sw/libnx/lib\libnx.a(svc.o)
                0x0000000000007c0c                svcUnmapSharedMemory
 .text.svcCreateTransferMemory
                0x0000000000007c14       0x14 C:/devkitPro_sw/libnx/lib\libnx.a(svc.o)
                0x0000000000007c14                svcCreateTransferMemory
 .text.svcCloseHandle
                0x0000000000007c28        0x8 C:/devkitPro_sw/libnx/lib\libnx.a(svc.o)
                0x0000000000007c28                svcCloseHandle
 .text.svcResetSignal
                0x0000000000007c30        0x8 C:/devkitPro_sw/libnx/lib\libnx.a(svc.o)
                0x0000000000007c30                svcResetSignal
 .text.svcWaitSynchronization
                0x0000000000007c38       0x14 C:/devkitPro_sw/libnx/lib\libnx.a(svc.o)
                0x0000000000007c38                svcWaitSynchronization
 .text.svcArbitrateLock
                0x0000000000007c4c        0x8 C:/devkitPro_sw/libnx/lib\libnx.a(svc.o)
                0x0000000000007c4c                svcArbitrateLock
 .text.svcArbitrateUnlock
                0x0000000000007c54        0x8 C:/devkitPro_sw/libnx/lib\libnx.a(svc.o)
                0x0000000000007c54                svcArbitrateUnlock
 .text.svcWaitProcessWideKeyAtomic
                0x0000000000007c5c        0x8 C:/devkitPro_sw/libnx/lib\libnx.a(svc.o)
                0x0000000000007c5c                svcWaitProcessWideKeyAtomic
 .text.svcSignalProcessWideKey
                0x0000000000007c64        0x8 C:/devkitPro_sw/libnx/lib\libnx.a(svc.o)
                0x0000000000007c64                svcSignalProcessWideKey
 .text.svcConnectToNamedPort
                0x0000000000007c6c       0x14 C:/devkitPro_sw/libnx/lib\libnx.a(svc.o)
                0x0000000000007c6c                svcConnectToNamedPort
 .text.svcSendSyncRequest
                0x0000000000007c80        0x8 C:/devkitPro_sw/libnx/lib\libnx.a(svc.o)
                0x0000000000007c80                svcSendSyncRequest
 .text.svcBreak
                0x0000000000007c88        0x8 C:/devkitPro_sw/libnx/lib\libnx.a(svc.o)
                0x0000000000007c88                svcBreak
 .text.svcReturnFromException
                0x0000000000007c90        0x8 C:/devkitPro_sw/libnx/lib\libnx.a(svc.o)
                0x0000000000007c90                svcReturnFromException
 .text.svcGetInfo
                0x0000000000007c98       0x14 C:/devkitPro_sw/libnx/lib\libnx.a(svc.o)
                0x0000000000007c98                svcGetInfo
 .text.svcUnmapTransferMemory
                0x0000000000007cac        0x8 C:/devkitPro_sw/libnx/lib\libnx.a(svc.o)
                0x0000000000007cac                svcUnmapTransferMemory
 *fill*         0x0000000000007cb4        0xc 
 .text.detectKernelVersion
                0x0000000000007cc0      0x17c C:/devkitPro_sw/libnx/lib\libnx.a(detect.o)
                0x0000000000007cc0                detectKernelVersion
 *fill*         0x0000000000007e3c        0x4 
 .text.detectDebugger
                0x0000000000007e40       0x30 C:/devkitPro_sw/libnx/lib\libnx.a(detect.o)
                0x0000000000007e40                detectDebugger
 .text.shmemLoadRemote
                0x0000000000007e70       0x14 C:/devkitPro_sw/libnx/lib\libnx.a(shmem.o)
                0x0000000000007e70                shmemLoadRemote
 *fill*         0x0000000000007e84        0xc 
 .text.shmemMap
                0x0000000000007e90       0x84 C:/devkitPro_sw/libnx/lib\libnx.a(shmem.o)
                0x0000000000007e90                shmemMap
 *fill*         0x0000000000007f14        0xc 
 .text.shmemUnmap
                0x0000000000007f20       0x58 C:/devkitPro_sw/libnx/lib\libnx.a(shmem.o)
                0x0000000000007f20                shmemUnmap
 *fill*         0x0000000000007f78        0x8 
 .text.shmemClose
                0x0000000000007f80       0x44 C:/devkitPro_sw/libnx/lib\libnx.a(shmem.o)
                0x0000000000007f80                shmemClose
 *fill*         0x0000000000007fc4        0xc 
 .text._waitLoop
                0x0000000000007fd0      0x104 C:/devkitPro_sw/libnx/lib\libnx.a(wait.o)
 *fill*         0x00000000000080d4        0xc 
 .text._waitObjectsImpl
                0x00000000000080e0      0x328 C:/devkitPro_sw/libnx/lib\libnx.a(wait.o)
 *fill*         0x0000000000008408        0x8 
 .text.waitObjects
                0x0000000000008410        0xc C:/devkitPro_sw/libnx/lib\libnx.a(wait.o)
                0x0000000000008410                waitObjects
 *fill*         0x000000000000841c        0x4 
 .text.rwlockReadLock
                0x0000000000008420       0x98 C:/devkitPro_sw/libnx/lib\libnx.a(rwlock.o)
                0x0000000000008420                rwlockReadLock
 *fill*         0x00000000000084b8        0x8 
 .text.rwlockReadUnlock
                0x00000000000084c0       0xb4 C:/devkitPro_sw/libnx/lib\libnx.a(rwlock.o)
                0x00000000000084c0                rwlockReadUnlock
 *fill*         0x0000000000008574        0xc 
 .text.rwlockWriteLock
                0x0000000000008580       0xa4 C:/devkitPro_sw/libnx/lib\libnx.a(rwlock.o)
                0x0000000000008580                rwlockWriteLock
 *fill*         0x0000000000008624        0xc 
 .text.rwlockWriteUnlock
                0x0000000000008630       0x78 C:/devkitPro_sw/libnx/lib\libnx.a(rwlock.o)
                0x0000000000008630                rwlockWriteUnlock
 *fill*         0x00000000000086a8        0x8 
 .text.tmemCreate
                0x00000000000086b0       0xa8 C:/devkitPro_sw/libnx/lib\libnx.a(tmem.o)
                0x00000000000086b0                tmemCreate
 *fill*         0x0000000000008758        0x8 
 .text.tmemCreateFromMemory
                0x0000000000008760       0x28 C:/devkitPro_sw/libnx/lib\libnx.a(tmem.o)
                0x0000000000008760                tmemCreateFromMemory
 *fill*         0x0000000000008788        0x8 
 .text.tmemUnmap
                0x0000000000008790       0x58 C:/devkitPro_sw/libnx/lib\libnx.a(tmem.o)
                0x0000000000008790                tmemUnmap
 *fill*         0x00000000000087e8        0x8 
 .text.tmemClose
                0x00000000000087f0       0x68 C:/devkitPro_sw/libnx/lib\libnx.a(tmem.o)
                0x00000000000087f0                tmemClose
 *fill*         0x0000000000008858        0x8 
 .text.mutexLock
                0x0000000000008860       0x8c C:/devkitPro_sw/libnx/lib\libnx.a(mutex.o)
                0x0000000000008860                mutexLock
 *fill*         0x00000000000088ec        0x4 
 .text.mutexUnlock
                0x00000000000088f0       0x30 C:/devkitPro_sw/libnx/lib\libnx.a(mutex.o)
                0x00000000000088f0                mutexUnlock
 .text.rmutexLock
                0x0000000000008920       0x4c C:/devkitPro_sw/libnx/lib\libnx.a(mutex.o)
                0x0000000000008920                rmutexLock
 *fill*         0x000000000000896c        0x4 
 .text.rmutexUnlock
                0x0000000000008970       0x1c C:/devkitPro_sw/libnx/lib\libnx.a(mutex.o)
                0x0000000000008970                rmutexUnlock
 *fill*         0x000000000000898c        0x4 
 .text._GetRegionFromInfo.isra.0
                0x0000000000008990       0x7c C:/devkitPro_sw/libnx/lib\libnx.a(virtmem.o)
 *fill*         0x0000000000008a0c        0x4 
 .text.virtmemSetup
                0x0000000000008a10      0x114 C:/devkitPro_sw/libnx/lib\libnx.a(virtmem.o)
                0x0000000000008a10                virtmemSetup
 *fill*         0x0000000000008b24        0xc 
 .text.virtmemReserve
                0x0000000000008b30      0x124 C:/devkitPro_sw/libnx/lib\libnx.a(virtmem.o)
                0x0000000000008b30                virtmemReserve
 *fill*         0x0000000000008c54        0xc 
 .text.virtmemFree
                0x0000000000008c60        0x4 C:/devkitPro_sw/libnx/lib\libnx.a(virtmem.o)
                0x0000000000008c60                virtmemFree
 *fill*         0x0000000000008c64        0xc 
 .text.eventLoadRemote
                0x0000000000008c70        0xc C:/devkitPro_sw/libnx/lib\libnx.a(event.o)
                0x0000000000008c70                eventLoadRemote
 *fill*         0x0000000000008c7c        0x4 
 .text.eventWait
                0x0000000000008c80       0x38 C:/devkitPro_sw/libnx/lib\libnx.a(event.o)
                0x0000000000008c80                eventWait
 *fill*         0x0000000000008cb8        0x8 
 .text.eventClose
                0x0000000000008cc0       0x50 C:/devkitPro_sw/libnx/lib\libnx.a(event.o)
                0x0000000000008cc0                eventClose
 .text.condvarWaitTimeout
                0x0000000000008d10       0x60 C:/devkitPro_sw/libnx/lib\libnx.a(condvar.o)
                0x0000000000008d10                condvarWaitTimeout
 .text.framebufferMakeLinear
                0x0000000000008d70       0x80 C:/devkitPro_sw/libnx/lib\libnx.a(framebuffer.o)
                0x0000000000008d70                framebufferMakeLinear
 .text.framebufferClose
                0x0000000000008df0       0x84 C:/devkitPro_sw/libnx/lib\libnx.a(framebuffer.o)
                0x0000000000008df0                framebufferClose
 *fill*         0x0000000000008e74        0xc 
 .text.framebufferCreate
                0x0000000000008e80      0x29c C:/devkitPro_sw/libnx/lib\libnx.a(framebuffer.o)
                0x0000000000008e80                framebufferCreate
 *fill*         0x000000000000911c        0x4 
 .text.framebufferBegin
                0x0000000000009120       0x88 C:/devkitPro_sw/libnx/lib\libnx.a(framebuffer.o)
                0x0000000000009120                framebufferBegin
 *fill*         0x00000000000091a8        0x8 
 .text.framebufferEnd
                0x00000000000091b0      0x174 C:/devkitPro_sw/libnx/lib\libnx.a(framebuffer.o)
                0x00000000000091b0                framebufferEnd
 *fill*         0x0000000000009324        0xc 
 .text.nwindowGetDefault
                0x0000000000009330        0xc C:/devkitPro_sw/libnx/lib\libnx.a(default_window.o)
                0x0000000000009330                nwindowGetDefault
 *fill*         0x000000000000933c        0x4 
 .text.__nx_win_init
                0x0000000000009340       0xc0 C:/devkitPro_sw/libnx/lib\libnx.a(default_window.o)
                0x0000000000009340                __nx_win_init
 .text.__nx_win_exit
                0x0000000000009400       0x34 C:/devkitPro_sw/libnx/lib\libnx.a(default_window.o)
                0x0000000000009400                __nx_win_exit
 *fill*         0x0000000000009434        0xc 
 .text._nwindowConnect
                0x0000000000009440       0x54 C:/devkitPro_sw/libnx/lib\libnx.a(native_window.o)
 *fill*         0x0000000000009494        0xc 
 .text._nwindowDisconnect
                0x00000000000094a0       0x40 C:/devkitPro_sw/libnx/lib\libnx.a(native_window.o)
 .text.nwindowIsValid
                0x00000000000094e0       0x24 C:/devkitPro_sw/libnx/lib\libnx.a(native_window.o)
                0x00000000000094e0                nwindowIsValid
 *fill*         0x0000000000009504        0xc 
 .text.nwindowClose
                0x0000000000009510       0x6c C:/devkitPro_sw/libnx/lib\libnx.a(native_window.o)
                0x0000000000009510                nwindowClose
 *fill*         0x000000000000957c        0x4 
 .text.nwindowCreate
                0x0000000000009580       0xd0 C:/devkitPro_sw/libnx/lib\libnx.a(native_window.o)
                0x0000000000009580                nwindowCreate
 .text.nwindowCreateFromLayer
                0x0000000000009650       0x34 C:/devkitPro_sw/libnx/lib\libnx.a(native_window.o)
                0x0000000000009650                nwindowCreateFromLayer
 *fill*         0x0000000000009684        0xc 
 .text.nwindowSetDimensions
                0x0000000000009690       0x88 C:/devkitPro_sw/libnx/lib\libnx.a(native_window.o)
                0x0000000000009690                nwindowSetDimensions
 *fill*         0x0000000000009718        0x8 
 .text.nwindowConfigureBuffer
                0x0000000000009720      0x154 C:/devkitPro_sw/libnx/lib\libnx.a(native_window.o)
                0x0000000000009720                nwindowConfigureBuffer
 *fill*         0x0000000000009874        0xc 
 .text.nwindowDequeueBuffer
                0x0000000000009880      0x1e0 C:/devkitPro_sw/libnx/lib\libnx.a(native_window.o)
                0x0000000000009880                nwindowDequeueBuffer
 .text.nwindowQueueBuffer
                0x0000000000009a60      0x144 C:/devkitPro_sw/libnx/lib\libnx.a(native_window.o)
                0x0000000000009a60                nwindowQueueBuffer
 *fill*         0x0000000000009ba4        0xc 
 .text.nwindowReleaseBuffers
                0x0000000000009bb0       0x7c C:/devkitPro_sw/libnx/lib\libnx.a(native_window.o)
                0x0000000000009bb0                nwindowReleaseBuffers
 *fill*         0x0000000000009c2c        0x4 
 .text.libappletArgsCreate
                0x0000000000009c30       0x3c C:/devkitPro_sw/libnx/lib\libnx.a(libapplet.o)
                0x0000000000009c30                libappletArgsCreate
 *fill*         0x0000000000009c6c        0x4 
 .text.libappletCreateWriteStorage
                0x0000000000009c70       0x68 C:/devkitPro_sw/libnx/lib\libnx.a(libapplet.o)
                0x0000000000009c70                libappletCreateWriteStorage
 *fill*         0x0000000000009cd8        0x8 
 .text.libappletArgsPush
                0x0000000000009ce0       0x48 C:/devkitPro_sw/libnx/lib\libnx.a(libapplet.o)
                0x0000000000009ce0                libappletArgsPush
 *fill*         0x0000000000009d28        0x8 
 .text.libappletPushInData
                0x0000000000009d30       0x38 C:/devkitPro_sw/libnx/lib\libnx.a(libapplet.o)
                0x0000000000009d30                libappletPushInData
 *fill*         0x0000000000009d68        0x8 
 .text.__nx_dynamic
                0x0000000000009d70       0xa0 C:/devkitPro_sw/libnx/lib\libnx.a(dynamic.o)
                0x0000000000009d70                __nx_dynamic
 .text.__libnx_initheap
                0x0000000000009e10       0xd8 C:/devkitPro_sw/libnx/lib\libnx.a(init.o)
                0x0000000000009e10                __libnx_initheap
 *fill*         0x0000000000009ee8        0x8 
 .text.__appInit
                0x0000000000009ef0       0xe8 C:/devkitPro_sw/libnx/lib\libnx.a(init.o)
                0x0000000000009ef0                __appInit
 *fill*         0x0000000000009fd8        0x8 
 .text.__appExit
                0x0000000000009fe0       0x44 C:/devkitPro_sw/libnx/lib\libnx.a(init.o)
                0x0000000000009fe0                __appExit
 *fill*         0x000000000000a024        0xc 
 .text.__libnx_init
                0x000000000000a030       0x28 C:/devkitPro_sw/libnx/lib\libnx.a(init.o)
                0x000000000000a030                __libnx_init
 *fill*         0x000000000000a058        0x8 
 .text.__libnx_exit
                0x000000000000a060       0x20 C:/devkitPro_sw/libnx/lib\libnx.a(init.o)
                0x000000000000a060                __libnx_exit
 .text.__syscall_exit
                0x000000000000a080       0x1c C:/devkitPro_sw/libnx/lib\libnx.a(newlib.o)
                0x000000000000a080                __syscall_exit
 *fill*         0x000000000000a09c        0x4 
 .text.__syscall_getreent
                0x000000000000a0a0       0x34 C:/devkitPro_sw/libnx/lib\libnx.a(newlib.o)
                0x000000000000a0a0                __syscall_getreent
 *fill*         0x000000000000a0d4        0xc 
 .text.__syscall_lock_acquire
                0x000000000000a0e0        0x4 C:/devkitPro_sw/libnx/lib\libnx.a(newlib.o)
                0x000000000000a0e0                __syscall_lock_acquire
 *fill*         0x000000000000a0e4        0xc 
 .text.__syscall_lock_release
                0x000000000000a0f0        0x4 C:/devkitPro_sw/libnx/lib\libnx.a(newlib.o)
                0x000000000000a0f0                __syscall_lock_release
 *fill*         0x000000000000a0f4        0xc 
 .text.__syscall_lock_acquire_recursive
                0x000000000000a100        0x4 C:/devkitPro_sw/libnx/lib\libnx.a(newlib.o)
                0x000000000000a100                __syscall_lock_acquire_recursive
 *fill*         0x000000000000a104        0xc 
 .text.__syscall_lock_release_recursive
                0x000000000000a110        0x4 C:/devkitPro_sw/libnx/lib\libnx.a(newlib.o)
                0x000000000000a110                __syscall_lock_release_recursive
 *fill*         0x000000000000a114        0xc 
 .text.__libnx_init_time
                0x000000000000a120      0x240 C:/devkitPro_sw/libnx/lib\libnx.a(newlib.o)
                0x000000000000a120                __libnx_init_time
 .text.__syscall_gettod_r
                0x000000000000a360       0x8c C:/devkitPro_sw/libnx/lib\libnx.a(newlib.o)
                0x000000000000a360                __syscall_gettod_r
 *fill*         0x000000000000a3ec        0x4 
 .text.newlibSetup
                0x000000000000a3f0       0x84 C:/devkitPro_sw/libnx/lib\libnx.a(newlib.o)
                0x000000000000a3f0                newlibSetup
 *fill*         0x000000000000a474        0xc 
 .text.argvSetup
                0x000000000000a480      0x328 C:/devkitPro_sw/libnx/lib\libnx.a(argv.o)
                0x000000000000a480                argvSetup
 *fill*         0x000000000000a7a8        0x8 
 .text.fsdev_link
                0x000000000000a7b0       0x14 C:/devkitPro_sw/libnx/lib\libnx.a(fs_dev.o)
 *fill*         0x000000000000a7c4        0xc 
 .text.fsdev_dirreset
                0x000000000000a7d0       0x14 C:/devkitPro_sw/libnx/lib\libnx.a(fs_dev.o)
 *fill*         0x000000000000a7e4        0xc 
 .text.fsdev_chmod
                0x000000000000a7f0       0x14 C:/devkitPro_sw/libnx/lib\libnx.a(fs_dev.o)
 *fill*         0x000000000000a804        0xc 
 .text.error_cmp
                0x000000000000a810       0x1c C:/devkitPro_sw/libnx/lib\libnx.a(fs_dev.o)
 *fill*         0x000000000000a82c        0x4 
 .text.fsdev_translate_error
                0x000000000000a830       0x5c C:/devkitPro_sw/libnx/lib\libnx.a(fs_dev.o)
 *fill*         0x000000000000a88c        0x4 
 .text.fsdev_fsync
                0x000000000000a890       0x40 C:/devkitPro_sw/libnx/lib\libnx.a(fs_dev.o)
 .text.fsdev_ftruncate
                0x000000000000a8d0       0x58 C:/devkitPro_sw/libnx/lib\libnx.a(fs_dev.o)
 *fill*         0x000000000000a928        0x8 
 .text.fsdev_dirclose
                0x000000000000a930       0x20 C:/devkitPro_sw/libnx/lib\libnx.a(fs_dev.o)
 .text.fsdev_close
                0x000000000000a950       0x1c C:/devkitPro_sw/libnx/lib\libnx.a(fs_dev.o)
 *fill*         0x000000000000a96c        0x4 
 .text.fsdev_converttimetoutc
                0x000000000000a970       0x80 C:/devkitPro_sw/libnx/lib\libnx.a(fs_dev.o)
 .text.fsdev_fstat
                0x000000000000a9f0       0xd0 C:/devkitPro_sw/libnx/lib\libnx.a(fs_dev.o)
 .text.fsdev_seek
                0x000000000000aac0       0xb0 C:/devkitPro_sw/libnx/lib\libnx.a(fs_dev.o)
 .text.fsdev_read_safe.isra.0
                0x000000000000ab70      0x10c C:/devkitPro_sw/libnx/lib\libnx.a(fs_dev.o)
 *fill*         0x000000000000ac7c        0x4 
 .text.fsdev_read
                0x000000000000ac80       0xc4 C:/devkitPro_sw/libnx/lib\libnx.a(fs_dev.o)
 *fill*         0x000000000000ad44        0xc 
 .text.fsdev_write_safe.isra.0
                0x000000000000ad50       0xfc C:/devkitPro_sw/libnx/lib\libnx.a(fs_dev.o)
 *fill*         0x000000000000ae4c        0x4 
 .text.fsdev_write
                0x000000000000ae50       0xe0 C:/devkitPro_sw/libnx/lib\libnx.a(fs_dev.o)
 .text.fsdevFindDevice.part.0
                0x000000000000af30       0xb8 C:/devkitPro_sw/libnx/lib\libnx.a(fs_dev.o)
 *fill*         0x000000000000afe8        0x8 
 .text.fsdev_getfspath
                0x000000000000aff0      0x214 C:/devkitPro_sw/libnx/lib\libnx.a(fs_dev.o)
 *fill*         0x000000000000b204        0xc 
 .text.fsdev_rmdir
                0x000000000000b210       0x78 C:/devkitPro_sw/libnx/lib\libnx.a(fs_dev.o)
 *fill*         0x000000000000b288        0x8 
 .text.fsdev_statvfs
                0x000000000000b290       0xcc C:/devkitPro_sw/libnx/lib\libnx.a(fs_dev.o)
 *fill*         0x000000000000b35c        0x4 
 .text.fsdev_diropen
                0x000000000000b360       0xf0 C:/devkitPro_sw/libnx/lib\libnx.a(fs_dev.o)
 .text.fsdev_mkdir
                0x000000000000b450       0x78 C:/devkitPro_sw/libnx/lib\libnx.a(fs_dev.o)
 *fill*         0x000000000000b4c8        0x8 
 .text.fsdev_rename
                0x000000000000b4d0      0x104 C:/devkitPro_sw/libnx/lib\libnx.a(fs_dev.o)
 *fill*         0x000000000000b5d4        0xc 
 .text.fsdev_chdir
                0x000000000000b5e0      0x114 C:/devkitPro_sw/libnx/lib\libnx.a(fs_dev.o)
 *fill*         0x000000000000b6f4        0xc 
 .text.fsdev_unlink
                0x000000000000b700       0x78 C:/devkitPro_sw/libnx/lib\libnx.a(fs_dev.o)
 *fill*         0x000000000000b778        0x8 
 .text.fsdev_stat
                0x000000000000b780      0x1c8 C:/devkitPro_sw/libnx/lib\libnx.a(fs_dev.o)
 *fill*         0x000000000000b948        0x8 
 .text.fsdev_open
                0x000000000000b950      0x190 C:/devkitPro_sw/libnx/lib\libnx.a(fs_dev.o)
 .text._fsdevUnmountDeviceStruct.part.0
                0x000000000000bae0       0xa8 C:/devkitPro_sw/libnx/lib\libnx.a(fs_dev.o)
 *fill*         0x000000000000bb88        0x8 
 .text.fsdev_dirnext
                0x000000000000bb90      0x180 C:/devkitPro_sw/libnx/lib\libnx.a(fs_dev.o)
 .text.fsdev_fchmod
                0x000000000000bd10       0x14 C:/devkitPro_sw/libnx/lib\libnx.a(fs_dev.o)
 *fill*         0x000000000000bd24        0xc 
 .text.fsdevMountDevice
                0x000000000000bd30      0x1c8 C:/devkitPro_sw/libnx/lib\libnx.a(fs_dev.o)
                0x000000000000bd30                fsdevMountDevice
 *fill*         0x000000000000bef8        0x8 
 .text.fsdevMountSdmc
                0x000000000000bf00       0x48 C:/devkitPro_sw/libnx/lib\libnx.a(fs_dev.o)
                0x000000000000bf00                fsdevMountSdmc
 *fill*         0x000000000000bf48        0x8 
 .text.__libnx_init_cwd
                0x000000000000bf50       0xcc C:/devkitPro_sw/libnx/lib\libnx.a(fs_dev.o)
                0x000000000000bf50                __libnx_init_cwd
 *fill*         0x000000000000c01c        0x4 
 .text.fsdevUnmountAll
                0x000000000000c020       0x64 C:/devkitPro_sw/libnx/lib\libnx.a(fs_dev.o)
                0x000000000000c020                fsdevUnmountAll
 *fill*         0x000000000000c084        0xc 
 .text.encode_utf16
                0x000000000000c090       0x5c C:/devkitPro_sw/libnx/lib\libnx.a(encode_utf16.o)
                0x000000000000c090                encode_utf16
 *fill*         0x000000000000c0ec        0x4 
 .text.encode_utf8
                0x000000000000c0f0       0xd4 C:/devkitPro_sw/libnx/lib\libnx.a(encode_utf8.o)
                0x000000000000c0f0                encode_utf8
 *fill*         0x000000000000c1c4        0xc 
 .text.decode_utf8
                0x000000000000c1d0      0x12c C:/devkitPro_sw/libnx/lib\libnx.a(decode_utf8.o)
                0x000000000000c1d0                decode_utf8
 .text.armDCacheFlush
                0x000000000000c2fc       0x3c C:/devkitPro_sw/libnx/lib\libnx.a(cache.o)
                0x000000000000c2fc                armDCacheFlush
 .text.__libnx_exception_entry
                0x000000000000c338      0x1c0 C:/devkitPro_sw/libnx/lib\libnx.a(exception.o)
                0x000000000000c338                __libnx_exception_entry
 .text.__libnx_exception_returnentry
                0x000000000000c4f8       0x18 C:/devkitPro_sw/libnx/lib\libnx.a(exception.o)
                0x000000000000c4f8                __libnx_exception_returnentry
 .text.__aarch64_read_tp
                0x000000000000c510        0xc C:/devkitPro_sw/libnx/lib\libnx.a(readtp.o)
                0x000000000000c510                __aarch64_read_tp
 *fill*         0x000000000000c51c        0x4 
 .text._nvSetClientPID
                0x000000000000c520       0xcc C:/devkitPro_sw/libnx/lib\libnx.a(nv.o)
 *fill*         0x000000000000c5ec        0x4 
 .text._nvCleanup
                0x000000000000c5f0       0xd0 C:/devkitPro_sw/libnx/lib\libnx.a(nv.o)
 .text._nvCmdInitialize.constprop.0
                0x000000000000c6c0       0xdc C:/devkitPro_sw/libnx/lib\libnx.a(nv.o)
 *fill*         0x000000000000c79c        0x4 
 .text.nvInitialize
                0x000000000000c7a0      0x23c C:/devkitPro_sw/libnx/lib\libnx.a(nv.o)
                0x000000000000c7a0                nvInitialize
 *fill*         0x000000000000c9dc        0x4 
 .text.nvExit   0x000000000000c9e0       0x44 C:/devkitPro_sw/libnx/lib\libnx.a(nv.o)
                0x000000000000c9e0                nvExit
 *fill*         0x000000000000ca24        0xc 
 .text.nvConvertError
                0x000000000000ca30      0x140 C:/devkitPro_sw/libnx/lib\libnx.a(nv.o)
                0x000000000000ca30                nvConvertError
 .text.nvOpen   0x000000000000cb70      0x110 C:/devkitPro_sw/libnx/lib\libnx.a(nv.o)
                0x000000000000cb70                nvOpen
 .text.nvIoctl  0x000000000000cc80      0x24c C:/devkitPro_sw/libnx/lib\libnx.a(nv.o)
                0x000000000000cc80                nvIoctl
 *fill*         0x000000000000cecc        0x4 
 .text.nvClose  0x000000000000ced0       0xd4 C:/devkitPro_sw/libnx/lib\libnx.a(nv.o)
                0x000000000000ced0                nvClose
 *fill*         0x000000000000cfa4        0xc 
 .text.nvQueryEvent
                0x000000000000cfb0      0x104 C:/devkitPro_sw/libnx/lib\libnx.a(nv.o)
                0x000000000000cfb0                nvQueryEvent
 *fill*         0x000000000000d0b4        0xc 
 .text._timeCleanup
                0x000000000000d0c0      0x1c8 C:/devkitPro_sw/libnx/lib\libnx.a(time.o)
 *fill*         0x000000000000d288        0x8 
 .text._timeCmdNoInOutU64.isra.0.constprop.0
                0x000000000000d290       0xc4 C:/devkitPro_sw/libnx/lib\libnx.a(time.o)
 *fill*         0x000000000000d354        0xc 
 .text._timeCmdGetSession.constprop.0
                0x000000000000d360       0xe4 C:/devkitPro_sw/libnx/lib\libnx.a(time.o)
 *fill*         0x000000000000d444        0xc 
 .text.timeInitialize
                0x000000000000d450      0x1d0 C:/devkitPro_sw/libnx/lib\libnx.a(time.o)
                0x000000000000d450                timeInitialize
 .text.timeExit
                0x000000000000d620       0x44 C:/devkitPro_sw/libnx/lib\libnx.a(time.o)
                0x000000000000d620                timeExit
 *fill*         0x000000000000d664        0xc 
 .text.timeGetServiceSession_SystemClock
                0x000000000000d670       0x38 C:/devkitPro_sw/libnx/lib\libnx.a(time.o)
                0x000000000000d670                timeGetServiceSession_SystemClock
 *fill*         0x000000000000d6a8        0x8 
 .text.timeGetCurrentTime
                0x000000000000d6b0       0x38 C:/devkitPro_sw/libnx/lib\libnx.a(time.o)
                0x000000000000d6b0                timeGetCurrentTime
 *fill*         0x000000000000d6e8        0x8 
 .text.timeToCalendarTimeWithMyRule
                0x000000000000d6f0      0x114 C:/devkitPro_sw/libnx/lib\libnx.a(time.o)
                0x000000000000d6f0                timeToCalendarTimeWithMyRule
 *fill*         0x000000000000d804        0xc 
 .text.timeToPosixTimeWithMyRule
                0x000000000000d810      0x100 C:/devkitPro_sw/libnx/lib\libnx.a(time.o)
                0x000000000000d810                timeToPosixTimeWithMyRule
 .text._viCleanup
                0x000000000000d910      0x1dc C:/devkitPro_sw/libnx/lib\libnx.a(vi.o)
 *fill*         0x000000000000daec        0x4 
 .text._viCmdGetSessionNoParams.constprop.0
                0x000000000000daf0       0xe4 C:/devkitPro_sw/libnx/lib\libnx.a(vi.o)
 *fill*         0x000000000000dbd4        0xc 
 .text._viCmdGetSession.constprop.0
                0x000000000000dbe0       0xe0 C:/devkitPro_sw/libnx/lib\libnx.a(vi.o)
 .text.viInitialize
                0x000000000000dcc0      0x260 C:/devkitPro_sw/libnx/lib\libnx.a(vi.o)
                0x000000000000dcc0                viInitialize
 .text.viExit   0x000000000000df20       0x44 C:/devkitPro_sw/libnx/lib\libnx.a(vi.o)
                0x000000000000df20                viExit
 *fill*         0x000000000000df64        0xc 
 .text.viGetSession_IHOSBinderDriverRelay
                0x000000000000df70        0xc C:/devkitPro_sw/libnx/lib\libnx.a(vi.o)
                0x000000000000df70                viGetSession_IHOSBinderDriverRelay
 *fill*         0x000000000000df7c        0x4 
 .text.viOpenDisplay
                0x000000000000df80      0x11c C:/devkitPro_sw/libnx/lib\libnx.a(vi.o)
                0x000000000000df80                viOpenDisplay
 *fill*         0x000000000000e09c        0x4 
 .text.viCloseDisplay
                0x000000000000e0a0       0xf4 C:/devkitPro_sw/libnx/lib\libnx.a(vi.o)
                0x000000000000e0a0                viCloseDisplay
 *fill*         0x000000000000e194        0xc 
 .text.viCloseLayer
                0x000000000000e1a0       0xf4 C:/devkitPro_sw/libnx/lib\libnx.a(vi.o)
                0x000000000000e1a0                viCloseLayer
 *fill*         0x000000000000e294        0xc 
 .text.viCreateLayer
                0x000000000000e2a0      0x3c4 C:/devkitPro_sw/libnx/lib\libnx.a(vi.o)
                0x000000000000e2a0                viCreateLayer
 *fill*         0x000000000000e664        0xc 
 .text.viSetLayerScalingMode
                0x000000000000e670       0xd4 C:/devkitPro_sw/libnx/lib\libnx.a(vi.o)
                0x000000000000e670                viSetLayerScalingMode
 *fill*         0x000000000000e744        0xc 
 .text._setsysGetFirmwareVersionImpl
                0x000000000000e750       0xd0 C:/devkitPro_sw/libnx/lib\libnx.a(set.o)
 .text._setsysCleanup
                0x000000000000e820       0x68 C:/devkitPro_sw/libnx/lib\libnx.a(set.o)
 *fill*         0x000000000000e888        0x8 
 .text.setsysInitialize
                0x000000000000e890       0xa0 C:/devkitPro_sw/libnx/lib\libnx.a(set.o)
                0x000000000000e890                setsysInitialize
 .text.setsysExit
                0x000000000000e930       0x44 C:/devkitPro_sw/libnx/lib\libnx.a(set.o)
                0x000000000000e930                setsysExit
 *fill*         0x000000000000e974        0xc 
 .text.setsysGetFirmwareVersion
                0x000000000000e980       0x44 C:/devkitPro_sw/libnx/lib\libnx.a(set.o)
                0x000000000000e980                setsysGetFirmwareVersion
 *fill*         0x000000000000e9c4        0xc 
 .text._fsCleanup
                0x000000000000e9d0       0xb4 C:/devkitPro_sw/libnx/lib\libnx.a(fs.o)
 *fill*         0x000000000000ea84        0xc 
 .text._fsCmdNoIO
                0x000000000000ea90      0x1dc C:/devkitPro_sw/libnx/lib\libnx.a(fs.o)
 *fill*         0x000000000000ec6c        0x4 
 .text._fsFsCmdWithInPath
                0x000000000000ec70      0x1d4 C:/devkitPro_sw/libnx/lib\libnx.a(fs.o)
 *fill*         0x000000000000ee44        0xc 
 .text._fsFsCmdWithTwoInPaths
                0x000000000000ee50      0x1fc C:/devkitPro_sw/libnx/lib\libnx.a(fs.o)
 *fill*         0x000000000000f04c        0x4 
 .text._fsFsOpenCommon
                0x000000000000f050      0x22c C:/devkitPro_sw/libnx/lib\libnx.a(fs.o)
 *fill*         0x000000000000f27c        0x4 
 .text._fsFsCmdWithInPathAndOutU64
                0x000000000000f280      0x1f0 C:/devkitPro_sw/libnx/lib\libnx.a(fs.o)
 .text._fsObjectClose
                0x000000000000f470       0xf4 C:/devkitPro_sw/libnx/lib\libnx.a(fs.o)
 *fill*         0x000000000000f564        0xc 
 .text._fsCmdGetSession.constprop.0
                0x000000000000f570      0x16c C:/devkitPro_sw/libnx/lib\libnx.a(fs.o)
 *fill*         0x000000000000f6dc        0x4 
 .text.fsInitialize
                0x000000000000f6e0      0x30c C:/devkitPro_sw/libnx/lib\libnx.a(fs.o)
                0x000000000000f6e0                fsInitialize
 *fill*         0x000000000000f9ec        0x4 
 .text.fsExit   0x000000000000f9f0       0x44 C:/devkitPro_sw/libnx/lib\libnx.a(fs.o)
                0x000000000000f9f0                fsExit
 *fill*         0x000000000000fa34        0xc 
 .text.fsOpenSdCardFileSystem
                0x000000000000fa40        0x8 C:/devkitPro_sw/libnx/lib\libnx.a(fs.o)
                0x000000000000fa40                fsOpenSdCardFileSystem
 *fill*         0x000000000000fa48        0x8 
 .text.fsFsCreateFile
                0x000000000000fa50      0x1e4 C:/devkitPro_sw/libnx/lib\libnx.a(fs.o)
                0x000000000000fa50                fsFsCreateFile
 *fill*         0x000000000000fc34        0xc 
 .text.fsFsDeleteFile
                0x000000000000fc40        0x8 C:/devkitPro_sw/libnx/lib\libnx.a(fs.o)
                0x000000000000fc40                fsFsDeleteFile
 *fill*         0x000000000000fc48        0x8 
 .text.fsFsCreateDirectory
                0x000000000000fc50        0x8 C:/devkitPro_sw/libnx/lib\libnx.a(fs.o)
                0x000000000000fc50                fsFsCreateDirectory
 *fill*         0x000000000000fc58        0x8 
 .text.fsFsDeleteDirectory
                0x000000000000fc60        0x8 C:/devkitPro_sw/libnx/lib\libnx.a(fs.o)
                0x000000000000fc60                fsFsDeleteDirectory
 *fill*         0x000000000000fc68        0x8 
 .text.fsFsRenameFile
                0x000000000000fc70        0x8 C:/devkitPro_sw/libnx/lib\libnx.a(fs.o)
                0x000000000000fc70                fsFsRenameFile
 *fill*         0x000000000000fc78        0x8 
 .text.fsFsRenameDirectory
                0x000000000000fc80        0x8 C:/devkitPro_sw/libnx/lib\libnx.a(fs.o)
                0x000000000000fc80                fsFsRenameDirectory
 *fill*         0x000000000000fc88        0x8 
 .text.fsFsGetEntryType
                0x000000000000fc90      0x1e8 C:/devkitPro_sw/libnx/lib\libnx.a(fs.o)
                0x000000000000fc90                fsFsGetEntryType
 *fill*         0x000000000000fe78        0x8 
 .text.fsFsOpenFile
                0x000000000000fe80        0x8 C:/devkitPro_sw/libnx/lib\libnx.a(fs.o)
                0x000000000000fe80                fsFsOpenFile
 *fill*         0x000000000000fe88        0x8 
 .text.fsFsOpenDirectory
                0x000000000000fe90        0x8 C:/devkitPro_sw/libnx/lib\libnx.a(fs.o)
                0x000000000000fe90                fsFsOpenDirectory
 *fill*         0x000000000000fe98        0x8 
 .text.fsFsGetFreeSpace
                0x000000000000fea0        0x8 C:/devkitPro_sw/libnx/lib\libnx.a(fs.o)
                0x000000000000fea0                fsFsGetFreeSpace
 *fill*         0x000000000000fea8        0x8 
 .text.fsFsGetTotalSpace
                0x000000000000feb0        0x8 C:/devkitPro_sw/libnx/lib\libnx.a(fs.o)
                0x000000000000feb0                fsFsGetTotalSpace
 *fill*         0x000000000000feb8        0x8 
 .text.fsFsGetFileTimeStampRaw
                0x000000000000fec0      0x22c C:/devkitPro_sw/libnx/lib\libnx.a(fs.o)
                0x000000000000fec0                fsFsGetFileTimeStampRaw
 *fill*         0x00000000000100ec        0x4 
 .text.fsFsClose
                0x00000000000100f0        0x4 C:/devkitPro_sw/libnx/lib\libnx.a(fs.o)
                0x00000000000100f0                fsFsClose
 *fill*         0x00000000000100f4        0xc 
 .text.fsFileRead
                0x0000000000010100      0x218 C:/devkitPro_sw/libnx/lib\libnx.a(fs.o)
                0x0000000000010100                fsFileRead
 *fill*         0x0000000000010318        0x8 
 .text.fsFileWrite
                0x0000000000010320      0x208 C:/devkitPro_sw/libnx/lib\libnx.a(fs.o)
                0x0000000000010320                fsFileWrite
 *fill*         0x0000000000010528        0x8 
 .text.fsFileFlush
                0x0000000000010530        0x8 C:/devkitPro_sw/libnx/lib\libnx.a(fs.o)
                0x0000000000010530                fsFileFlush
 *fill*         0x0000000000010538        0x8 
 .text.fsFileSetSize
                0x0000000000010540      0x1e0 C:/devkitPro_sw/libnx/lib\libnx.a(fs.o)
                0x0000000000010540                fsFileSetSize
 .text.fsFileGetSize
                0x0000000000010720      0x1f0 C:/devkitPro_sw/libnx/lib\libnx.a(fs.o)
                0x0000000000010720                fsFileGetSize
 .text.fsFileClose
                0x0000000000010910        0x4 C:/devkitPro_sw/libnx/lib\libnx.a(fs.o)
                0x0000000000010910                fsFileClose
 *fill*         0x0000000000010914        0xc 
 .text.fsDirClose
                0x0000000000010920        0x4 C:/devkitPro_sw/libnx/lib\libnx.a(fs.o)
                0x0000000000010920                fsDirClose
 *fill*         0x0000000000010924        0xc 
 .text.fsDirRead
                0x0000000000010930      0x200 C:/devkitPro_sw/libnx/lib\libnx.a(fs.o)
                0x0000000000010930                fsDirRead
 .text._nvFenceCleanup
                0x0000000000010b30       0x7c C:/devkitPro_sw/libnx/lib\libnx.a(fence.o)
 *fill*         0x0000000000010bac        0x4 
 .text._nvFenceEventWaitCommon
                0x0000000000010bb0       0x60 C:/devkitPro_sw/libnx/lib\libnx.a(fence.o)
 .text.nvFenceInit
                0x0000000000010c10       0x98 C:/devkitPro_sw/libnx/lib\libnx.a(fence.o)
                0x0000000000010c10                nvFenceInit
 *fill*         0x0000000000010ca8        0x8 
 .text.nvFenceExit
                0x0000000000010cb0       0x44 C:/devkitPro_sw/libnx/lib\libnx.a(fence.o)
                0x0000000000010cb0                nvFenceExit
 *fill*         0x0000000000010cf4        0xc 
 .text.nvFenceWait
                0x0000000000010d00      0x1cc C:/devkitPro_sw/libnx/lib\libnx.a(fence.o)
                0x0000000000010d00                nvFenceWait
 *fill*         0x0000000000010ecc        0x4 
 .text.nvMultiFenceWait
                0x0000000000010ed0       0x74 C:/devkitPro_sw/libnx/lib\libnx.a(fence.o)
                0x0000000000010ed0                nvMultiFenceWait
 *fill*         0x0000000000010f44        0xc 
 .text.nvMapInit
                0x0000000000010f50       0xb4 C:/devkitPro_sw/libnx/lib\libnx.a(map.o)
                0x0000000000010f50                nvMapInit
 *fill*         0x0000000000011004        0xc 
 .text.nvMapExit
                0x0000000000011010       0x6c C:/devkitPro_sw/libnx/lib\libnx.a(map.o)
                0x0000000000011010                nvMapExit
 *fill*         0x000000000001107c        0x4 
 .text.nvMapClose
                0x0000000000011080       0x80 C:/devkitPro_sw/libnx/lib\libnx.a(map.o)
                0x0000000000011080                nvMapClose
 .text.nvMapCreate
                0x0000000000011100      0x160 C:/devkitPro_sw/libnx/lib\libnx.a(map.o)
                0x0000000000011100                nvMapCreate
 .text.nvioctlNvhostCtrl_EventSignal
                0x0000000000011260       0x28 C:/devkitPro_sw/libnx/lib\libnx.a(nvhost-ctrl.o)
                0x0000000000011260                nvioctlNvhostCtrl_EventSignal
 *fill*         0x0000000000011288        0x8 
 .text.nvioctlNvhostCtrl_EventWait
                0x0000000000011290       0x44 C:/devkitPro_sw/libnx/lib\libnx.a(nvhost-ctrl.o)
                0x0000000000011290                nvioctlNvhostCtrl_EventWait
 *fill*         0x00000000000112d4        0xc 
 .text.nvioctlNvhostCtrl_EventWaitAsync
                0x00000000000112e0       0x30 C:/devkitPro_sw/libnx/lib\libnx.a(nvhost-ctrl.o)
                0x00000000000112e0                nvioctlNvhostCtrl_EventWaitAsync
 .text.nvioctlNvhostCtrl_EventRegister
                0x0000000000011310       0x28 C:/devkitPro_sw/libnx/lib\libnx.a(nvhost-ctrl.o)
                0x0000000000011310                nvioctlNvhostCtrl_EventRegister
 *fill*         0x0000000000011338        0x8 
 .text.nvioctlNvhostCtrl_EventUnregister
                0x0000000000011340       0x28 C:/devkitPro_sw/libnx/lib\libnx.a(nvhost-ctrl.o)
                0x0000000000011340                nvioctlNvhostCtrl_EventUnregister
 *fill*         0x0000000000011368        0x8 
 .text.nvioctlNvmap_Create
                0x0000000000011370       0x40 C:/devkitPro_sw/libnx/lib\libnx.a(nvmap.o)
                0x0000000000011370                nvioctlNvmap_Create
 .text.nvioctlNvmap_Alloc
                0x00000000000113b0       0x44 C:/devkitPro_sw/libnx/lib\libnx.a(nvmap.o)
                0x00000000000113b0                nvioctlNvmap_Alloc
 *fill*         0x00000000000113f4        0xc 
 .text.nvioctlNvmap_Free
                0x0000000000011400       0x30 C:/devkitPro_sw/libnx/lib\libnx.a(nvmap.o)
                0x0000000000011400                nvioctlNvmap_Free
 .text.nvioctlNvmap_GetId
                0x0000000000011430       0x40 C:/devkitPro_sw/libnx/lib\libnx.a(nvmap.o)
                0x0000000000011430                nvioctlNvmap_GetId
 .text.bqRequestBuffer
                0x0000000000011470       0xd8 C:/devkitPro_sw/libnx/lib\libnx.a(buffer_producer.o)
                0x0000000000011470                bqRequestBuffer
 *fill*         0x0000000000011548        0x8 
 .text.bqDequeueBuffer
                0x0000000000011550      0x168 C:/devkitPro_sw/libnx/lib\libnx.a(buffer_producer.o)
                0x0000000000011550                bqDequeueBuffer
 *fill*         0x00000000000116b8        0x8 
 .text.bqQueueBuffer
                0x00000000000116c0       0xdc C:/devkitPro_sw/libnx/lib\libnx.a(buffer_producer.o)
                0x00000000000116c0                bqQueueBuffer
 *fill*         0x000000000001179c        0x4 
 .text.bqCancelBuffer
                0x00000000000117a0       0x94 C:/devkitPro_sw/libnx/lib\libnx.a(buffer_producer.o)
                0x00000000000117a0                bqCancelBuffer
 *fill*         0x0000000000011834        0xc 
 .text.bqConnect
                0x0000000000011840       0xe8 C:/devkitPro_sw/libnx/lib\libnx.a(buffer_producer.o)
                0x0000000000011840                bqConnect
 *fill*         0x0000000000011928        0x8 
 .text.bqDisconnect
                0x0000000000011930       0x9c C:/devkitPro_sw/libnx/lib\libnx.a(buffer_producer.o)
                0x0000000000011930                bqDisconnect
 *fill*         0x00000000000119cc        0x4 
 .text.bqSetPreallocatedBuffer
                0x00000000000119d0      0x174 C:/devkitPro_sw/libnx/lib\libnx.a(buffer_producer.o)
                0x00000000000119d0                bqSetPreallocatedBuffer
 *fill*         0x0000000000011b44        0xc 
 .text.binderCreate
                0x0000000000011b50       0x18 C:/devkitPro_sw/libnx/lib\libnx.a(binder.o)
                0x0000000000011b50                binderCreate
 *fill*         0x0000000000011b68        0x8 
 .text.binderTransactParcel
                0x0000000000011b70      0x39c C:/devkitPro_sw/libnx/lib\libnx.a(binder.o)
                0x0000000000011b70                binderTransactParcel
 *fill*         0x0000000000011f0c        0x4 
 .text.binderConvertErrorCode
                0x0000000000011f10      0x124 C:/devkitPro_sw/libnx/lib\libnx.a(binder.o)
                0x0000000000011f10                binderConvertErrorCode
 *fill*         0x0000000000012034        0xc 
 .text.binderAdjustRefcount
                0x0000000000012040      0x120 C:/devkitPro_sw/libnx/lib\libnx.a(binder.o)
                0x0000000000012040                binderAdjustRefcount
 .text.binderInitSession
                0x0000000000012160       0x98 C:/devkitPro_sw/libnx/lib\libnx.a(binder.o)
                0x0000000000012160                binderInitSession
 *fill*         0x00000000000121f8        0x8 
 .text.binderClose
                0x0000000000012200       0x68 C:/devkitPro_sw/libnx/lib\libnx.a(binder.o)
                0x0000000000012200                binderClose
 *fill*         0x0000000000012268        0x8 
 .text.binderGetNativeHandle
                0x0000000000012270      0x154 C:/devkitPro_sw/libnx/lib\libnx.a(binder.o)
                0x0000000000012270                binderGetNativeHandle
 *fill*         0x00000000000123c4        0xc 
 .text.parcelCreate
                0x00000000000123d0       0x30 C:/devkitPro_sw/libnx/lib\libnx.a(parcel.o)
                0x00000000000123d0                parcelCreate
 .text.parcelTransact
                0x0000000000012400      0x19c C:/devkitPro_sw/libnx/lib\libnx.a(parcel.o)
                0x0000000000012400                parcelTransact
 *fill*         0x000000000001259c        0x4 
 .text.parcelWriteData
                0x00000000000125a0       0x88 C:/devkitPro_sw/libnx/lib\libnx.a(parcel.o)
                0x00000000000125a0                parcelWriteData
 *fill*         0x0000000000012628        0x8 
 .text.parcelReadData
                0x0000000000012630       0x98 C:/devkitPro_sw/libnx/lib\libnx.a(parcel.o)
                0x0000000000012630                parcelReadData
 *fill*         0x00000000000126c8        0x8 
 .text.parcelWriteInt32
                0x00000000000126d0       0x20 C:/devkitPro_sw/libnx/lib\libnx.a(parcel.o)
                0x00000000000126d0                parcelWriteInt32
 .text.parcelWriteUInt32
                0x00000000000126f0       0x20 C:/devkitPro_sw/libnx/lib\libnx.a(parcel.o)
                0x00000000000126f0                parcelWriteUInt32
 .text.parcelWriteString16
                0x0000000000012710       0x7c C:/devkitPro_sw/libnx/lib\libnx.a(parcel.o)
                0x0000000000012710                parcelWriteString16
 *fill*         0x000000000001278c        0x4 
 .text.parcelWriteInterfaceToken
                0x0000000000012790       0x30 C:/devkitPro_sw/libnx/lib\libnx.a(parcel.o)
                0x0000000000012790                parcelWriteInterfaceToken
 .text.parcelReadInt32
                0x00000000000127c0       0x24 C:/devkitPro_sw/libnx/lib\libnx.a(parcel.o)
                0x00000000000127c0                parcelReadInt32
 *fill*         0x00000000000127e4        0xc 
 .text.parcelReadFlattenedObject
                0x00000000000127f0       0x68 C:/devkitPro_sw/libnx/lib\libnx.a(parcel.o)
                0x00000000000127f0                parcelReadFlattenedObject
 *fill*         0x0000000000012858        0x8 
 .text.parcelWriteFlattenedObject
                0x0000000000012860       0x4c C:/devkitPro_sw/libnx/lib\libnx.a(parcel.o)
                0x0000000000012860                parcelWriteFlattenedObject
 *fill*         0x00000000000128ac        0x4 
 .text.nxlinkSetup
                0x00000000000128b0       0xc4 C:/devkitPro_sw/libnx/lib\libnx.a(nxlink.o)
                0x00000000000128b0                nxlinkSetup
 *fill*         0x0000000000012974        0xc 
 .text.sessionmgrCreate
                0x0000000000012980      0x180 C:/devkitPro_sw/libnx/lib\libnx.a(sessionmgr.o)
                0x0000000000012980                sessionmgrCreate
 .text.sessionmgrClose
                0x0000000000012b00       0x84 C:/devkitPro_sw/libnx/lib\libnx.a(sessionmgr.o)
                0x0000000000012b00                sessionmgrClose
 *fill*         0x0000000000012b84        0xc 
 .text.sessionmgrAttachClient
                0x0000000000012b90       0xa4 C:/devkitPro_sw/libnx/lib\libnx.a(sessionmgr.o)
                0x0000000000012b90                sessionmgrAttachClient
 *fill*         0x0000000000012c34        0xc 
 .text.sessionmgrDetachClient
                0x0000000000012c40       0x74 C:/devkitPro_sw/libnx/lib\libnx.a(sessionmgr.o)
                0x0000000000012c40                sessionmgrDetachClient
 *fill*         0x0000000000012cb4        0x4 
 .text.aligned_alloc
                0x0000000000012cb8       0x3c c:/devkitpro_sw/devkita64/bin/../lib/gcc/aarch64-none-elf/9.2.0/../../../../aarch64-none-elf/lib/pic\libg.a(lib_a-aligned_alloc.o)
                0x0000000000012cb8                aligned_alloc
 *fill*         0x0000000000012cf4        0x4 
 .text.atol     0x0000000000012cf8        0xc c:/devkitpro_sw/devkita64/bin/../lib/gcc/aarch64-none-elf/9.2.0/../../../../aarch64-none-elf/lib/pic\libg.a(lib_a-atol.o)
                0x0000000000012cf8                atol
 *fill*         0x0000000000012d04        0x4 
 .text.bsearch  0x0000000000012d08       0xb8 c:/devkitpro_sw/devkita64/bin/../lib/gcc/aarch64-none-elf/9.2.0/../../../../aarch64-none-elf/lib/pic\libg.a(lib_a-bsearch.o)
                0x0000000000012d08                bsearch
 .text.calloc   0x0000000000012dc0       0x2c c:/devkitpro_sw/devkita64/bin/../lib/gcc/aarch64-none-elf/9.2.0/../../../../aarch64-none-elf/lib/pic\libg.a(lib_a-calloc.o)
                0x0000000000012dc0                calloc
 *fill*         0x0000000000012dec        0x4 
 .text._calloc_r
                0x0000000000012df0       0x94 c:/devkitpro_sw/devkita64/bin/../lib/gcc/aarch64-none-elf/9.2.0/../../../../aarch64-none-elf/lib/pic\libg.a(lib_a-callocr.o)
                0x0000000000012df0                _calloc_r
 *fill*         0x0000000000012e84        0x4 
 .text.__errno  0x0000000000012e88       0x14 c:/devkitpro_sw/devkita64/bin/../lib/gcc/aarch64-none-elf/9.2.0/../../../../aarch64-none-elf/lib/pic\libg.a(lib_a-errno.o)
                0x0000000000012e88                __errno
 *fill*         0x0000000000012e9c        0x4 
 .text.__libc_fini_array
                0x0000000000012ea0       0x4c c:/devkitpro_sw/devkita64/bin/../lib/gcc/aarch64-none-elf/9.2.0/../../../../aarch64-none-elf/lib/pic\libg.a(lib_a-fini.o)
                0x0000000000012ea0                __libc_fini_array
 *fill*         0x0000000000012eec        0x4 
 .text.gmtime   0x0000000000012ef0       0x2c c:/devkitpro_sw/devkita64/bin/../lib/gcc/aarch64-none-elf/9.2.0/../../../../aarch64-none-elf/lib/pic\libg.a(lib_a-gmtime.o)
                0x0000000000012ef0                gmtime
 *fill*         0x0000000000012f1c        0x4 
 .text.gmtime_r
                0x0000000000012f20      0x29c c:/devkitpro_sw/devkita64/bin/../lib/gcc/aarch64-none-elf/9.2.0/../../../../aarch64-none-elf/lib/pic\libg.a(lib_a-gmtime_r.o)
                0x0000000000012f20                gmtime_r
 *fill*         0x00000000000131bc        0x4 
 .text.__libc_init_array
                0x00000000000131c0       0x9c c:/devkitpro_sw/devkita64/bin/../lib/gcc/aarch64-none-elf/9.2.0/../../../../aarch64-none-elf/lib/pic\libg.a(lib_a-init.o)
                0x00000000000131c0                __libc_init_array
 *fill*         0x000000000001325c        0x4 
 .text.memalign
                0x0000000000013260       0x2c c:/devkitpro_sw/devkita64/bin/../lib/gcc/aarch64-none-elf/9.2.0/../../../../aarch64-none-elf/lib/pic\libg.a(lib_a-malign.o)
                0x0000000000013260                memalign
 *fill*         0x000000000001328c        0x4 
 .text._memalign_r
                0x0000000000013290      0x1a0 c:/devkitpro_sw/devkita64/bin/../lib/gcc/aarch64-none-elf/9.2.0/../../../../aarch64-none-elf/lib/pic\libg.a(lib_a-malignr.o)
                0x0000000000013290                _memalign_r
 .text.malloc   0x0000000000013430       0x24 c:/devkitpro_sw/devkita64/bin/../lib/gcc/aarch64-none-elf/9.2.0/../../../../aarch64-none-elf/lib/pic\libg.a(lib_a-malloc.o)
                0x0000000000013430                malloc
 *fill*         0x0000000000013454        0x4 
 .text.free     0x0000000000013458       0x24 c:/devkitpro_sw/devkita64/bin/../lib/gcc/aarch64-none-elf/9.2.0/../../../../aarch64-none-elf/lib/pic\libg.a(lib_a-malloc.o)
                0x0000000000013458                free
 *fill*         0x000000000001347c        0x4 
 .text._malloc_r
                0x0000000000013480      0x874 c:/devkitpro_sw/devkita64/bin/../lib/gcc/aarch64-none-elf/9.2.0/../../../../aarch64-none-elf/lib/pic\libg.a(lib_a-mallocr.o)
                0x0000000000013480                _malloc_r
 .text          0x0000000000013cf4       0xd8 c:/devkitpro_sw/devkita64/bin/../lib/gcc/aarch64-none-elf/9.2.0/../../../../aarch64-none-elf/lib/pic\libg.a(lib_a-memchr.o)
                0x0000000000013cf4                memchr
 *fill*         0x0000000000013dcc       0x34 
 .text          0x0000000000013e00      0x16c c:/devkitpro_sw/devkita64/bin/../lib/gcc/aarch64-none-elf/9.2.0/../../../../aarch64-none-elf/lib/pic\libg.a(lib_a-memcpy.o)
                0x0000000000013e00                memcpy
 *fill*         0x0000000000013f6c       0x14 
 .text          0x0000000000013f80      0x1dc c:/devkitpro_sw/devkita64/bin/../lib/gcc/aarch64-none-elf/9.2.0/../../../../aarch64-none-elf/lib/pic\libg.a(lib_a-memset.o)
                0x0000000000013f80                memset
 *fill*         0x000000000001415c        0x4 
 .text.__malloc_lock
                0x0000000000014160        0xc c:/devkitpro_sw/devkita64/bin/../lib/gcc/aarch64-none-elf/9.2.0/../../../../aarch64-none-elf/lib/pic\libg.a(lib_a-mlock.o)
                0x0000000000014160                __malloc_lock
 *fill*         0x000000000001416c        0x4 
 .text.__malloc_unlock
                0x0000000000014170        0xc c:/devkitpro_sw/devkita64/bin/../lib/gcc/aarch64-none-elf/9.2.0/../../../../aarch64-none-elf/lib/pic\libg.a(lib_a-mlock.o)
                0x0000000000014170                __malloc_unlock
 *fill*         0x000000000001417c        0x4 
 .text.printf   0x0000000000014180       0x90 c:/devkitpro_sw/devkita64/bin/../lib/gcc/aarch64-none-elf/9.2.0/../../../../aarch64-none-elf/lib/pic\libg.a(lib_a-printf.o)
                0x0000000000014180                printf
 .text._puts_r  0x0000000000014210       0xd0 c:/devkitpro_sw/devkita64/bin/../lib/gcc/aarch64-none-elf/9.2.0/../../../../aarch64-none-elf/lib/pic\libg.a(lib_a-puts.o)
                0x0000000000014210                _puts_r
 .text.puts     0x00000000000142e0       0x24 c:/devkitpro_sw/devkita64/bin/../lib/gcc/aarch64-none-elf/9.2.0/../../../../aarch64-none-elf/lib/pic\libg.a(lib_a-puts.o)
                0x00000000000142e0                puts
 *fill*         0x0000000000014304        0x4 
 .text.srand    0x0000000000014308       0x24 c:/devkitpro_sw/devkita64/bin/../lib/gcc/aarch64-none-elf/9.2.0/../../../../aarch64-none-elf/lib/pic\libg.a(lib_a-rand.o)
                0x0000000000014308                srand
 *fill*         0x000000000001432c        0x4 
 .text.rand     0x0000000000014330       0x38 c:/devkitpro_sw/devkita64/bin/../lib/gcc/aarch64-none-elf/9.2.0/../../../../aarch64-none-elf/lib/pic\libg.a(lib_a-rand.o)
                0x0000000000014330                rand
 .text.setenv   0x0000000000014368       0x3c c:/devkitpro_sw/devkita64/bin/../lib/gcc/aarch64-none-elf/9.2.0/../../../../aarch64-none-elf/lib/pic\libg.a(lib_a-setenv.o)
                0x0000000000014368                setenv
 *fill*         0x00000000000143a4        0x4 
 .text._setenv_r
                0x00000000000143a8      0x268 c:/devkitpro_sw/devkita64/bin/../lib/gcc/aarch64-none-elf/9.2.0/../../../../aarch64-none-elf/lib/pic\libg.a(lib_a-setenv_r.o)
                0x00000000000143a8                _setenv_r
 .text.setvbuf  0x0000000000014610      0x278 c:/devkitpro_sw/devkita64/bin/../lib/gcc/aarch64-none-elf/9.2.0/../../../../aarch64-none-elf/lib/pic\libg.a(lib_a-setvbuf.o)
                0x0000000000014610                setvbuf
 .text.sscanf   0x0000000000014888       0xc0 c:/devkitpro_sw/devkita64/bin/../lib/gcc/aarch64-none-elf/9.2.0/../../../../aarch64-none-elf/lib/pic\libg.a(lib_a-sscanf.o)
                0x0000000000014888                sscanf
 .text.__sread  0x0000000000014948       0x50 c:/devkitpro_sw/devkita64/bin/../lib/gcc/aarch64-none-elf/9.2.0/../../../../aarch64-none-elf/lib/pic\libg.a(lib_a-stdio.o)
                0x0000000000014948                __sread
 .text.__seofread
                0x0000000000014998        0x8 c:/devkitpro_sw/devkita64/bin/../lib/gcc/aarch64-none-elf/9.2.0/../../../../aarch64-none-elf/lib/pic\libg.a(lib_a-stdio.o)
                0x0000000000014998                __seofread
 .text.__swrite
                0x00000000000149a0       0x6c c:/devkitpro_sw/devkita64/bin/../lib/gcc/aarch64-none-elf/9.2.0/../../../../aarch64-none-elf/lib/pic\libg.a(lib_a-stdio.o)
                0x00000000000149a0                __swrite
 *fill*         0x0000000000014a0c        0x4 
 .text.__sseek  0x0000000000014a10       0x50 c:/devkitpro_sw/devkita64/bin/../lib/gcc/aarch64-none-elf/9.2.0/../../../../aarch64-none-elf/lib/pic\libg.a(lib_a-stdio.o)
                0x0000000000014a10                __sseek
 .text.__sclose
                0x0000000000014a60        0x8 c:/devkitpro_sw/devkita64/bin/../lib/gcc/aarch64-none-elf/9.2.0/../../../../aarch64-none-elf/lib/pic\libg.a(lib_a-stdio.o)
                0x0000000000014a60                __sclose
 .text          0x0000000000014a68       0xdc c:/devkitpro_sw/devkita64/bin/../lib/gcc/aarch64-none-elf/9.2.0/../../../../aarch64-none-elf/lib/pic\libg.a(lib_a-strchr.o)
                0x0000000000014a68                strchr
 *fill*         0x0000000000014b44       0x3c 
 .text          0x0000000000014b80       0xe4 c:/devkitpro_sw/devkita64/bin/../lib/gcc/aarch64-none-elf/9.2.0/../../../../aarch64-none-elf/lib/pic\libg.a(lib_a-strcmp.o)
                0x0000000000014b80                strcmp
 *fill*         0x0000000000014c64       0x1c 
 .text          0x0000000000014c80      0x140 c:/devkitpro_sw/devkita64/bin/../lib/gcc/aarch64-none-elf/9.2.0/../../../../aarch64-none-elf/lib/pic\libg.a(lib_a-strlen.o)
                0x0000000000014c80                strlen
 .text.strncat  0x0000000000014dc0       0x84 c:/devkitpro_sw/devkita64/bin/../lib/gcc/aarch64-none-elf/9.2.0/../../../../aarch64-none-elf/lib/pic\libg.a(lib_a-strncat.o)
                0x0000000000014dc0                strncat
 *fill*         0x0000000000014e44       0x3c 
 .text          0x0000000000014e80      0x1d4 c:/devkitpro_sw/devkita64/bin/../lib/gcc/aarch64-none-elf/9.2.0/../../../../aarch64-none-elf/lib/pic\libg.a(lib_a-strncmp.o)
                0x0000000000014e9c                strncmp
 *fill*         0x0000000000015054        0x4 
 .text.strncpy  0x0000000000015058       0x9c c:/devkitpro_sw/devkita64/bin/../lib/gcc/aarch64-none-elf/9.2.0/../../../../aarch64-none-elf/lib/pic\libg.a(lib_a-strncpy.o)
                0x0000000000015058                strncpy
 *fill*         0x00000000000150f4        0xc 
 .text          0x0000000000015100       0xe0 c:/devkitpro_sw/devkita64/bin/../lib/gcc/aarch64-none-elf/9.2.0/../../../../aarch64-none-elf/lib/pic\libg.a(lib_a-strnlen.o)
                0x0000000000015124                strnlen
 .text._strtol_l.isra.0
                0x00000000000151e0      0x19c c:/devkitpro_sw/devkita64/bin/../lib/gcc/aarch64-none-elf/9.2.0/../../../../aarch64-none-elf/lib/pic\libg.a(lib_a-strtol.o)
 *fill*         0x000000000001537c        0x4 
 .text._strtol_r
                0x0000000000015380       0x44 c:/devkitpro_sw/devkita64/bin/../lib/gcc/aarch64-none-elf/9.2.0/../../../../aarch64-none-elf/lib/pic\libg.a(lib_a-strtol.o)
                0x0000000000015380                _strtol_r
 *fill*         0x00000000000153c4        0x4 
 .text.strtol   0x00000000000153c8       0x48 c:/devkitpro_sw/devkita64/bin/../lib/gcc/aarch64-none-elf/9.2.0/../../../../aarch64-none-elf/lib/pic\libg.a(lib_a-strtol.o)
                0x00000000000153c8                strtol
 .text._strtoul_l.isra.0
                0x0000000000015410      0x1ac c:/devkitpro_sw/devkita64/bin/../lib/gcc/aarch64-none-elf/9.2.0/../../../../aarch64-none-elf/lib/pic\libg.a(lib_a-strtoul.o)
 *fill*         0x00000000000155bc        0x4 
 .text._strtoul_r
                0x00000000000155c0       0x44 c:/devkitpro_sw/devkita64/bin/../lib/gcc/aarch64-none-elf/9.2.0/../../../../aarch64-none-elf/lib/pic\libg.a(lib_a-strtoul.o)
                0x00000000000155c0                _strtoul_r
 *fill*         0x0000000000015604        0x4 
 .text.strtoul  0x0000000000015608       0x48 c:/devkitpro_sw/devkita64/bin/../lib/gcc/aarch64-none-elf/9.2.0/../../../../aarch64-none-elf/lib/pic\libg.a(lib_a-strtoul.o)
                0x0000000000015608                strtoul
 .text.get_arg  0x0000000000015650       0x74 c:/devkitpro_sw/devkita64/bin/../lib/gcc/aarch64-none-elf/9.2.0/../../../../aarch64-none-elf/lib/pic\libg.a(lib_a-svfscanf.o)
 .text.__ssvfscanf_r
                0x00000000000156c4     0x3204 c:/devkitpro_sw/devkita64/bin/../lib/gcc/aarch64-none-elf/9.2.0/../../../../aarch64-none-elf/lib/pic\libg.a(lib_a-svfscanf.o)
                0x00000000000156c4                __ssvfscanf_r
 .text.time     0x00000000000188c8       0x40 c:/devkitpro_sw/devkita64/bin/../lib/gcc/aarch64-none-elf/9.2.0/../../../../aarch64-none-elf/lib/pic\libg.a(lib_a-time.o)
                0x00000000000188c8                time
 .text.get_arg  0x0000000000018908      0x784 c:/devkitpro_sw/devkita64/bin/../lib/gcc/aarch64-none-elf/9.2.0/../../../../aarch64-none-elf/lib/pic\libg.a(lib_a-vfprintf.o)
 .text._vfprintf_r
                0x000000000001908c     0x3cc4 c:/devkitpro_sw/devkita64/bin/../lib/gcc/aarch64-none-elf/9.2.0/../../../../aarch64-none-elf/lib/pic\libg.a(lib_a-vfprintf.o)
                0x000000000001908c                _vfprintf_r
 .text.__sbprintf
                0x000000000001cd50       0xf4 c:/devkitpro_sw/devkita64/bin/../lib/gcc/aarch64-none-elf/9.2.0/../../../../aarch64-none-elf/lib/pic\libg.a(lib_a-vfprintf.o)
 *fill*         0x000000000001ce44        0x4 
 .text._wcrtomb_r
                0x000000000001ce48       0xd0 c:/devkitpro_sw/devkita64/bin/../lib/gcc/aarch64-none-elf/9.2.0/../../../../aarch64-none-elf/lib/pic\libg.a(lib_a-wcrtomb.o)
                0x000000000001ce48                _wcrtomb_r
 .text._wcsrtombs_r
                0x000000000001cf18       0x10 c:/devkitpro_sw/devkita64/bin/../lib/gcc/aarch64-none-elf/9.2.0/../../../../aarch64-none-elf/lib/pic\libg.a(lib_a-wcsrtombs.o)
                0x000000000001cf18                _wcsrtombs_r
 .text.__swsetup_r
                0x000000000001cf28      0x138 c:/devkitpro_sw/devkita64/bin/../lib/gcc/aarch64-none-elf/9.2.0/../../../../aarch64-none-elf/lib/pic\libg.a(lib_a-wsetup.o)
                0x000000000001cf28                __swsetup_r
 .text.__call_exitprocs