Archive member included to satisfy reference by file (symbol)

C:/devkitPro_sw/libnx/lib\libnx.a(applet.o)
                              main.o (appletMainLoop)
C:/devkitPro_sw/libnx/lib\libnx.a(hid.o)
                              main.o (hidKeysDown)
C:/devkitPro_sw/libnx/lib\libnx.a(apm.o)
                              C:/devkitPro_sw/libnx/lib\libnx.a(applet.o) (apmInitialize)
C:/devkitPro_sw/libnx/lib\libnx.a(fatal.o)
                              C:/devkitPro_sw/libnx/lib\libnx.a(applet.o) (fatalThrow)
C:/devkitPro_sw/libnx/lib\libnx.a(sm.o)
                              C:/devkitPro_sw/libnx/lib\libnx.a(fatal.o) (smExit)
C:/devkitPro_sw/libnx/lib\libnx.a(hosversion.o)
                              C:/devkitPro_sw/libnx/lib\libnx.a(applet.o) (hosversionGet)
C:/devkitPro_sw/libnx/lib\libnx.a(env.o)
                              C:/devkitPro_sw/libnx/lib\libnx.a(applet.o) (envIsNso)
C:/devkitPro_sw/libnx/lib\libnx.a(console.o)
                              main.o (consoleInit)
C:/devkitPro_sw/libnx/lib\libnx.a(console_sw.o)
                              C:/devkitPro_sw/libnx/lib\libnx.a(console.o) (getDefaultConsoleRenderer)
C:/devkitPro_sw/libnx/lib\libnx.a(svc.o)
                              C:/devkitPro_sw/libnx/lib\libnx.a(applet.o) (svcExitProcess)
C:/devkitPro_sw/libnx/lib\libnx.a(switch_crt0.o)
                              (_start)
C:/devkitPro_sw/libnx/lib\libnx.a(default_font.bin.o)
                              C:/devkitPro_sw/libnx/lib\libnx.a(console.o) (default_font_bin)
C:/devkitPro_sw/libnx/lib\libnx.a(detect.o)
                              C:/devkitPro_sw/libnx/lib\libnx.a(fatal.o) (detectKernelVersion)
C:/devkitPro_sw/libnx/lib\libnx.a(shmem.o)
                              C:/devkitPro_sw/libnx/lib\libnx.a(hid.o) (shmemLoadRemote)
C:/devkitPro_sw/libnx/lib\libnx.a(wait.o)
                              C:/devkitPro_sw/libnx/lib\libnx.a(applet.o) (waitObjects)
C:/devkitPro_sw/libnx/lib\libnx.a(rwlock.o)
                              C:/devkitPro_sw/libnx/lib\libnx.a(hid.o) (rwlockReadLock)
C:/devkitPro_sw/libnx/lib\libnx.a(tmem.o)
                              C:/devkitPro_sw/libnx/lib\libnx.a(applet.o) (tmemCreate)
C:/devkitPro_sw/libnx/lib\libnx.a(mutex.o)
                              C:/devkitPro_sw/libnx/lib\libnx.a(applet.o) (mutexLock)
C:/devkitPro_sw/libnx/lib\libnx.a(virtmem.o)
                              C:/devkitPro_sw/libnx/lib\libnx.a(shmem.o) (virtmemReserve)
C:/devkitPro_sw/libnx/lib\libnx.a(event.o)
                              C:/devkitPro_sw/libnx/lib\libnx.a(applet.o) (eventLoadRemote)
C:/devkitPro_sw/libnx/lib\libnx.a(condvar.o)
                              C:/devkitPro_sw/libnx/lib\libnx.a(rwlock.o) (condvarWaitTimeout)
C:/devkitPro_sw/libnx/lib\libnx.a(framebuffer.o)
                              C:/devkitPro_sw/libnx/lib\libnx.a(console_sw.o) (framebufferMakeLinear)
C:/devkitPro_sw/libnx/lib\libnx.a(default_window.o)
                              C:/devkitPro_sw/libnx/lib\libnx.a(console_sw.o) (nwindowGetDefault)
C:/devkitPro_sw/libnx/lib\libnx.a(native_window.o)
                              C:/devkitPro_sw/libnx/lib\libnx.a(framebuffer.o) (nwindowIsValid)
C:/devkitPro_sw/libnx/lib\libnx.a(dynamic.o)
                              C:/devkitPro_sw/libnx/lib\libnx.a(switch_crt0.o) (__nx_dynamic)
C:/devkitPro_sw/libnx/lib\libnx.a(init.o)
                              C:/devkitPro_sw/libnx/lib\libnx.a(switch_crt0.o) (__libnx_init)
C:/devkitPro_sw/libnx/lib\libnx.a(newlib.o)
                              C:/devkitPro_sw/libnx/lib\libnx.a(init.o) (__libnx_init_time)
C:/devkitPro_sw/libnx/lib\libnx.a(argv.o)
                              C:/devkitPro_sw/libnx/lib\libnx.a(init.o) (argvSetup)
C:/devkitPro_sw/libnx/lib\libnx.a(fs_dev.o)
                              C:/devkitPro_sw/libnx/lib\libnx.a(init.o) (fsdevMountSdmc)
C:/devkitPro_sw/libnx/lib\libnx.a(decode_utf8.o)
                              C:/devkitPro_sw/libnx/lib\libnx.a(fs_dev.o) (decode_utf8)
C:/devkitPro_sw/libnx/lib\libnx.a(cache.o)
                              C:/devkitPro_sw/libnx/lib\libnx.a(framebuffer.o) (armDCacheFlush)
C:/devkitPro_sw/libnx/lib\libnx.a(exception.o)
                              C:/devkitPro_sw/libnx/lib\libnx.a(switch_crt0.o) (__libnx_exception_entry)
C:/devkitPro_sw/libnx/lib\libnx.a(readtp.o)
                              C:/devkitPro_sw/libnx/lib\libnx.a(fs_dev.o) (__aarch64_read_tp)
C:/devkitPro_sw/libnx/lib\libnx.a(thread.o)
                              C:/devkitPro_sw/libnx/lib\libnx.a(newlib.o) (threadCreate)
C:/devkitPro_sw/libnx/lib\libnx.a(nv.o)
                              C:/devkitPro_sw/libnx/lib\libnx.a(framebuffer.o) (nvInitialize)
C:/devkitPro_sw/libnx/lib\libnx.a(time.o)
                              C:/devkitPro_sw/libnx/lib\libnx.a(init.o) (timeInitialize)
C:/devkitPro_sw/libnx/lib\libnx.a(vi.o)
[...]
Memory Configuration

Name             Origin             Length             Attributes
*default*        0x0000000000000000 0xffffffffffffffff

Linker script and memory map

                0x0000000000000000                PROVIDE (__start__ = 0x0)
                0x0000000000000000                . = __start__
                0x0000000000000000                __code_start = .

.crt0           0x0000000000000000      0x158
 *(.crt0)
 .crt0          0x0000000000000000      0x158 C:/devkitPro_sw/libnx/lib\libnx.a(switch_crt0.o)
                0x0000000000000000                _start
                0x0000000000000120                __nx_exit
                0x0000000000000130                __nx_mod0
                0x0000000000000158                . = ALIGN (0x8)

.init           0x0000000000000158       0x38
 *(.init)
 .init          0x0000000000000158       0x18 c:/devkitpro_sw/devkita64/bin/../lib/gcc/aarch64-none-elf/9.2.0/pic/crti.o
                0x0000000000000158                _init
 .init          0x0000000000000170       0x1c c:/devkitpro_sw/devkita64/bin/../lib/gcc/aarch64-none-elf/9.2.0/pic/crtn.o
                0x0000000000000190                . = ALIGN (0x8)
 *fill*         0x000000000000018c        0x4 

.plt            0x0000000000000190        0x0
 *(.plt)
 .plt           0x0000000000000190        0x0 c:/devkitpro_sw/devkita64/bin/../lib/gcc/aarch64-none-elf/9.2.0/pic/crti.o
 *(.iplt)
                0x0000000000000190                . = ALIGN (0x8)

.text           0x00000000000001c0    0x274e8
 *(.text.unlikely .text.*_unlikely .text.unlikely.*)
 *(.text.exit .text.exit.*)
 .text.exit     0x00000000000001c0       0x38 c:/devkitpro_sw/devkita64/bin/../lib/gcc/aarch64-none-elf/9.2.0/../../../../aarch64-none-elf/lib/pic\libg.a(lib_a-exit.o)
                0x00000000000001c0                exit
 *(.text.startup .text.startup.*)
 *fill*         0x00000000000001f8        0x8 
 .text.startup.main
                0x0000000000000200       0x7c main.o
                0x0000000000000200                main
 *(.text.hot .text.hot.*)
 *(.text .stub .text.* .gnu.linkonce.t.*)
 *fill*         0x000000000000027c        0x4 
 .text.deregister_tm_clones
                0x0000000000000280       0x30 c:/devkitpro_sw/devkita64/bin/../lib/gcc/aarch64-none-elf/9.2.0/pic/crtbegin.o
 .text.register_tm_clones
                0x00000000000002b0       0x40 c:/devkitpro_sw/devkita64/bin/../lib/gcc/aarch64-none-elf/9.2.0/pic/crtbegin.o
 .text.__do_global_dtors_aux
                0x00000000000002f0       0x48 c:/devkitpro_sw/devkita64/bin/../lib/gcc/aarch64-none-elf/9.2.0/pic/crtbegin.o
 .text.frame_dummy
                0x0000000000000338       0x34 c:/devkitpro_sw/devkita64/bin/../lib/gcc/aarch64-none-elf/9.2.0/pic/crtbegin.o
 *fill*         0x000000000000036c        0x4 
 .text.printRandoms
                0x0000000000000370       0x78 main.o
                0x0000000000000370                printRandoms
 *fill*         0x00000000000003e8        0x8 
 .text._appletInfiniteSleepLoop
                0x00000000000003f0       0x24 C:/devkitPro_sw/libnx/lib\libnx.a(applet.o)
 *fill*         0x0000000000000414        0xc 
 .text._appletCmdNoIO
                0x0000000000000420       0xc8 C:/devkitPro_sw/libnx/lib\libnx.a(applet.o)
 *fill*         0x00000000000004e8        0x8 
 .text._appletCmdNoInOutU64
                0x00000000000004f0       0xe0 C:/devkitPro_sw/libnx/lib\libnx.a(applet.o)
 .text._appletCmdGetSession
                0x00000000000005d0       0xf4 C:/devkitPro_sw/libnx/lib\libnx.a(applet.o)
 *fill*         0x00000000000006c4        0xc 
 .text._appletCmdNoInOutU32
                0x00000000000006d0       0xdc C:/devkitPro_sw/libnx/lib\libnx.a(applet.o)
 *fill*         0x00000000000007ac        0x4 
 .text._appletCmdNoInOutU8
                0x00000000000007b0       0xe4 C:/devkitPro_sw/libnx/lib\libnx.a(applet.o)
 *fill*         0x0000000000000894        0xc 
 .text._appletCmdNoInOutBool
                0x00000000000008a0       0x40 C:/devkitPro_sw/libnx/lib\libnx.a(applet.o)
 .text._appletGetLaunchReason
                0x00000000000008e0      0x100 C:/devkitPro_sw/libnx/lib\libnx.a(applet.o)
 .text._appletSetFocusHandlingMode
                0x00000000000009e0       0xec C:/devkitPro_sw/libnx/lib\libnx.a(applet.o)
 *fill*         0x0000000000000acc        0x4 
 .text._appletGetLibraryAppletInfo
                0x0000000000000ad0       0xdc C:/devkitPro_sw/libnx/lib\libnx.a(applet.o)
 *fill*         0x0000000000000bac        0x4 
 .text._appletCmdInU8NoOut.isra.0
                0x0000000000000bb0       0xc4 C:/devkitPro_sw/libnx/lib\libnx.a(applet.o)
 *fill*         0x0000000000000c74        0xc 
 .text._appletCmdInU32NoOut.isra.0
                0x0000000000000c80       0xc4 C:/devkitPro_sw/libnx/lib\libnx.a(applet.o)
 *fill*         0x0000000000000d44        0xc 
 .text._appletGetSessionProxy.constprop.0
                0x0000000000000d50      0x118 C:/devkitPro_sw/libnx/lib\libnx.a(applet.o)
 *fill*         0x0000000000000e68        0x8 
 .text._appletOpenLibraryAppletProxy.constprop.0
                0x0000000000000e70      0x134 C:/devkitPro_sw/libnx/lib\libnx.a(applet.o)
 *fill*         0x0000000000000fa4        0xc 
 .text._appletCmdGetHandle.constprop.0
                0x0000000000000fb0       0xd8 C:/devkitPro_sw/libnx/lib\libnx.a(applet.o)
 *fill*         0x0000000000001088        0x8 
 .text._appletCmdGetEvent
                0x0000000000001090       0x68 C:/devkitPro_sw/libnx/lib\libnx.a(applet.o)
 *fill*         0x00000000000010f8        0x8 
 .text.appletGetAppletType
                0x0000000000001100       0x10 C:/devkitPro_sw/libnx/lib\libnx.a(applet.o)
                0x0000000000001100                appletGetAppletType
 .text.appletSetFocusHandlingMode
                0x0000000000001110      0x114 C:/devkitPro_sw/libnx/lib\libnx.a(applet.o)
                0x0000000000001110                appletSetFocusHandlingMode
 *fill*         0x0000000000001224        0xc 
 .text.appletSetCpuBoostMode
                0x0000000000001230       0x60 C:/devkitPro_sw/libnx/lib\libnx.a(applet.o)
                0x0000000000001230                appletSetCpuBoostMode
 .text.appletCreateManagedDisplayLayer
                0x0000000000001290       0x28 C:/devkitPro_sw/libnx/lib\libnx.a(applet.o)
                0x0000000000001290                appletCreateManagedDisplayLayer
 *fill*         0x00000000000012b8        0x8 
 .text.appletGetAppletResourceUserId
                0x00000000000012c0        0xc C:/devkitPro_sw/libnx/lib\libnx.a(applet.o)
                0x00000000000012c0                appletGetAppletResourceUserId
 *fill*         0x00000000000012cc        0x4 
 .text._appletGetIndirectLayerConsumerHandle.isra.0
                0x00000000000012d0       0xfc C:/devkitPro_sw/libnx/lib\libnx.a(applet.o)
 *fill*         0x00000000000013cc        0x4 
 .text._appletHolderCreateState
                0x00000000000013d0       0x78 C:/devkitPro_sw/libnx/lib\libnx.a(applet.o)
 *fill*         0x0000000000001448        0x8 
 .text.appletHolderClose
                0x0000000000001450       0xb4 C:/devkitPro_sw/libnx/lib\libnx.a(applet.o)
                0x0000000000001450                appletHolderClose
 *fill*         0x0000000000001504        0xc 
 .text.appletHolderGetLibraryAppletInfo
                0x0000000000001510       0x18 C:/devkitPro_sw/libnx/lib\libnx.a(applet.o)
                0x0000000000001510                appletHolderGetLibraryAppletInfo
 *fill*         0x0000000000001528        0x8 
 .text.appletNotifyRunning
                0x0000000000001530       0x58 C:/devkitPro_sw/libnx/lib\libnx.a(applet.o)
                0x0000000000001530                appletNotifyRunning
 *fill*         0x0000000000001588        0x8 
 .text.appletSetGamePlayRecordingState
                0x0000000000001590       0x88 C:/devkitPro_sw/libnx/lib\libnx.a(applet.o)
                0x0000000000001590                appletSetGamePlayRecordingState
 *fill*         0x0000000000001618        0x8 
 .text._appletCleanup
                0x0000000000001620      0xae0 C:/devkitPro_sw/libnx/lib\libnx.a(applet.o)
 .text.appletExit
                0x0000000000002100       0x44 C:/devkitPro_sw/libnx/lib\libnx.a(applet.o)
                0x0000000000002100                appletExit
 *fill*         0x0000000000002144        0xc 
 .text.appletGetLibraryAppletInfo
                0x0000000000002150       0x3c C:/devkitPro_sw/libnx/lib\libnx.a(applet.o)
                0x0000000000002150                appletGetLibraryAppletInfo
 *fill*         0x000000000000218c        0x4 
 .text.appletInitialize
                0x0000000000002190      0xa30 C:/devkitPro_sw/libnx/lib\libnx.a(applet.o)
                0x0000000000002190                appletInitialize
 .text._appletExitProcess
                0x0000000000002bc0       0x24 C:/devkitPro_sw/libnx/lib\libnx.a(applet.o)
 *fill*         0x0000000000002be4        0xc 
 .text.appletGetMessage
                0x0000000000002bf0       0x70 C:/devkitPro_sw/libnx/lib\libnx.a(applet.o)
                0x0000000000002bf0                appletGetMessage
 .text.appletProcessMessage
                0x0000000000002c60      0x230 C:/devkitPro_sw/libnx/lib\libnx.a(applet.o)
                0x0000000000002c60                appletProcessMessage
 .text.appletMainLoop
                0x0000000000002e90       0x34 C:/devkitPro_sw/libnx/lib\libnx.a(applet.o)
                0x0000000000002e90                appletMainLoop
 *fill*         0x0000000000002ec4        0xc 
 .text._hidCmdWithNoInput
                0x0000000000002ed0       0xd4 C:/devkitPro_sw/libnx/lib\libnx.a(hid.o)
 *fill*         0x0000000000002fa4        0xc 
 .text._hidCmdWithInputU32
                0x0000000000002fb0       0xe4 C:/devkitPro_sw/libnx/lib\libnx.a(hid.o)
 *fill*         0x0000000000003094        0xc 
 .text._hidCreateAppletResource.constprop.0
                0x00000000000030a0       0xfc C:/devkitPro_sw/libnx/lib\libnx.a(hid.o)
 *fill*         0x000000000000319c        0x4 
 .text._hidCmdGetHandle.isra.0.constprop.0
                0x00000000000031a0       0xc4 C:/devkitPro_sw/libnx/lib\libnx.a(hid.o)
 *fill*         0x0000000000003264        0xc 
 .text._hidCmdWithInputU64.constprop.0
                0x0000000000003270       0xdc C:/devkitPro_sw/libnx/lib\libnx.a(hid.o)
 *fill*         0x000000000000334c        0x4 
 .text.hidReset
                0x0000000000003350      0x1f8 C:/devkitPro_sw/libnx/lib\libnx.a(hid.o)
                0x0000000000003350                hidReset
 *fill*         0x0000000000003548        0x8 
 .text.hidGetSharedmemAddr
                0x0000000000003550        0xc C:/devkitPro_sw/libnx/lib\libnx.a(hid.o)
                0x0000000000003550                hidGetSharedmemAddr
 *fill*         0x000000000000355c        0x4 
 .text.hidKeysDown
                0x0000000000003560       0x6c C:/devkitPro_sw/libnx/lib\libnx.a(hid.o)
                0x0000000000003560                hidKeysDown
 *fill*         0x00000000000035cc        0x4 
 .text.hidTouchCount
                0x00000000000035d0        0xc C:/devkitPro_sw/libnx/lib\libnx.a(hid.o)
                0x00000000000035d0                hidTouchCount
 *fill*         0x00000000000035dc        0x4 
 .text.hidScanInput
                0x00000000000035e0      0x5c0 C:/devkitPro_sw/libnx/lib\libnx.a(hid.o)
                0x00000000000035e0                hidScanInput
 .text.hidSetSupportedNpadStyleSet
                0x0000000000003ba0        0x8 C:/devkitPro_sw/libnx/lib\libnx.a(hid.o)
                0x0000000000003ba0                hidSetSupportedNpadStyleSet
 *fill*         0x0000000000003ba8        0x8 
 .text.hidSetSupportedNpadIdType
                0x0000000000003bb0      0x18c C:/devkitPro_sw/libnx/lib\libnx.a(hid.o)
                0x0000000000003bb0                hidSetSupportedNpadIdType
 *fill*         0x0000000000003d3c        0x4 
 .text.hidSetNpadJoyHoldType
                0x0000000000003d40        0x8 C:/devkitPro_sw/libnx/lib\libnx.a(hid.o)
                0x0000000000003d40                hidSetNpadJoyHoldType
 *fill*         0x0000000000003d48        0x8 
 .text.hidSetNpadJoyAssignmentModeDual
                0x0000000000003d50       0x20 C:/devkitPro_sw/libnx/lib\libnx.a(hid.o)
                0x0000000000003d50                hidSetNpadJoyAssignmentModeDual
 .text.hidFinalizeSevenSixAxisSensor
                0x0000000000003d70       0x80 C:/devkitPro_sw/libnx/lib\libnx.a(hid.o)
                0x0000000000003d70                hidFinalizeSevenSixAxisSensor
 .text._hidCleanup
                0x0000000000003df0      0x12c C:/devkitPro_sw/libnx/lib\libnx.a(hid.o)
 *fill*         0x0000000000003f1c        0x4 
 .text.hidInitialize
                0x0000000000003f20      0x1c8 C:/devkitPro_sw/libnx/lib\libnx.a(hid.o)
                0x0000000000003f20                hidInitialize
 *fill*         0x00000000000040e8        0x8 
 .text.hidExit  0x00000000000040f0       0x44 C:/devkitPro_sw/libnx/lib\libnx.a(hid.o)
                0x00000000000040f0                hidExit
 *fill*         0x0000000000004134        0xc 
 .text._apmCleanup
                0x0000000000004140       0xc0 C:/devkitPro_sw/libnx/lib\libnx.a(apm.o)
 .text._apmCmdGetSession.constprop.0
                0x0000000000004200       0xdc C:/devkitPro_sw/libnx/lib\libnx.a(apm.o)
 *fill*         0x00000000000042dc        0x4 
 .text.apmInitialize
                0x00000000000042e0       0xa0 C:/devkitPro_sw/libnx/lib\libnx.a(apm.o)
                0x00000000000042e0                apmInitialize
 .text.apmExit  0x0000000000004380       0x44 C:/devkitPro_sw/libnx/lib\libnx.a(apm.o)
                0x0000000000004380                apmExit
 *fill*         0x00000000000043c4        0xc 
 .text.apmSetPerformanceConfiguration
                0x00000000000043d0       0xc4 C:/devkitPro_sw/libnx/lib\libnx.a(apm.o)
                0x00000000000043d0                apmSetPerformanceConfiguration
 *fill*         0x0000000000004494        0xc 
 .text._fatalCmd
                0x00000000000044a0      0x1a0 C:/devkitPro_sw/libnx/lib\libnx.a(fatal.o)
 .text.fatalThrowWithPolicy
                0x0000000000004640        0xc C:/devkitPro_sw/libnx/lib\libnx.a(fatal.o)
                0x0000000000004640                fatalThrowWithPolicy
 *fill*         0x000000000000464c        0x4 
 .text.fatalThrow
                0x0000000000004650       0x14 C:/devkitPro_sw/libnx/lib\libnx.a(fatal.o)
                0x0000000000004650                fatalThrow
                0x0000000000004650                fatalSimple
 *fill*         0x0000000000004664        0xc 
 .text._smCleanup
                0x0000000000004670       0x68 C:/devkitPro_sw/libnx/lib\libnx.a(sm.o)
 *fill*         0x00000000000046d8        0x8 
 .text.smAddOverrideHandle
                0x00000000000046e0       0x48 C:/devkitPro_sw/libnx/lib\libnx.a(sm.o)
                0x00000000000046e0                smAddOverrideHandle
 *fill*         0x0000000000004728        0x8 
 .text.smGetServiceOverride
                0x0000000000004730       0x54 C:/devkitPro_sw/libnx/lib\libnx.a(sm.o)
                0x0000000000004730                smGetServiceOverride
 *fill*         0x0000000000004784        0xc 
 .text.smExit   0x0000000000004790       0x44 C:/devkitPro_sw/libnx/lib\libnx.a(sm.o)
                0x0000000000004790                smExit
 *fill*         0x00000000000047d4        0xc 
 .text.smGetServiceOriginal
                0x00000000000047e0       0xcc C:/devkitPro_sw/libnx/lib\libnx.a(sm.o)
                0x00000000000047e0                smGetServiceOriginal
 *fill*         0x00000000000048ac        0x4 
 .text.smInitialize
                0x00000000000048b0      0x27c C:/devkitPro_sw/libnx/lib\libnx.a(sm.o)
                0x00000000000048b0                smInitialize
 *fill*         0x0000000000004b2c        0x4 
 .text.smGetServiceWrapper
                0x0000000000004b30      0x110 C:/devkitPro_sw/libnx/lib\libnx.a(sm.o)
                0x0000000000004b30                smGetServiceWrapper
 .text.hosversionGet
                0x0000000000004c40       0x10 C:/devkitPro_sw/libnx/lib\libnx.a(hosversion.o)
                0x0000000000004c40                hosversionGet
 .text.hosversionSet
                0x0000000000004c50       0x10 C:/devkitPro_sw/libnx/lib\libnx.a(hosversion.o)
                0x0000000000004c50                hosversionSet
 .text.envSetup
                0x0000000000004c60      0x234 C:/devkitPro_sw/libnx/lib\libnx.a(env.o)
                0x0000000000004c60                envSetup
 *fill*         0x0000000000004e94        0xc 
 .text.envGetMainThreadHandle
                0x0000000000004ea0       0x20 C:/devkitPro_sw/libnx/lib\libnx.a(env.o)
                0x0000000000004ea0                envGetMainThreadHandle
 .text.envIsNso
                0x0000000000004ec0        0xc C:/devkitPro_sw/libnx/lib\libnx.a(env.o)
                0x0000000000004ec0                envIsNso
 *fill*         0x0000000000004ecc        0x4 
 .text.envHasHeapOverride
                0x0000000000004ed0       0x14 C:/devkitPro_sw/libnx/lib\libnx.a(env.o)
                0x0000000000004ed0                envHasHeapOverride
 *fill*         0x0000000000004ee4        0xc 
 .text.envGetHeapOverrideAddr
                0x0000000000004ef0        0xc C:/devkitPro_sw/libnx/lib\libnx.a(env.o)
                0x0000000000004ef0                envGetHeapOverrideAddr
 *fill*         0x0000000000004efc        0x4 
 .text.envGetHeapOverrideSize
                0x0000000000004f00        0xc C:/devkitPro_sw/libnx/lib\libnx.a(env.o)
                0x0000000000004f00                envGetHeapOverrideSize
 *fill*         0x0000000000004f0c        0x4 
 .text.envHasArgv
                0x0000000000004f10       0x14 C:/devkitPro_sw/libnx/lib\libnx.a(env.o)
                0x0000000000004f10                envHasArgv
 *fill*         0x0000000000004f24        0xc 
 .text.envGetArgv
                0x0000000000004f30        0xc C:/devkitPro_sw/libnx/lib\libnx.a(env.o)
                0x0000000000004f30                envGetArgv
 *fill*         0x0000000000004f3c        0x4 
 .text.envGetExitFuncPtr
                0x0000000000004f40        0xc C:/devkitPro_sw/libnx/lib\libnx.a(env.o)
                0x0000000000004f40                envGetExitFuncPtr
 *fill*         0x0000000000004f4c        0x4 
 .text.envSetExitFuncPtr
                0x0000000000004f50        0xc C:/devkitPro_sw/libnx/lib\libnx.a(env.o)
                0x0000000000004f50                envSetExitFuncPtr
 *fill*         0x0000000000004f5c        0x4 
 .text.consoleDrawChar
                0x0000000000004f60       0x48 C:/devkitPro_sw/libnx/lib\libnx.a(console.o)
 *fill*         0x0000000000004fa8        0x8 
 .text.consoleClearLine
                0x0000000000004fb0      0x140 C:/devkitPro_sw/libnx/lib\libnx.a(console.o)
 .text.consoleNewRow
                0x00000000000050f0       0x48 C:/devkitPro_sw/libnx/lib\libnx.a(console.o)
 *fill*         0x0000000000005138        0x8 
 .text.consolePrintChar
                0x0000000000005140      0x120 C:/devkitPro_sw/libnx/lib\libnx.a(console.o)
 .text.consoleCls
                0x0000000000005260      0x150 C:/devkitPro_sw/libnx/lib\libnx.a(console.o)
 .text.con_write
                0x00000000000053b0      0x814 C:/devkitPro_sw/libnx/lib\libnx.a(console.o)
 *fill*         0x0000000000005bc4        0xc 
 .text.consoleInit
                0x0000000000005bd0      0x11c C:/devkitPro_sw/libnx/lib\libnx.a(console.o)
                0x0000000000005bd0                consoleInit
 *fill*         0x0000000000005cec        0x4 
 .text.consoleExit
                0x0000000000005cf0       0x48 C:/devkitPro_sw/libnx/lib\libnx.a(console.o)
                0x0000000000005cf0                consoleExit
 *fill*         0x0000000000005d38        0x8 
 .text.consoleUpdate
                0x0000000000005d40       0x2c C:/devkitPro_sw/libnx/lib\libnx.a(console.o)
                0x0000000000005d40                consoleUpdate
 *fill*         0x0000000000005d6c        0x4 
 .text.ConsoleSwRenderer_flushAndSwap
                0x0000000000005d70       0x70 C:/devkitPro_sw/libnx/lib\libnx.a(console_sw.o)
 .text.ConsoleSwRenderer_scrollWindow
                0x0000000000005de0       0xc8 C:/devkitPro_sw/libnx/lib\libnx.a(console_sw.o)
 *fill*         0x0000000000005ea8        0x8 
 .text.ConsoleSwRenderer_drawChar
                0x0000000000005eb0      0x194 C:/devkitPro_sw/libnx/lib\libnx.a(console_sw.o)
 *fill*         0x0000000000006044        0xc 
 .text.ConsoleSwRenderer_deinit
                0x0000000000006050       0x3c C:/devkitPro_sw/libnx/lib\libnx.a(console_sw.o)
 *fill*         0x000000000000608c        0x4 
 .text.ConsoleSwRenderer_init
                0x0000000000006090       0xf4 C:/devkitPro_sw/libnx/lib\libnx.a(console_sw.o)
 *fill*         0x0000000000006184        0xc 
 .text.getDefaultConsoleRenderer
                0x0000000000006190        0xc C:/devkitPro_sw/libnx/lib\libnx.a(console_sw.o)
                0x0000000000006190                getDefaultConsoleRenderer
 .text.svcSetHeapSize
                0x000000000000619c       0x14 C:/devkitPro_sw/libnx/lib\libnx.a(svc.o)
                0x000000000000619c                svcSetHeapSize
 .text.svcSetMemoryAttribute
                0x00000000000061b0        0x8 C:/devkitPro_sw/libnx/lib\libnx.a(svc.o)
                0x00000000000061b0                svcSetMemoryAttribute
 .text.svcUnmapMemory
                0x00000000000061b8        0x8 C:/devkitPro_sw/libnx/lib\libnx.a(svc.o)
                0x00000000000061b8                svcUnmapMemory
 .text.svcQueryMemory
                0x00000000000061c0       0x14 C:/devkitPro_sw/libnx/lib\libnx.a(svc.o)
                0x00000000000061c0                svcQueryMemory
 .text.svcExitProcess
                0x00000000000061d4        0x8 C:/devkitPro_sw/libnx/lib\libnx.a(svc.o)
                0x00000000000061d4                svcExitProcess
 .text.svcSleepThread
                0x00000000000061dc        0x8 C:/devkitPro_sw/libnx/lib\libnx.a(svc.o)
                0x00000000000061dc                svcSleepThread
 .text.svcMapSharedMemory
                0x00000000000061e4        0x8 C:/devkitPro_sw/libnx/lib\libnx.a(svc.o)
                0x00000000000061e4                svcMapSharedMemory
 .text.svcUnmapSharedMemory
                0x00000000000061ec        0x8 C:/devkitPro_sw/libnx/lib\libnx.a(svc.o)
                0x00000000000061ec                svcUnmapSharedMemory
 .text.svcCreateTransferMemory
                0x00000000000061f4       0x14 C:/devkitPro_sw/libnx/lib\libnx.a(svc.o)
                0x00000000000061f4                svcCreateTransferMemory
 .text.svcCloseHandle
                0x0000000000006208        0x8 C:/devkitPro_sw/libnx/lib\libnx.a(svc.o)
                0x0000000000006208                svcCloseHandle
 .text.svcResetSignal
                0x0000000000006210        0x8 C:/devkitPro_sw/libnx/lib\libnx.a(svc.o)
                0x0000000000006210                svcResetSignal
 .text.svcWaitSynchronization
                0x0000000000006218       0x14 C:/devkitPro_sw/libnx/lib\libnx.a(svc.o)
                0x0000000000006218                svcWaitSynchronization
 .text.svcArbitrateLock
                0x000000000000622c        0x8 C:/devkitPro_sw/libnx/lib\libnx.a(svc.o)
                0x000000000000622c                svcArbitrateLock
 .text.svcArbitrateUnlock
                0x0000000000006234        0x8 C:/devkitPro_sw/libnx/lib\libnx.a(svc.o)
                0x0000000000006234                svcArbitrateUnlock
 .text.svcWaitProcessWideKeyAtomic
                0x000000000000623c        0x8 C:/devkitPro_sw/libnx/lib\libnx.a(svc.o)
                0x000000000000623c                svcWaitProcessWideKeyAtomic
 .text.svcSignalProcessWideKey
                0x0000000000006244        0x8 C:/devkitPro_sw/libnx/lib\libnx.a(svc.o)
                0x0000000000006244                svcSignalProcessWideKey
 .text.svcConnectToNamedPort
                0x000000000000624c       0x14 C:/devkitPro_sw/libnx/lib\libnx.a(svc.o)
                0x000000000000624c                svcConnectToNamedPort
 .text.svcSendSyncRequest
                0x0000000000006260        0x8 C:/devkitPro_sw/libnx/lib\libnx.a(svc.o)
                0x0000000000006260                svcSendSyncRequest
 .text.svcBreak
                0x0000000000006268        0x8 C:/devkitPro_sw/libnx/lib\libnx.a(svc.o)
                0x0000000000006268                svcBreak
 .text.svcReturnFromException
                0x0000000000006270        0x8 C:/devkitPro_sw/libnx/lib\libnx.a(svc.o)
                0x0000000000006270                svcReturnFromException
 .text.svcGetInfo
                0x0000000000006278       0x14 C:/devkitPro_sw/libnx/lib\libnx.a(svc.o)
                0x0000000000006278                svcGetInfo
 .text.svcUnmapTransferMemory
                0x000000000000628c        0x8 C:/devkitPro_sw/libnx/lib\libnx.a(svc.o)
                0x000000000000628c                svcUnmapTransferMemory
 *fill*         0x0000000000006294        0xc 
 .text.detectKernelVersion
                0x00000000000062a0      0x17c C:/devkitPro_sw/libnx/lib\libnx.a(detect.o)
                0x00000000000062a0                detectKernelVersion
 *fill*         0x000000000000641c        0x4 
 .text.detectDebugger
                0x0000000000006420       0x30 C:/devkitPro_sw/libnx/lib\libnx.a(detect.o)
                0x0000000000006420                detectDebugger
 .text.shmemLoadRemote
                0x0000000000006450       0x14 C:/devkitPro_sw/libnx/lib\libnx.a(shmem.o)
                0x0000000000006450                shmemLoadRemote
 *fill*         0x0000000000006464        0xc 
 .text.shmemMap
                0x0000000000006470       0x84 C:/devkitPro_sw/libnx/lib\libnx.a(shmem.o)
                0x0000000000006470                shmemMap
 *fill*         0x00000000000064f4        0xc 
 .text.shmemUnmap
                0x0000000000006500       0x58 C:/devkitPro_sw/libnx/lib\libnx.a(shmem.o)
                0x0000000000006500                shmemUnmap
 *fill*         0x0000000000006558        0x8 
 .text.shmemClose
                0x0000000000006560       0x44 C:/devkitPro_sw/libnx/lib\libnx.a(shmem.o)
                0x0000000000006560                shmemClose
 *fill*         0x00000000000065a4        0xc 
 .text._waitLoop
                0x00000000000065b0      0x104 C:/devkitPro_sw/libnx/lib\libnx.a(wait.o)
 *fill*         0x00000000000066b4        0xc 
 .text._waitObjectsImpl
                0x00000000000066c0      0x328 C:/devkitPro_sw/libnx/lib\libnx.a(wait.o)
 *fill*         0x00000000000069e8        0x8 
 .text.waitObjects
                0x00000000000069f0        0xc C:/devkitPro_sw/libnx/lib\libnx.a(wait.o)
                0x00000000000069f0                waitObjects
 *fill*         0x00000000000069fc        0x4 
 .text.rwlockReadLock
                0x0000000000006a00       0x98 C:/devkitPro_sw/libnx/lib\libnx.a(rwlock.o)
                0x0000000000006a00                rwlockReadLock
 *fill*         0x0000000000006a98        0x8 
 .text.rwlockReadUnlock
                0x0000000000006aa0       0xb4 C:/devkitPro_sw/libnx/lib\libnx.a(rwlock.o)
                0x0000000000006aa0                rwlockReadUnlock
 *fill*         0x0000000000006b54        0xc 
 .text.rwlockWriteLock
                0x0000000000006b60       0xa4 C:/devkitPro_sw/libnx/lib\libnx.a(rwlock.o)
                0x0000000000006b60                rwlockWriteLock
 *fill*         0x0000000000006c04        0xc 
 .text.rwlockWriteUnlock
                0x0000000000006c10       0x78 C:/devkitPro_sw/libnx/lib\libnx.a(rwlock.o)
                0x0000000000006c10                rwlockWriteUnlock
 *fill*         0x0000000000006c88        0x8 
 .text.tmemCreate
                0x0000000000006c90       0xa8 C:/devkitPro_sw/libnx/lib\libnx.a(tmem.o)
                0x0000000000006c90                tmemCreate
 *fill*         0x0000000000006d38        0x8 
 .text.tmemUnmap
                0x0000000000006d40       0x58 C:/devkitPro_sw/libnx/lib\libnx.a(tmem.o)
                0x0000000000006d40                tmemUnmap
 *fill*         0x0000000000006d98        0x8 
 .text.tmemClose
                0x0000000000006da0       0x68 C:/devkitPro_sw/libnx/lib\libnx.a(tmem.o)
                0x0000000000006da0                tmemClose
 *fill*         0x0000000000006e08        0x8 
 .text.mutexLock
                0x0000000000006e10       0x8c C:/devkitPro_sw/libnx/lib\libnx.a(mutex.o)
                0x0000000000006e10                mutexLock
 *fill*         0x0000000000006e9c        0x4 
 .text.mutexUnlock
                0x0000000000006ea0       0x30 C:/devkitPro_sw/libnx/lib\libnx.a(mutex.o)
                0x0000000000006ea0                mutexUnlock
 .text.rmutexLock
                0x0000000000006ed0       0x4c C:/devkitPro_sw/libnx/lib\libnx.a(mutex.o)
                0x0000000000006ed0                rmutexLock
 *fill*         0x0000000000006f1c        0x4 
 .text.rmutexUnlock
                0x0000000000006f20       0x1c C:/devkitPro_sw/libnx/lib\libnx.a(mutex.o)
                0x0000000000006f20                rmutexUnlock
 *fill*         0x0000000000006f3c        0x4 
 .text._GetRegionFromInfo.isra.0
                0x0000000000006f40       0x7c C:/devkitPro_sw/libnx/lib\libnx.a(virtmem.o)
 *fill*         0x0000000000006fbc        0x4 
 .text.virtmemSetup
                0x0000000000006fc0      0x114 C:/devkitPro_sw/libnx/lib\libnx.a(virtmem.o)
                0x0000000000006fc0                virtmemSetup
 *fill*         0x00000000000070d4        0xc 
 .text.virtmemReserve
                0x00000000000070e0      0x124 C:/devkitPro_sw/libnx/lib\libnx.a(virtmem.o)
                0x00000000000070e0                virtmemReserve
 *fill*         0x0000000000007204        0xc 
 .text.virtmemFree
                0x0000000000007210        0x4 C:/devkitPro_sw/libnx/lib\libnx.a(virtmem.o)
                0x0000000000007210                virtmemFree
 *fill*         0x0000000000007214        0xc 
 .text.eventLoadRemote
                0x0000000000007220        0xc C:/devkitPro_sw/libnx/lib\libnx.a(event.o)
                0x0000000000007220                eventLoadRemote
 *fill*         0x000000000000722c        0x4 
 .text.eventWait
                0x0000000000007230       0x38 C:/devkitPro_sw/libnx/lib\libnx.a(event.o)
                0x0000000000007230                eventWait
 *fill*         0x0000000000007268        0x8 
 .text.eventClose
                0x0000000000007270       0x50 C:/devkitPro_sw/libnx/lib\libnx.a(event.o)
                0x0000000000007270                eventClose
 .text.condvarWaitTimeout
                0x00000000000072c0       0x60 C:/devkitPro_sw/libnx/lib\libnx.a(condvar.o)
                0x00000000000072c0                condvarWaitTimeout
 .text.framebufferMakeLinear
                0x0000000000007320       0x80 C:/devkitPro_sw/libnx/lib\libnx.a(framebuffer.o)
                0x0000000000007320                framebufferMakeLinear
 .text.framebufferClose
                0x00000000000073a0       0x84 C:/devkitPro_sw/libnx/lib\libnx.a(framebuffer.o)
                0x00000000000073a0                framebufferClose
 *fill*         0x0000000000007424        0xc 
 .text.framebufferCreate
                0x0000000000007430      0x29c C:/devkitPro_sw/libnx/lib\libnx.a(framebuffer.o)
                0x0000000000007430                framebufferCreate
 *fill*         0x00000000000076cc        0x4 
 .text.framebufferBegin
                0x00000000000076d0       0x88 C:/devkitPro_sw/libnx/lib\libnx.a(framebuffer.o)
                0x00000000000076d0                framebufferBegin
 *fill*         0x0000000000007758        0x8 
 .text.framebufferEnd
                0x0000000000007760      0x174 C:/devkitPro_sw/libnx/lib\libnx.a(framebuffer.o)
                0x0000000000007760                framebufferEnd
 *fill*         0x00000000000078d4        0xc 
 .text.nwindowGetDefault
                0x00000000000078e0        0xc C:/devkitPro_sw/libnx/lib\libnx.a(default_window.o)
                0x00000000000078e0                nwindowGetDefault
 *fill*         0x00000000000078ec        0x4 
 .text.__nx_win_init
                0x00000000000078f0       0xc0 C:/devkitPro_sw/libnx/lib\libnx.a(default_window.o)
                0x00000000000078f0                __nx_win_init
 .text.__nx_win_exit
                0x00000000000079b0       0x34 C:/devkitPro_sw/libnx/lib\libnx.a(default_window.o)
                0x00000000000079b0                __nx_win_exit
 *fill*         0x00000000000079e4        0xc 
 .text._nwindowConnect
                0x00000000000079f0       0x54 C:/devkitPro_sw/libnx/lib\libnx.a(native_window.o)
 *fill*         0x0000000000007a44        0xc 
 .text._nwindowDisconnect
                0x0000000000007a50       0x40 C:/devkitPro_sw/libnx/lib\libnx.a(native_window.o)
 .text.nwindowIsValid
                0x0000000000007a90       0x24 C:/devkitPro_sw/libnx/lib\libnx.a(native_window.o)
                0x0000000000007a90                nwindowIsValid
 *fill*         0x0000000000007ab4        0xc 
 .text.nwindowClose
                0x0000000000007ac0       0x6c C:/devkitPro_sw/libnx/lib\libnx.a(native_window.o)
                0x0000000000007ac0                nwindowClose
 *fill*         0x0000000000007b2c        0x4 
 .text.nwindowCreate
                0x0000000000007b30       0xd0 C:/devkitPro_sw/libnx/lib\libnx.a(native_window.o)
                0x0000000000007b30                nwindowCreate
 .text.nwindowCreateFromLayer
                0x0000000000007c00       0x34 C:/devkitPro_sw/libnx/lib\libnx.a(native_window.o)
                0x0000000000007c00                nwindowCreateFromLayer
 *fill*         0x0000000000007c34        0xc 
 .text.nwindowSetDimensions
                0x0000000000007c40       0x88 C:/devkitPro_sw/libnx/lib\libnx.a(native_window.o)
                0x0000000000007c40                nwindowSetDimensions
 *fill*         0x0000000000007cc8        0x8 
 .text.nwindowConfigureBuffer
                0x0000000000007cd0      0x154 C:/devkitPro_sw/libnx/lib\libnx.a(native_window.o)
                0x0000000000007cd0                nwindowConfigureBuffer
 *fill*         0x0000000000007e24        0xc 
 .text.nwindowDequeueBuffer
                0x0000000000007e30      0x1e0 C:/devkitPro_sw/libnx/lib\libnx.a(native_window.o)
                0x0000000000007e30                nwindowDequeueBuffer
 .text.nwindowQueueBuffer
                0x0000000000008010      0x144 C:/devkitPro_sw/libnx/lib\libnx.a(native_window.o)
                0x0000000000008010                nwindowQueueBuffer
 *fill*         0x0000000000008154        0xc 
 .text.nwindowReleaseBuffers
                0x0000000000008160       0x7c C:/devkitPro_sw/libnx/lib\libnx.a(native_window.o)
                0x0000000000008160                nwindowReleaseBuffers
 *fill*         0x00000000000081dc        0x4 
 .text.__nx_dynamic
                0x00000000000081e0       0xa0 C:/devkitPro_sw/libnx/lib\libnx.a(dynamic.o)
                0x00000000000081e0                __nx_dynamic
 .text.__libnx_initheap
                0x0000000000008280       0xd8 C:/devkitPro_sw/libnx/lib\libnx.a(init.o)
                0x0000000000008280                __libnx_initheap
 *fill*         0x0000000000008358        0x8 
 .text.__appInit
                0x0000000000008360       0xe8 C:/devkitPro_sw/libnx/lib\libnx.a(init.o)
                0x0000000000008360                __appInit
 *fill*         0x0000000000008448        0x8 
 .text.__appExit
                0x0000000000008450       0x44 C:/devkitPro_sw/libnx/lib\libnx.a(init.o)
                0x0000000000008450                __appExit
 *fill*         0x0000000000008494        0xc 
 .text.__libnx_init
                0x00000000000084a0       0x28 C:/devkitPro_sw/libnx/lib\libnx.a(init.o)
                0x00000000000084a0                __libnx_init
 *fill*         0x00000000000084c8        0x8 
 .text.__libnx_exit
                0x00000000000084d0       0x20 C:/devkitPro_sw/libnx/lib\libnx.a(init.o)
                0x00000000000084d0                __libnx_exit
 .text.__syscall_exit
                0x00000000000084f0       0x1c C:/devkitPro_sw/libnx/lib\libnx.a(newlib.o)
                0x00000000000084f0                __syscall_exit
 *fill*         0x000000000000850c        0x4 
 .text.__syscall_getreent
                0x0000000000008510       0x34 C:/devkitPro_sw/libnx/lib\libnx.a(newlib.o)
                0x0000000000008510                __syscall_getreent
 *fill*         0x0000000000008544        0xc 
 .text.__syscall_lock_acquire
                0x0000000000008550        0x4 C:/devkitPro_sw/libnx/lib\libnx.a(newlib.o)
                0x0000000000008550                __syscall_lock_acquire
 *fill*         0x0000000000008554        0xc 
 .text.__syscall_lock_release
                0x0000000000008560        0x4 C:/devkitPro_sw/libnx/lib\libnx.a(newlib.o)
                0x0000000000008560                __syscall_lock_release
 *fill*         0x0000000000008564        0xc 
 .text.__syscall_lock_acquire_recursive
                0x0000000000008570        0x4 C:/devkitPro_sw/libnx/lib\libnx.a(newlib.o)
                0x0000000000008570                __syscall_lock_acquire_recursive
 *fill*         0x0000000000008574        0xc 
 .text.__syscall_lock_release_recursive
                0x0000000000008580        0x4 C:/devkitPro_sw/libnx/lib\libnx.a(newlib.o)
                0x0000000000008580                __syscall_lock_release_recursive
 *fill*         0x0000000000008584        0xc 
 .text.__libnx_init_time
                0x0000000000008590      0x240 C:/devkitPro_sw/libnx/lib\libnx.a(newlib.o)
                0x0000000000008590                __libnx_init_time
 .text.__syscall_gettod_r
                0x00000000000087d0       0x8c C:/devkitPro_sw/libnx/lib\libnx.a(newlib.o)
                0x00000000000087d0                __syscall_gettod_r
 *fill*         0x000000000000885c        0x4 
 .text.newlibSetup
                0x0000000000008860       0x84 C:/devkitPro_sw/libnx/lib\libnx.a(newlib.o)
                0x0000000000008860                newlibSetup
 *fill*         0x00000000000088e4        0xc 
 .text.argvSetup
                0x00000000000088f0      0x328 C:/devkitPro_sw/libnx/lib\libnx.a(argv.o)
                0x00000000000088f0                argvSetup
 *fill*         0x0000000000008c18        0x8 
 .text.fsdev_link
                0x0000000000008c20       0x14 C:/devkitPro_sw/libnx/lib\libnx.a(fs_dev.o)
 *fill*         0x0000000000008c34        0xc 
 .text.fsdev_dirreset
                0x0000000000008c40       0x14 C:/devkitPro_sw/libnx/lib\libnx.a(fs_dev.o)
 *fill*         0x0000000000008c54        0xc 
 .text.fsdev_chmod
                0x0000000000008c60       0x14 C:/devkitPro_sw/libnx/lib\libnx.a(fs_dev.o)
 *fill*         0x0000000000008c74        0xc 
 .text.error_cmp
                0x0000000000008c80       0x1c C:/devkitPro_sw/libnx/lib\libnx.a(fs_dev.o)
 *fill*         0x0000000000008c9c        0x4 
 .text.fsdev_translate_error
                0x0000000000008ca0       0x5c C:/devkitPro_sw/libnx/lib\libnx.a(fs_dev.o)
 *fill*         0x0000000000008cfc        0x4 
 .text.fsdev_fsync
                0x0000000000008d00       0x40 C:/devkitPro_sw/libnx/lib\libnx.a(fs_dev.o)
 .text.fsdev_ftruncate
                0x0000000000008d40       0x58 C:/devkitPro_sw/libnx/lib\libnx.a(fs_dev.o)
 *fill*         0x0000000000008d98        0x8 
 .text.fsdev_dirclose
                0x0000000000008da0       0x20 C:/devkitPro_sw/libnx/lib\libnx.a(fs_dev.o)
 .text.fsdev_close
                0x0000000000008dc0       0x1c C:/devkitPro_sw/libnx/lib\libnx.a(fs_dev.o)
 *fill*         0x0000000000008ddc        0x4 
 .text.fsdev_converttimetoutc
                0x0000000000008de0       0x80 C:/devkitPro_sw/libnx/lib\libnx.a(fs_dev.o)
 .text.fsdev_fstat
                0x0000000000008e60       0xd0 C:/devkitPro_sw/libnx/lib\libnx.a(fs_dev.o)
 .text.fsdev_seek
                0x0000000000008f30       0xb0 C:/devkitPro_sw/libnx/lib\libnx.a(fs_dev.o)
 .text.fsdev_read_safe.isra.0
                0x0000000000008fe0      0x10c C:/devkitPro_sw/libnx/lib\libnx.a(fs_dev.o)
 *fill*         0x00000000000090ec        0x4 
 .text.fsdev_read
                0x00000000000090f0       0xc4 C:/devkitPro_sw/libnx/lib\libnx.a(fs_dev.o)
 *fill*         0x00000000000091b4        0xc 
 .text.fsdev_write_safe.isra.0
                0x00000000000091c0       0xfc C:/devkitPro_sw/libnx/lib\libnx.a(fs_dev.o)
 *fill*         0x00000000000092bc        0x4 
 .text.fsdev_write
                0x00000000000092c0       0xe0 C:/devkitPro_sw/libnx/lib\libnx.a(fs_dev.o)
 .text.fsdevFindDevice.part.0
                0x00000000000093a0       0xb8 C:/devkitPro_sw/libnx/lib\libnx.a(fs_dev.o)
 *fill*         0x0000000000009458        0x8 
 .text.fsdev_getfspath
                0x0000000000009460      0x214 C:/devkitPro_sw/libnx/lib\libnx.a(fs_dev.o)
 *fill*         0x0000000000009674        0xc 
 .text.fsdev_rmdir
                0x0000000000009680       0x78 C:/devkitPro_sw/libnx/lib\libnx.a(fs_dev.o)
 *fill*         0x00000000000096f8        0x8 
 .text.fsdev_statvfs
                0x0000000000009700       0xcc C:/devkitPro_sw/libnx/lib\libnx.a(fs_dev.o)
 *fill*         0x00000000000097cc        0x4 
 .text.fsdev_diropen
                0x00000000000097d0       0xf0 C:/devkitPro_sw/libnx/lib\libnx.a(fs_dev.o)
 .text.fsdev_mkdir
                0x00000000000098c0       0x78 C:/devkitPro_sw/libnx/lib\libnx.a(fs_dev.o)
 *fill*         0x0000000000009938        0x8 
 .text.fsdev_rename
                0x0000000000009940      0x104 C:/devkitPro_sw/libnx/lib\libnx.a(fs_dev.o)
 *fill*         0x0000000000009a44        0xc 
 .text.fsdev_chdir
                0x0000000000009a50      0x114 C:/devkitPro_sw/libnx/lib\libnx.a(fs_dev.o)
 *fill*         0x0000000000009b64        0xc 
 .text.fsdev_unlink
                0x0000000000009b70       0x78 C:/devkitPro_sw/libnx/lib\libnx.a(fs_dev.o)
 *fill*         0x0000000000009be8        0x8 
 .text.fsdev_stat
                0x0000000000009bf0      0x1c8 C:/devkitPro_sw/libnx/lib\libnx.a(fs_dev.o)
 *fill*         0x0000000000009db8        0x8 
 .text.fsdev_open
                0x0000000000009dc0      0x190 C:/devkitPro_sw/libnx/lib\libnx.a(fs_dev.o)
 .text._fsdevUnmountDeviceStruct.part.0
                0x0000000000009f50       0xa8 C:/devkitPro_sw/libnx/lib\libnx.a(fs_dev.o)
 *fill*         0x0000000000009ff8        0x8 
 .text.fsdev_dirnext
                0x000000000000a000      0x180 C:/devkitPro_sw/libnx/lib\libnx.a(fs_dev.o)
 .text.fsdev_fchmod
                0x000000000000a180       0x14 C:/devkitPro_sw/libnx/lib\libnx.a(fs_dev.o)
 *fill*         0x000000000000a194        0xc 
 .text.fsdevMountDevice
                0x000000000000a1a0      0x1c8 C:/devkitPro_sw/libnx/lib\libnx.a(fs_dev.o)
                0x000000000000a1a0                fsdevMountDevice
 *fill*         0x000000000000a368        0x8 
 .text.fsdevMountSdmc
                0x000000000000a370       0x48 C:/devkitPro_sw/libnx/lib\libnx.a(fs_dev.o)
                0x000000000000a370                fsdevMountSdmc
 *fill*         0x000000000000a3b8        0x8 
 .text.__libnx_init_cwd
                0x000000000000a3c0       0xcc C:/devkitPro_sw/libnx/lib\libnx.a(fs_dev.o)
                0x000000000000a3c0                __libnx_init_cwd
 *fill*         0x000000000000a48c        0x4 
 .text.fsdevUnmountAll
                0x000000000000a490       0x64 C:/devkitPro_sw/libnx/lib\libnx.a(fs_dev.o)
                0x000000000000a490                fsdevUnmountAll
 *fill*         0x000000000000a4f4        0xc 
 .text.decode_utf8
                0x000000000000a500      0x12c C:/devkitPro_sw/libnx/lib\libnx.a(decode_utf8.o)
                0x000000000000a500                decode_utf8
 .text.armDCacheFlush
                0x000000000000a62c       0x3c C:/devkitPro_sw/libnx/lib\libnx.a(cache.o)
                0x000000000000a62c                armDCacheFlush
 .text.__libnx_exception_entry
                0x000000000000a668      0x1c0 C:/devkitPro_sw/libnx/lib\libnx.a(exception.o)
                0x000000000000a668                __libnx_exception_entry
 .text.__libnx_exception_returnentry
                0x000000000000a828       0x18 C:/devkitPro_sw/libnx/lib\libnx.a(exception.o)
                0x000000000000a828                __libnx_exception_returnentry
 .text.__aarch64_read_tp
                0x000000000000a840        0xc C:/devkitPro_sw/libnx/lib\libnx.a(readtp.o)
                0x000000000000a840                __aarch64_read_tp
 *fill*         0x000000000000a84c        0x4 
 .text._nvSetClientPID
                0x000000000000a850       0xcc C:/devkitPro_sw/libnx/lib\libnx.a(nv.o)
 *fill*         0x000000000000a91c        0x4 
 .text._nvCleanup
                0x000000000000a920       0xd0 C:/devkitPro_sw/libnx/lib\libnx.a(nv.o)
 .text._nvCmdInitialize.constprop.0
                0x000000000000a9f0       0xdc C:/devkitPro_sw/libnx/lib\libnx.a(nv.o)
 *fill*         0x000000000000aacc        0x4 
 .text.nvInitialize
                0x000000000000aad0      0x23c C:/devkitPro_sw/libnx/lib\libnx.a(nv.o)
                0x000000000000aad0                nvInitialize
 *fill*         0x000000000000ad0c        0x4 
 .text.nvExit   0x000000000000ad10       0x44 C:/devkitPro_sw/libnx/lib\libnx.a(nv.o)
                0x000000000000ad10                nvExit
 *fill*         0x000000000000ad54        0xc 
 .text.nvConvertError
                0x000000000000ad60      0x140 C:/devkitPro_sw/libnx/lib\libnx.a(nv.o)
                0x000000000000ad60                nvConvertError
 .text.nvOpen   0x000000000000aea0      0x110 C:/devkitPro_sw/libnx/lib\libnx.a(nv.o)
                0x000000000000aea0                nvOpen
 .text.nvIoctl  0x000000000000afb0      0x24c C:/devkitPro_sw/libnx/lib\libnx.a(nv.o)
                0x000000000000afb0                nvIoctl
 *fill*         0x000000000000b1fc        0x4 
 .text.nvClose  0x000000000000b200       0xd4 C:/devkitPro_sw/libnx/lib\libnx.a(nv.o)
                0x000000000000b200                nvClose
 *fill*         0x000000000000b2d4        0xc 
 .text.nvQueryEvent
                0x000000000000b2e0      0x104 C:/devkitPro_sw/libnx/lib\libnx.a(nv.o)
                0x000000000000b2e0                nvQueryEvent
 *fill*         0x000000000000b3e4        0xc 
 .text._timeCleanup
                0x000000000000b3f0      0x1c8 C:/devkitPro_sw/libnx/lib\libnx.a(time.o)
 *fill*         0x000000000000b5b8        0x8 
 .text._timeCmdNoInOutU64.isra.0.constprop.0
                0x000000000000b5c0       0xc4 C:/devkitPro_sw/libnx/lib\libnx.a(time.o)
 *fill*         0x000000000000b684        0xc 
 .text._timeCmdGetSession.constprop.0
                0x000000000000b690       0xe4 C:/devkitPro_sw/libnx/lib\libnx.a(time.o)
 *fill*         0x000000000000b774        0xc 
 .text.timeInitialize
                0x000000000000b780      0x1d0 C:/devkitPro_sw/libnx/lib\libnx.a(time.o)
                0x000000000000b780                timeInitialize
 .text.timeExit
                0x000000000000b950       0x44 C:/devkitPro_sw/libnx/lib\libnx.a(time.o)
                0x000000000000b950                timeExit
 *fill*         0x000000000000b994        0xc 
 .text.timeGetServiceSession_SystemClock
                0x000000000000b9a0       0x38 C:/devkitPro_sw/libnx/lib\libnx.a(time.o)
                0x000000000000b9a0                timeGetServiceSession_SystemClock
 *fill*         0x000000000000b9d8        0x8 
 .text.timeGetCurrentTime
                0x000000000000b9e0       0x38 C:/devkitPro_sw/libnx/lib\libnx.a(time.o)
                0x000000000000b9e0                timeGetCurrentTime
 *fill*         0x000000000000ba18        0x8 
 .text.timeToCalendarTimeWithMyRule
                0x000000000000ba20      0x114 C:/devkitPro_sw/libnx/lib\libnx.a(time.o)
                0x000000000000ba20                timeToCalendarTimeWithMyRule
 *fill*         0x000000000000bb34        0xc 
 .text.timeToPosixTimeWithMyRule
                0x000000000000bb40      0x100 C:/devkitPro_sw/libnx/lib\libnx.a(time.o)
                0x000000000000bb40                timeToPosixTimeWithMyRule
 .text._viCleanup
                0x000000000000bc40      0x1dc C:/devkitPro_sw/libnx/lib\libnx.a(vi.o)
 *fill*         0x000000000000be1c        0x4 
 .text._viCmdGetSessionNoParams.constprop.0
                0x000000000000be20       0xe4 C:/devkitPro_sw/libnx/lib\libnx.a(vi.o)
 *fill*         0x000000000000bf04        0xc 
 .text._viCmdGetSession.constprop.0
                0x000000000000bf10       0xe0 C:/devkitPro_sw/libnx/lib\libnx.a(vi.o)
 .text.viInitialize
                0x000000000000bff0      0x260 C:/devkitPro_sw/libnx/lib\libnx.a(vi.o)
                0x000000000000bff0                viInitialize
 .text.viExit   0x000000000000c250       0x44 C:/devkitPro_sw/libnx/lib\libnx.a(vi.o)
                0x000000000000c250                viExit
 *fill*         0x000000000000c294        0xc 
 .text.viGetSession_IHOSBinderDriverRelay
                0x000000000000c2a0        0xc C:/devkitPro_sw/libnx/lib\libnx.a(vi.o)
                0x000000000000c2a0                viGetSession_IHOSBinderDriverRelay
 *fill*         0x000000000000c2ac        0x4 
 .text.viOpenDisplay
                0x000000000000c2b0      0x11c C:/devkitPro_sw/libnx/lib\libnx.a(vi.o)
                0x000000000000c2b0                viOpenDisplay
 *fill*         0x000000000000c3cc        0x4 
 .text.viCloseDisplay
                0x000000000000c3d0       0xf4 C:/devkitPro_sw/libnx/lib\libnx.a(vi.o)
                0x000000000000c3d0                viCloseDisplay
 *fill*         0x000000000000c4c4        0xc 
 .text.viCloseLayer
                0x000000000000c4d0       0xf4 C:/devkitPro_sw/libnx/lib\libnx.a(vi.o)
                0x000000000000c4d0                viCloseLayer
 *fill*         0x000000000000c5c4        0xc 
 .text.viCreateLayer
                0x000000000000c5d0      0x3c4 C:/devkitPro_sw/libnx/lib\libnx.a(vi.o)
                0x000000000000c5d0                viCreateLayer
 *fill*         0x000000000000c994        0xc 
 .text.viSetLayerScalingMode
                0x000000000000c9a0       0xd4 C:/devkitPro_sw/libnx/lib\libnx.a(vi.o)
                0x000000000000c9a0                viSetLayerScalingMode
 *fill*         0x000000000000ca74        0xc 
 .text._setsysGetFirmwareVersionImpl
                0x000000000000ca80       0xd0 C:/devkitPro_sw/libnx/lib\libnx.a(set.o)
 .text._setsysCleanup
                0x000000000000cb50       0x68 C:/devkitPro_sw/libnx/lib\libnx.a(set.o)
 *fill*         0x000000000000cbb8        0x8 
 .text.setsysInitialize
                0x000000000000cbc0       0xa0 C:/devkitPro_sw/libnx/lib\libnx.a(set.o)
                0x000000000000cbc0                setsysInitialize
 .text.setsysExit
                0x000000000000cc60       0x44 C:/devkitPro_sw/libnx/lib\libnx.a(set.o)
                0x000000000000cc60                setsysExit
 *fill*         0x000000000000cca4        0xc 
 .text.setsysGetFirmwareVersion
                0x000000000000ccb0       0x44 C:/devkitPro_sw/libnx/lib\libnx.a(set.o)
                0x000000000000ccb0                setsysGetFirmwareVersion
 *fill*         0x000000000000ccf4        0xc 
 .text._fsCleanup
                0x000000000000cd00       0xb4 C:/devkitPro_sw/libnx/lib\libnx.a(fs.o)
 *fill*         0x000000000000cdb4        0xc 
 .text._fsCmdNoIO
                0x000000000000cdc0      0x1dc C:/devkitPro_sw/libnx/lib\libnx.a(fs.o)
 *fill*         0x000000000000cf9c        0x4 
 .text._fsFsCmdWithInPath
                0x000000000000cfa0      0x1d4 C:/devkitPro_sw/libnx/lib\libnx.a(fs.o)
 *fill*         0x000000000000d174        0xc 
 .text._fsFsCmdWithTwoInPaths
                0x000000000000d180      0x1fc C:/devkitPro_sw/libnx/lib\libnx.a(fs.o)
 *fill*         0x000000000000d37c        0x4 
 .text._fsFsOpenCommon
                0x000000000000d380      0x22c C:/devkitPro_sw/libnx/lib\libnx.a(fs.o)
 *fill*         0x000000000000d5ac        0x4 
 .text._fsFsCmdWithInPathAndOutU64
                0x000000000000d5b0      0x1f0 C:/devkitPro_sw/libnx/lib\libnx.a(fs.o)
 .text._fsObjectClose
                0x000000000000d7a0       0xf4 C:/devkitPro_sw/libnx/lib\libnx.a(fs.o)
 *fill*         0x000000000000d894        0xc 
 .text._fsCmdGetSession.constprop.0
                0x000000000000d8a0      0x16c C:/devkitPro_sw/libnx/lib\libnx.a(fs.o)
 *fill*         0x000000000000da0c        0x4 
 .text.fsInitialize
                0x000000000000da10      0x30c C:/devkitPro_sw/libnx/lib\libnx.a(fs.o)
                0x000000000000da10                fsInitialize
 *fill*         0x000000000000dd1c        0x4 
 .text.fsExit   0x000000000000dd20       0x44 C:/devkitPro_sw/libnx/lib\libnx.a(fs.o)
                0x000000000000dd20                fsExit
 *fill*         0x000000000000dd64        0xc 
 .text.fsOpenSdCardFileSystem
                0x000000000000dd70        0x8 C:/devkitPro_sw/libnx/lib\libnx.a(fs.o)
                0x000000000000dd70                fsOpenSdCardFileSystem
 *fill*         0x000000000000dd78        0x8 
 .text.fsFsCreateFile
                0x000000000000dd80      0x1e4 C:/devkitPro_sw/libnx/lib\libnx.a(fs.o)
                0x000000000000dd80                fsFsCreateFile
 *fill*         0x000000000000df64        0xc 
 .text.fsFsDeleteFile
                0x000000000000df70        0x8 C:/devkitPro_sw/libnx/lib\libnx.a(fs.o)
                0x000000000000df70                fsFsDeleteFile
 *fill*         0x000000000000df78        0x8 
 .text.fsFsCreateDirectory
                0x000000000000df80        0x8 C:/devkitPro_sw/libnx/lib\libnx.a(fs.o)
                0x000000000000df80                fsFsCreateDirectory
 *fill*         0x000000000000df88        0x8 
 .text.fsFsDeleteDirectory
                0x000000000000df90        0x8 C:/devkitPro_sw/libnx/lib\libnx.a(fs.o)
                0x000000000000df90                fsFsDeleteDirectory
 *fill*         0x000000000000df98        0x8 
 .text.fsFsRenameFile
                0x000000000000dfa0        0x8 C:/devkitPro_sw/libnx/lib\libnx.a(fs.o)
                0x000000000000dfa0                fsFsRenameFile
 *fill*         0x000000000000dfa8        0x8 
 .text.fsFsRenameDirectory
                0x000000000000dfb0        0x8 C:/devkitPro_sw/libnx/lib\libnx.a(fs.o)
                0x000000000000dfb0                fsFsRenameDirectory
 *fill*         0x000000000000dfb8        0x8 
 .text.fsFsGetEntryType
                0x000000000000dfc0      0x1e8 C:/devkitPro_sw/libnx/lib\libnx.a(fs.o)
                0x000000000000dfc0                fsFsGetEntryType
 *fill*         0x000000000000e1a8        0x8 
 .text.fsFsOpenFile
                0x000000000000e1b0        0x8 C:/devkitPro_sw/libnx/lib\libnx.a(fs.o)
                0x000000000000e1b0                fsFsOpenFile
 *fill*         0x000000000000e1b8        0x8 
 .text.fsFsOpenDirectory
                0x000000000000e1c0        0x8 C:/devkitPro_sw/libnx/lib\libnx.a(fs.o)
                0x000000000000e1c0                fsFsOpenDirectory
 *fill*         0x000000000000e1c8        0x8 
 .text.fsFsGetFreeSpace
                0x000000000000e1d0        0x8 C:/devkitPro_sw/libnx/lib\libnx.a(fs.o)
                0x000000000000e1d0                fsFsGetFreeSpace
 *fill*         0x000000000000e1d8        0x8 
 .text.fsFsGetTotalSpace
                0x000000000000e1e0        0x8 C:/devkitPro_sw/libnx/lib\libnx.a(fs.o)
                0x000000000000e1e0                fsFsGetTotalSpace
 *fill*         0x000000000000e1e8        0x8 
 .text.fsFsGetFileTimeStampRaw
                0x000000000000e1f0      0x22c C:/devkitPro_sw/libnx/lib\libnx.a(fs.o)
                0x000000000000e1f0                fsFsGetFileTimeStampRaw
 *fill*         0x000000000000e41c        0x4 
 .text.fsFsClose
                0x000000000000e420        0x4 C:/devkitPro_sw/libnx/lib\libnx.a(fs.o)
                0x000000000000e420                fsFsClose
 *fill*         0x000000000000e424        0xc 
 .text.fsFileRead
                0x000000000000e430      0x218 C:/devkitPro_sw/libnx/lib\libnx.a(fs.o)
                0x000000000000e430                fsFileRead
 *fill*         0x000000000000e648        0x8 
 .text.fsFileWrite
                0x000000000000e650      0x208 C:/devkitPro_sw/libnx/lib\libnx.a(fs.o)
                0x000000000000e650                fsFileWrite
 *fill*         0x000000000000e858        0x8 
 .text.fsFileFlush
                0x000000000000e860        0x8 C:/devkitPro_sw/libnx/lib\libnx.a(fs.o)
                0x000000000000e860                fsFileFlush
 *fill*         0x000000000000e868        0x8 
 .text.fsFileSetSize
                0x000000000000e870      0x1e0 C:/devkitPro_sw/libnx/lib\libnx.a(fs.o)
                0x000000000000e870                fsFileSetSize
 .text.fsFileGetSize
                0x000000000000ea50      0x1f0 C:/devkitPro_sw/libnx/lib\libnx.a(fs.o)
                0x000000000000ea50                fsFileGetSize
 .text.fsFileClose
                0x000000000000ec40        0x4 C:/devkitPro_sw/libnx/lib\libnx.a(fs.o)
                0x000000000000ec40                fsFileClose
 *fill*         0x000000000000ec44        0xc 
 .text.fsDirClose
                0x000000000000ec50        0x4 C:/devkitPro_sw/libnx/lib\libnx.a(fs.o)
                0x000000000000ec50                fsDirClose
 *fill*         0x000000000000ec54        0xc 
 .text.fsDirRead
                0x000000000000ec60      0x200 C:/devkitPro_sw/libnx/lib\libnx.a(fs.o)
                0x000000000000ec60                fsDirRead
 .text._nvFenceCleanup
                0x000000000000ee60       0x7c C:/devkitPro_sw/libnx/lib\libnx.a(fence.o)
 *fill*         0x000000000000eedc        0x4 
 .text._nvFenceEventWaitCommon
                0x000000000000eee0       0x60 C:/devkitPro_sw/libnx/lib\libnx.a(fence.o)
 .text.nvFenceInit
                0x000000000000ef40       0x98 C:/devkitPro_sw/libnx/lib\libnx.a(fence.o)
                0x000000000000ef40                nvFenceInit
 *fill*         0x000000000000efd8        0x8 
 .text.nvFenceExit
                0x000000000000efe0       0x44 C:/devkitPro_sw/libnx/lib\libnx.a(fence.o)
                0x000000000000efe0                nvFenceExit
 *fill*         0x000000000000f024        0xc 
 .text.nvFenceWait
                0x000000000000f030      0x1cc C:/devkitPro_sw/libnx/lib\libnx.a(fence.o)
                0x000000000000f030                nvFenceWait
 *fill*         0x000000000000f1fc        0x4 
 .text.nvMultiFenceWait
                0x000000000000f200       0x74 C:/devkitPro_sw/libnx/lib\libnx.a(fence.o)
                0x000000000000f200                nvMultiFenceWait
 *fill*         0x000000000000f274        0xc 
 .text.nvMapInit
                0x000000000000f280       0xb4 C:/devkitPro_sw/libnx/lib\libnx.a(map.o)
                0x000000000000f280                nvMapInit
 *fill*         0x000000000000f334        0xc 
 .text.nvMapExit
                0x000000000000f340       0x6c C:/devkitPro_sw/libnx/lib\libnx.a(map.o)
                0x000000000000f340                nvMapExit
 *fill*         0x000000000000f3ac        0x4 
 .text.nvMapClose
                0x000000000000f3b0       0x80 C:/devkitPro_sw/libnx/lib\libnx.a(map.o)
                0x000000000000f3b0                nvMapClose
 .text.nvMapCreate
                0x000000000000f430      0x160 C:/devkitPro_sw/libnx/lib\libnx.a(map.o)
                0x000000000000f430                nvMapCreate
 .text.nvioctlNvhostCtrl_EventSignal
                0x000000000000f590       0x28 C:/devkitPro_sw/libnx/lib\libnx.a(nvhost-ctrl.o)
                0x000000000000f590                nvioctlNvhostCtrl_EventSignal
 *fill*         0x000000000000f5b8        0x8 
 .text.nvioctlNvhostCtrl_EventWait
                0x000000000000f5c0       0x44 C:/devkitPro_sw/libnx/lib\libnx.a(nvhost-ctrl.o)
                0x000000000000f5c0                nvioctlNvhostCtrl_EventWait
 *fill*         0x000000000000f604        0xc 
 .text.nvioctlNvhostCtrl_EventWaitAsync
                0x000000000000f610       0x30 C:/devkitPro_sw/libnx/lib\libnx.a(nvhost-ctrl.o)
                0x000000000000f610                nvioctlNvhostCtrl_EventWaitAsync
 .text.nvioctlNvhostCtrl_EventRegister
                0x000000000000f640       0x28 C:/devkitPro_sw/libnx/lib\libnx.a(nvhost-ctrl.o)
                0x000000000000f640                nvioctlNvhostCtrl_EventRegister
 *fill*         0x000000000000f668        0x8 
 .text.nvioctlNvhostCtrl_EventUnregister
                0x000000000000f670       0x28 C:/devkitPro_sw/libnx/lib\libnx.a(nvhost-ctrl.o)
                0x000000000000f670                nvioctlNvhostCtrl_EventUnregister
 *fill*         0x000000000000f698        0x8 
 .text.nvioctlNvmap_Create
                0x000000000000f6a0       0x40 C:/devkitPro_sw/libnx/lib\libnx.a(nvmap.o)
                0x000000000000f6a0                nvioctlNvmap_Create
 .text.nvioctlNvmap_Alloc
                0x000000000000f6e0       0x44 C:/devkitPro_sw/libnx/lib\libnx.a(nvmap.o)
                0x000000000000f6e0                nvioctlNvmap_Alloc
 *fill*         0x000000000000f724        0xc 
 .text.nvioctlNvmap_Free
                0x000000000000f730       0x30 C:/devkitPro_sw/libnx/lib\libnx.a(nvmap.o)
                0x000000000000f730                nvioctlNvmap_Free
 .text.nvioctlNvmap_GetId
                0x000000000000f760       0x40 C:/devkitPro_sw/libnx/lib\libnx.a(nvmap.o)
                0x000000000000f760                nvioctlNvmap_GetId
 .text.bqRequestBuffer
                0x000000000000f7a0       0xd8 C:/devkitPro_sw/libnx/lib\libnx.a(buffer_producer.o)
                0x000000000000f7a0                bqRequestBuffer
 *fill*         0x000000000000f878        0x8 
 .text.bqDequeueBuffer
                0x000000000000f880      0x168 C:/devkitPro_sw/libnx/lib\libnx.a(buffer_producer.o)
                0x000000000000f880                bqDequeueBuffer
 *fill*         0x000000000000f9e8        0x8 
 .text.bqQueueBuffer
                0x000000000000f9f0       0xdc C:/devkitPro_sw/libnx/lib\libnx.a(buffer_producer.o)
                0x000000000000f9f0                bqQueueBuffer
 *fill*         0x000000000000facc        0x4 
 .text.bqCancelBuffer
                0x000000000000fad0       0x94 C:/devkitPro_sw/libnx/lib\libnx.a(buffer_producer.o)
                0x000000000000fad0                bqCancelBuffer
 *fill*         0x000000000000fb64        0xc 
 .text.bqConnect
                0x000000000000fb70       0xe8 C:/devkitPro_sw/libnx/lib\libnx.a(buffer_producer.o)
                0x000000000000fb70                bqConnect
 *fill*         0x000000000000fc58        0x8 
 .text.bqDisconnect
                0x000000000000fc60       0x9c C:/devkitPro_sw/libnx/lib\libnx.a(buffer_producer.o)
                0x000000000000fc60                bqDisconnect
 *fill*         0x000000000000fcfc        0x4 
 .text.bqSetPreallocatedBuffer
                0x000000000000fd00      0x174 C:/devkitPro_sw/libnx/lib\libnx.a(buffer_producer.o)
                0x000000000000fd00                bqSetPreallocatedBuffer
 *fill*         0x000000000000fe74        0xc 
 .text.binderCreate
                0x000000000000fe80       0x18 C:/devkitPro_sw/libnx/lib\libnx.a(binder.o)
                0x000000000000fe80                binderCreate
 *fill*         0x000000000000fe98        0x8 
 .text.binderTransactParcel
                0x000000000000fea0      0x39c C:/devkitPro_sw/libnx/lib\libnx.a(binder.o)
                0x000000000000fea0                binderTransactParcel
 *fill*         0x000000000001023c        0x4 
 .text.binderConvertErrorCode
                0x0000000000010240      0x124 C:/devkitPro_sw/libnx/lib\libnx.a(binder.o)
                0x0000000000010240                binderConvertErrorCode
 *fill*         0x0000000000010364        0xc 
 .text.binderAdjustRefcount
                0x0000000000010370      0x120 C:/devkitPro_sw/libnx/lib\libnx.a(binder.o)
                0x0000000000010370                binderAdjustRefcount
 .text.binderInitSession
                0x0000000000010490       0x98 C:/devkitPro_sw/libnx/lib\libnx.a(binder.o)
                0x0000000000010490                binderInitSession
 *fill*         0x0000000000010528        0x8 
 .text.binderClose
                0x0000000000010530       0x68 C:/devkitPro_sw/libnx/lib\libnx.a(binder.o)
                0x0000000000010530                binderClose
 *fill*         0x0000000000010598        0x8 
 .text.binderGetNativeHandle
                0x00000000000105a0      0x154 C:/devkitPro_sw/libnx/lib\libnx.a(binder.o)
                0x00000000000105a0                binderGetNativeHandle
 *fill*         0x00000000000106f4        0xc 
 .text.parcelCreate
                0x0000000000010700       0x30 C:/devkitPro_sw/libnx/lib\libnx.a(parcel.o)
                0x0000000000010700                parcelCreate
 .text.parcelTransact
                0x0000000000010730      0x19c C:/devkitPro_sw/libnx/lib\libnx.a(parcel.o)
                0x0000000000010730                parcelTransact
 *fill*         0x00000000000108cc        0x4 
 .text.parcelWriteData
                0x00000000000108d0       0x88 C:/devkitPro_sw/libnx/lib\libnx.a(parcel.o)
                0x00000000000108d0                parcelWriteData
 *fill*         0x0000000000010958        0x8 
 .text.parcelReadData
                0x0000000000010960       0x98 C:/devkitPro_sw/libnx/lib\libnx.a(parcel.o)
                0x0000000000010960                parcelReadData
 *fill*         0x00000000000109f8        0x8 
 .text.parcelWriteInt32
                0x0000000000010a00       0x20 C:/devkitPro_sw/libnx/lib\libnx.a(parcel.o)
                0x0000000000010a00                parcelWriteInt32
 .text.parcelWriteUInt32
                0x0000000000010a20       0x20 C:/devkitPro_sw/libnx/lib\libnx.a(parcel.o)
                0x0000000000010a20                parcelWriteUInt32
 .text.parcelWriteString16
                0x0000000000010a40       0x7c C:/devkitPro_sw/libnx/lib\libnx.a(parcel.o)
                0x0000000000010a40                parcelWriteString16
 *fill*         0x0000000000010abc        0x4 
 .text.parcelWriteInterfaceToken
                0x0000000000010ac0       0x30 C:/devkitPro_sw/libnx/lib\libnx.a(parcel.o)
                0x0000000000010ac0                parcelWriteInterfaceToken
 .text.parcelReadInt32
                0x0000000000010af0       0x24 C:/devkitPro_sw/libnx/lib\libnx.a(parcel.o)
                0x0000000000010af0                parcelReadInt32
 *fill*         0x0000000000010b14        0xc 
 .text.parcelReadFlattenedObject
                0x0000000000010b20       0x68 C:/devkitPro_sw/libnx/lib\libnx.a(parcel.o)
                0x0000000000010b20                parcelReadFlattenedObject
 *fill*         0x0000000000010b88        0x8 
 .text.parcelWriteFlattenedObject
                0x0000000000010b90       0x4c C:/devkitPro_sw/libnx/lib\libnx.a(parcel.o)
                0x0000000000010b90                parcelWriteFlattenedObject
 *fill*         0x0000000000010bdc        0x4 
 .text.nxlinkSetup
                0x0000000000010be0       0xc4 C:/devkitPro_sw/libnx/lib\libnx.a(nxlink.o)
                0x0000000000010be0                nxlinkSetup
 *fill*         0x0000000000010ca4        0xc 
 .text.sessionmgrCreate
                0x0000000000010cb0      0x180 C:/devkitPro_sw/libnx/lib\libnx.a(sessionmgr.o)
                0x0000000000010cb0                sessionmgrCreate
 .text.sessionmgrClose
                0x0000000000010e30       0x84 C:/devkitPro_sw/libnx/lib\libnx.a(sessionmgr.o)
                0x0000000000010e30                sessionmgrClose
 *fill*         0x0000000000010eb4        0xc 
 .text.sessionmgrAttachClient
                0x0000000000010ec0       0xa4 C:/devkitPro_sw/libnx/lib\libnx.a(sessionmgr.o)
                0x0000000000010ec0                sessionmgrAttachClient
 *fill*         0x0000000000010f64        0xc 
 .text.sessionmgrDetachClient
                0x0000000000010f70       0x74 C:/devkitPro_sw/libnx/lib\libnx.a(sessionmgr.o)
                0x0000000000010f70                sessionmgrDetachClient
 *fill*         0x0000000000010fe4        0x4 
 .text.aligned_alloc
                0x0000000000010fe8       0x3c c:/devkitpro_sw/devkita64/bin/../lib/gcc/aarch64-none-elf/9.2.0/../../../../aarch64-none-elf/lib/pic\libg.a(lib_a-aligned_alloc.o)
                0x0000000000010fe8                aligned_alloc
 *fill*         0x0000000000011024        0x4 
 .text.bsearch  0x0000000000011028       0xb8 c:/devkitpro_sw/devkita64/bin/../lib/gcc/aarch64-none-elf/9.2.0/../../../../aarch64-none-elf/lib/pic\libg.a(lib_a-bsearch.o)
                0x0000000000011028                bsearch
 .text.calloc   0x00000000000110e0       0x2c c:/devkitpro_sw/devkita64/bin/../lib/gcc/aarch64-none-elf/9.2.0/../../../../aarch64-none-elf/lib/pic\libg.a(lib_a-calloc.o)
                0x00000000000110e0                calloc
 *fill*         0x000000000001110c        0x4 
 .text._calloc_r
                0x0000000000011110       0x94 c:/devkitpro_sw/devkita64/bin/../lib/gcc/aarch64-none-elf/9.2.0/../../../../aarch64-none-elf/lib/pic\libg.a(lib_a-callocr.o)
                0x0000000000011110                _calloc_r
 *fill*         0x00000000000111a4        0x4 
 .text.__errno  0x00000000000111a8       0x14 c:/devkitpro_sw/devkita64/bin/../lib/gcc/aarch64-none-elf/9.2.0/../../../../aarch64-none-elf/lib/pic\libg.a(lib_a-errno.o)
                0x00000000000111a8                __errno
 *fill*         0x00000000000111bc        0x4 
 .text.__libc_fini_array
                0x00000000000111c0       0x4c c:/devkitpro_sw/devkita64/bin/../lib/gcc/aarch64-none-elf/9.2.0/../../../../aarch64-none-elf/lib/pic\libg.a(lib_a-fini.o)
                0x00000000000111c0                __libc_fini_array
 *fill*         0x000000000001120c        0x4 
 .text.gmtime   0x0000000000011210       0x2c c:/devkitpro_sw/devkita64/bin/../lib/gcc/aarch64-none-elf/9.2.0/../../../../aarch64-none-elf/lib/pic\libg.a(lib_a-gmtime.o)
                0x0000000000011210                gmtime
 *fill*         0x000000000001123c        0x4 
 .text.gmtime_r
                0x0000000000011240      0x29c c:/devkitpro_sw/devkita64/bin/../lib/gcc/aarch64-none-elf/9.2.0/../../../../aarch64-none-elf/lib/pic\libg.a(lib_a-gmtime_r.o)
                0x0000000000011240                gmtime_r
 *fill*         0x00000000000114dc        0x4 
 .text.__libc_init_array
                0x00000000000114e0       0x9c c:/devkitpro_sw/devkita64/bin/../lib/gcc/aarch64-none-elf/9.2.0/../../../../aarch64-none-elf/lib/pic\libg.a(lib_a-init.o)
                0x00000000000114e0                __libc_init_array
 *fill*         0x000000000001157c        0x4 
 .text.memalign
                0x0000000000011580       0x2c c:/devkitpro_sw/devkita64/bin/../lib/gcc/aarch64-none-elf/9.2.0/../../../../aarch64-none-elf/lib/pic\libg.a(lib_a-malign.o)
                0x0000000000011580                memalign
 *fill*         0x00000000000115ac        0x4 
 .text._memalign_r
                0x00000000000115b0      0x1a0 c:/devkitpro_sw/devkita64/bin/../lib/gcc/aarch64-none-elf/9.2.0/../../../../aarch64-none-elf/lib/pic\libg.a(lib_a-malignr.o)
                0x00000000000115b0                _memalign_r
 .text.malloc   0x0000000000011750       0x24 c:/devkitpro_sw/devkita64/bin/../lib/gcc/aarch64-none-elf/9.2.0/../../../../aarch64-none-elf/lib/pic\libg.a(lib_a-malloc.o)
                0x0000000000011750                malloc
 *fill*         0x0000000000011774        0x4 
 .text.free     0x0000000000011778       0x24 c:/devkitpro_sw/devkita64/bin/../lib/gcc/aarch64-none-elf/9.2.0/../../../../aarch64-none-elf/lib/pic\libg.a(lib_a-malloc.o)
                0x0000000000011778                free
 *fill*         0x000000000001179c        0x4 
 .text._malloc_r
                0x00000000000117a0      0x874 c:/devkitpro_sw/devkita64/bin/../lib/gcc/aarch64-none-elf/9.2.0/../../../../aarch64-none-elf/lib/pic\libg.a(lib_a-mallocr.o)
                0x00000000000117a0                _malloc_r
 .text          0x0000000000012014       0xd8 c:/devkitpro_sw/devkita64/bin/../lib/gcc/aarch64-none-elf/9.2.0/../../../../aarch64-none-elf/lib/pic\libg.a(lib_a-memchr.o)
                0x0000000000012014                memchr
 *fill*         0x00000000000120ec       0x14 
 .text          0x0000000000012100      0x16c c:/devkitpro_sw/devkita64/bin/../lib/gcc/aarch64-none-elf/9.2.0/../../../../aarch64-none-elf/lib/pic\libg.a(lib_a-memcpy.o)
                0x0000000000012100                memcpy
 *fill*         0x000000000001226c       0x14 
 .text          0x0000000000012280      0x1dc c:/devkitpro_sw/devkita64/bin/../lib/gcc/aarch64-none-elf/9.2.0/../../../../aarch64-none-elf/lib/pic\libg.a(lib_a-memset.o)
                0x0000000000012280                memset
 *fill*         0x000000000001245c        0x4 
 .text.__malloc_lock
                0x0000000000012460        0xc c:/devkitpro_sw/devkita64/bin/../lib/gcc/aarch64-none-elf/9.2.0/../../../../aarch64-none-elf/lib/pic\libg.a(lib_a-mlock.o)
                0x0000000000012460                __malloc_lock
 *fill*         0x000000000001246c        0x4 
 .text.__malloc_unlock
                0x0000000000012470        0xc c:/devkitpro_sw/devkita64/bin/../lib/gcc/aarch64-none-elf/9.2.0/../../../../aarch64-none-elf/lib/pic\libg.a(lib_a-mlock.o)
                0x0000000000012470                __malloc_unlock
 *fill*         0x000000000001247c        0x4 
 .text.printf   0x0000000000012480       0x90 c:/devkitpro_sw/devkita64/bin/../lib/gcc/aarch64-none-elf/9.2.0/../../../../aarch64-none-elf/lib/pic\libg.a(lib_a-printf.o)
                0x0000000000012480                printf
 .text._puts_r  0x0000000000012510       0xd0 c:/devkitpro_sw/devkita64/bin/../lib/gcc/aarch64-none-elf/9.2.0/../../../../aarch64-none-elf/lib/pic\libg.a(lib_a-puts.o)
                0x0000000000012510                _puts_r
 .text.puts     0x00000000000125e0       0x24 c:/devkitpro_sw/devkita64/bin/../lib/gcc/aarch64-none-elf/9.2.0/../../../../aarch64-none-elf/lib/pic\libg.a(lib_a-puts.o)
                0x00000000000125e0                puts
 *fill*         0x0000000000012604        0x4 
 .text.srand    0x0000000000012608       0x24 c:/devkitpro_sw/devkita64/bin/../lib/gcc/aarch64-none-elf/9.2.0/../../../../aarch64-none-elf/lib/pic\libg.a(lib_a-rand.o)
                0x0000000000012608                srand
 *fill*         0x000000000001262c        0x4 
 .text.rand     0x0000000000012630       0x38 c:/devkitpro_sw/devkita64/bin/../lib/gcc/aarch64-none-elf/9.2.0/../../../../aarch64-none-elf/lib/pic\libg.a(lib_a-rand.o)
                0x0000000000012630                rand
 .text.setenv   0x0000000000012668       0x3c c:/devkitpro_sw/devkita64/bin/../lib/gcc/aarch64-none-elf/9.2.0/../../../../aarch64-none-elf/lib/pic\libg.a(lib_a-setenv.o)
                0x0000000000012668                setenv
 *fill*         0x00000000000126a4        0x4 
 .text._setenv_r
                0x00000000000126a8      0x268 c:/devkitpro_sw/devkita64/bin/../lib/gcc/aarch64-none-elf/9.2.0/../../../../aarch64-none-elf/lib/pic\libg.a(lib_a-setenv_r.o)
                0x00000000000126a8                _setenv_r
 .text.setvbuf  0x0000000000012910      0x278 c:/devkitpro_sw/devkita64/bin/../lib/gcc/aarch64-none-elf/9.2.0/../../../../aarch64-none-elf/lib/pic\libg.a(lib_a-setvbuf.o)
                0x0000000000012910                setvbuf
 .text.sscanf   0x0000000000012b88       0xc0 c:/devkitpro_sw/devkita64/bin/../lib/gcc/aarch64-none-elf/9.2.0/../../../../aarch64-none-elf/lib/pic\libg.a(lib_a-sscanf.o)
                0x0000000000012b88                sscanf
 .text.__sread  0x0000000000012c48       0x50 c:/devkitpro_sw/devkita64/bin/../lib/gcc/aarch64-none-elf/9.2.0/../../../../aarch64-none-elf/lib/pic\libg.a(lib_a-stdio.o)
                0x0000000000012c48                __sread
 .text.__seofread
                0x0000000000012c98        0x8 c:/devkitpro_sw/devkita64/bin/../lib/gcc/aarch64-none-elf/9.2.0/../../../../aarch64-none-elf/lib/pic\libg.a(lib_a-stdio.o)
                0x0000000000012c98                __seofread
 .text.__swrite
                0x0000000000012ca0       0x6c c:/devkitpro_sw/devkita64/bin/../lib/gcc/aarch64-none-elf/9.2.0/../../../../aarch64-none-elf/lib/pic\libg.a(lib_a-stdio.o)
                0x0000000000012ca0                __swrite
 *fill*         0x0000000000012d0c        0x4 
 .text.__sseek  0x0000000000012d10       0x50 c:/devkitpro_sw/devkita64/bin/../lib/gcc/aarch64-none-elf/9.2.0/../../../../aarch64-none-elf/lib/pic\libg.a(lib_a-stdio.o)
                0x0000000000012d10                __sseek
 .text.__sclose
                0x0000000000012d60        0x8 c:/devkitpro_sw/devkita64/bin/../lib/gcc/aarch64-none-elf/9.2.0/../../../../aarch64-none-elf/lib/pic\libg.a(lib_a-stdio.o)
                0x0000000000012d60                __sclose
 .text          0x0000000000012d68       0xdc c:/devkitpro_sw/devkita64/bin/../lib/gcc/aarch64-none-elf/9.2.0/../../../../aarch64-none-elf/lib/pic\libg.a(lib_a-strchr.o)
                0x0000000000012d68                strchr
 *fill*         0x0000000000012e44       0x3c 
 .text          0x0000000000012e80       0xe4 c:/devkitpro_sw/devkita64/bin/../lib/gcc/aarch64-none-elf/9.2.0/../../../../aarch64-none-elf/lib/pic\libg.a(lib_a-strcmp.o)
                0x0000000000012e80                strcmp
 *fill*         0x0000000000012f64       0x1c 
 .text          0x0000000000012f80      0x140 c:/devkitpro_sw/devkita64/bin/../lib/gcc/aarch64-none-elf/9.2.0/../../../../aarch64-none-elf/lib/pic\libg.a(lib_a-strlen.o)
                0x0000000000012f80                strlen
 .text.strncat  0x00000000000130c0       0x84 c:/devkitpro_sw/devkita64/bin/../lib/gcc/aarch64-none-elf/9.2.0/../../../../aarch64-none-elf/lib/pic\libg.a(lib_a-strncat.o)
                0x00000000000130c0                strncat
 *fill*         0x0000000000013144       0x3c 
 .text          0x0000000000013180      0x1d4 c:/devkitpro_sw/devkita64/bin/../lib/gcc/aarch64-none-elf/9.2.0/../../../../aarch64-none-elf/lib/pic\libg.a(lib_a-strncmp.o)
                0x000000000001319c                strncmp
 *fill*         0x0000000000013354        0x4 
 .text.strncpy  0x0000000000013358       0x9c c:/devkitpro_sw/devkita64/bin/../lib/gcc/aarch64-none-elf/9.2.0/../../../../aarch64-none-elf/lib/pic\libg.a(lib_a-strncpy.o)
                0x0000000000013358                strncpy
 *fill*         0x00000000000133f4        0xc 
 .text          0x0000000000013400       0xe0 c:/devkitpro_sw/devkita64/bin/../lib/gcc/aarch64-none-elf/9.2.0/../../../../aarch64-none-elf/lib/pic\libg.a(lib_a-strnlen.o)
                0x0000000000013424                strnlen
 .text._strtoul_l.isra.0
                0x00000000000134e0      0x1ac c:/devkitpro_sw/devkita64/bin/../lib/gcc/aarch64-none-elf/9.2.0/../../../../aarch64-none-elf/lib/pic\libg.a(lib_a-strtoul.o)
 *fill*         0x000000000001368c        0x4 
 .text._strtoul_r
                0x0000000000013690       0x44 c:/devkitpro_sw/devkita64/bin/../lib/gcc/aarch64-none-elf/9.2.0/../../../../aarch64-none-elf/lib/pic\libg.a(lib_a-strtoul.o)
                0x0000000000013690                _strtoul_r
 *fill*         0x00000000000136d4        0x4 
 .text.strtoul  0x00000000000136d8       0x48 c:/devkitpro_sw/devkita64/bin/../lib/gcc/aarch64-none-elf/9.2.0/../../../../aarch64-none-elf/lib/pic\libg.a(lib_a-strtoul.o)
                0x00000000000136d8                strtoul
 .text.get_arg  0x0000000000013720       0x74 c:/devkitpro_sw/devkita64/bin/../lib/gcc/aarch64-none-elf/9.2.0/../../../../aarch64-none-elf/lib/pic\libg.a(lib_a-svfscanf.o)
 .text.__ssvfscanf_r
                0x0000000000013794     0x3204 c:/devkitpro_sw/devkita64/bin/../lib/gcc/aarch64-none-elf/9.2.0/../../../../aarch64-none-elf/lib/pic\libg.a(lib_a-svfscanf.o)
                0x0000000000013794                __ssvfscanf_r
 .text.time     0x0000000000016998       0x40 c:/devkitpro_sw/devkita64/bin/../lib/gcc/aarch64-none-elf/9.2.0/../../../../aarch64-none-elf/lib/pic\libg.a(lib_a-time.o)
                0x0000000000016998                time
 .text.get_arg  0x00000000000169d8      0x784 c:/devkitpro_sw/devkita64/bin/../lib/gcc/aarch64-none-elf/9.2.0/../../../../aarch64-none-elf/lib/pic\libg.a(lib_a-vfprintf.o)
 .text._vfprintf_r
                0x000000000001715c     0x3cc4 c:/devkitpro_sw/devkita64/bin/../lib/gcc/aarch64-none-elf/9.2.0/../../../../aarch64-none-elf/lib/pic\libg.a(lib_a-vfprintf.o)
                0x000000000001715c                _vfprintf_r
 .text.__sbprintf
                0x000000000001ae20       0xf4 c:/devkitpro_sw/devkita64/bin/../lib/gcc/aarch64-none-elf/9.2.0/../../../../aarch64-none-elf/lib/pic\libg.a(lib_a-vfprintf.o)
 *fill*         0x000000000001af14        0x4 
 .text._wcrtomb_r
                0x000000000001af18       0xd0 c:/devkitpro_sw/devkita64/bin/../lib/gcc/aarch64-none-elf/9.2.0/../../../../aarch64-none-elf/lib/pic\libg.a(lib_a-wcrtomb.o)
                0x000000000001af18                _wcrtomb_r
 .text._wcsrtombs_r
                0x000000000001afe8       0x10 c:/devkitpro_sw/devkita64/bin/../lib/gcc/aarch64-none-elf/9.2.0/../../../../aarch64-none-elf/lib/pic\libg.a(lib_a-wcsrtombs.o)
                0x000000000001afe8                _wcsrtombs_r
 .text.__swsetup_r
                0x000000000001aff8      0x138 c:/devkitpro_sw/devkita64/bin/../lib/gcc/aarch64-none-elf/9.2.0/../../../../aarch64-none-elf/lib/pic\libg.a(lib_a-wsetup.o)
                0x000000000001aff8                __swsetup_r
 .text.__call_exitprocs
                0x000000000001b130      0x12c c:/devkitpro_sw/devkita64/bin/../lib/gcc/aarch64-none-elf/9.2.0/../../../../aarch64-none-elf/lib/pic\libg.a(lib_a-__call_atexit.o)
                0x000000000001b130                __call_exitprocs
 *fill*         0x000000000001b25c        0x4 
 .text.quorem   0x000000000001b260      0x19c c:/devkitpro_sw/devkita64/bin/../lib/gcc/aarch64-none-elf/9.2.0/../../../../aarch64-none-elf/lib/pic\libg.a(lib_a-dtoa.o)
 *fill*         0x000000000001b3fc        0x4 
 .text._dtoa_r  0x000000000001b400     0x1124 c:/devkitpro_sw/devkita64/bin/../lib/gcc/aarch64-none-elf/9.2.0/../../../../aarch64-none-elf/lib/pic\libg.a(lib_a-dtoa.o)
                0x000000000001b400                _dtoa_r
 *fill*         0x000000000001c524        0x4 
 .text.__env_lock
                0x000000000001c528        0xc c:/devkitpro_sw/devkita64/bin/../lib/gcc/aarch64-none-elf/9.2.0/../../../../aarch64-none-elf/lib/pic\libg.a(lib_a-envlock.o)
                0x000000000001c528                __env_lock
 *fill*         0x000000000001c534        0x4 
 .text.__env_unlock
                0x000000000001c538        0xc c:/devkitpro_sw/devkita64/bin/../lib/gcc/aarch64-none-elf/9.2.0/../../../../aarch64-none-elf/lib/pic\libg.a(lib_a-envlock.o)
                0x000000000001c538                __env_unlock
 *fill*         0x000000000001c544        0x4 
 .text.__sflush_r
                0x000000000001c548      0x214 c:/devkitpro_sw/devkita64/bin/../lib/gcc/aarch64-none-elf/9.2.0/../../../../aarch64-none-elf/lib/pic\libg.a(lib_a-fflush.o)
                0x000000000001c548                __sflush_r
 *fill*         0x000000000001c75c        0x4 
 .text._fflush_r
                0x000000000001c760       0xb8 c:/devkitpro_sw/devkita64/bin/../lib/gcc/aarch64-none-elf/9.2.0/../../../../aarch64-none-elf/lib/pic\libg.a(lib_a-fflush.o)
                0x000000000001c760                _fflush_r
 .text.std      0x000000000001c818       0x80 c:/devkitpro_sw/devkita64/bin/../lib/gcc/aarch64-none-elf/9.2.0/../../../../aarch64-none-elf/lib/pic\libg.a(lib_a-findfp.o)
 .text._cleanup_r
                0x000000000001c898        0xc c:/devkitpro_sw/devkita64/bin/../lib/gcc/aarch64-none-elf/9.2.0/../../../../aarch64-none-elf/lib/pic\libg.a(lib_a-findfp.o)
                0x000000000001c898                _cleanup_r
 *fill*         0x000000000001c8a4        0x4 
 .text.__sfp_lock_acquire
                0x000000000001c8a8        0xc c:/devkitpro_sw/devkita64/bin/../lib/gcc/aarch64-none-elf/9.2.0/../../../../aarch64-none-elf/lib/pic\libg.a(lib_a-findfp.o)
                0x000000000001c8a8                __sfp_lock_acquire
 *fill*         0x000000000001c8b4        0x4 
 .text.__sfp_lock_release
                0x000000000001c8b8        0xc c:/devkitpro_sw/devkita64/bin/../lib/gcc/aarch64-none-elf/9.2.0/../../../../aarch64-none-elf/lib/pic\libg.a(lib_a-findfp.o)
                0x000000000001c8b8                __sfp_lock_release
 *fill*         0x000000000001c8c4        0x4 
 .text.__sinit_lock_acquire
                0x000000000001c8c8        0xc c:/devkitpro_sw/devkita64/bin/../lib/gcc/aarch64-none-elf/9.2.0/../../../../aarch64-none-elf/lib/pic\libg.a(lib_a-findfp.o)
                0x000000000001c8c8                __sinit_lock_acquire
 *fill*         0x000000000001c8d4        0x4 
 .text.__sinit_lock_release
                0x000000000001c8d8        0xc c:/devkitpro_sw/devkita64/bin/../lib/gcc/aarch64-none-elf/9.2.0/../../../../aarch64-none-elf/lib/pic\libg.a(lib_a-findfp.o)
                0x000000000001c8d8                __sinit_lock_release
 *fill*         0x000000000001c8e4        0x4 
 .text.__sinit  0x000000000001c8e8       0x80 c:/devkitpro_sw/devkita64/bin/../lib/gcc/aarch64-none-elf/9.2.0/../../../../aarch64-none-elf/lib/pic\libg.a(lib_a-findfp.o)
                0x000000000001c8e8                __sinit
 .text._malloc_trim_r
                0x000000000001c968      0x118 c:/devkitpro_sw/devkita64/bin/../lib/gcc/aarch64-none-elf/9.2.0/../../../../aarch64-none-elf/lib/pic\libg.a(lib_a-freer.o)
                0x000000000001c968                _malloc_trim_r
 .text._free_r  0x000000000001ca80      0x300 c:/devkitpro_sw/devkita64/bin/../lib/gcc/aarch64-none-elf/9.2.0/../../../../aarch64-none-elf/lib/pic\libg.a(lib_a-freer.o)
                0x000000000001ca80                _free_r
 .text.__sfvwrite_r
                0x000000000001cd80      0x4b8 c:/devkitpro_sw/devkita64/bin/../lib/gcc/aarch64-none-elf/9.2.0/../../../../aarch64-none-elf/lib/pic\libg.a(lib_a-fvwrite.o)
                0x000000000001cd80                __sfvwrite_r
 .text._fwalk_reent
                0x000000000001d238       0xa4 c:/devkitpro_sw/devkita64/bin/../lib/gcc/aarch64-none-elf/9.2.0/../../../../aarch64-none-elf/lib/pic\libg.a(lib_a-fwalk.o)
                0x000000000001d238                _fwalk_reent
 *fill*         0x000000000001d2dc        0x4 
 .text._findenv_r
                0x000000000001d2e0      0x100 c:/devkitpro_sw/devkita64/bin/../lib/gcc/aarch64-none-elf/9.2.0/../../../../aarch64-none-elf/lib/pic\libg.a(lib_a-getenv_r.o)
                0x000000000001d2e0                _findenv_r
 .text.iswspace
                0x000000000001d3e0        0x8 c:/devkitpro_sw/devkita64/bin/../lib/gcc/aarch64-none-elf/9.2.0/../../../../aarch64-none-elf/lib/pic\libg.a(lib_a-iswspace.o)
                0x000000000001d3e0                iswspace
 .text.__localeconv_l
                0x000000000001d3e8        0x8 c:/devkitpro_sw/devkita64/bin/../lib/gcc/aarch64-none-elf/9.2.0/../../../../aarch64-none-elf/lib/pic\libg.a(lib_a-localeconv.o)
                0x000000000001d3e8                __localeconv_l
 .text._localeconv_r
                0x000000000001d3f0       0x28 c:/devkitpro_sw/devkita64/bin/../lib/gcc/aarch64-none-elf/9.2.0/../../../../aarch64-none-elf/lib/pic\libg.a(lib_a-localeconv.o)
                0x000000000001d3f0                _localeconv_r
 .text.__locale_mb_cur_max
                0x000000000001d418       0x2c c:/devkitpro_sw/devkita64/bin/../lib/gcc/aarch64-none-elf/9.2.0/../../../../aarch64-none-elf/lib/pic\libg.a(lib_a-locale.o)
                0x000000000001d418                __locale_mb_cur_max
 *fill*         0x000000000001d444        0x4 
 .text.__swhatbuf_r
                0x000000000001d448       0xa4 c:/devkitpro_sw/devkita64/bin/../lib/gcc/aarch64-none-elf/9.2.0/../../../../aarch64-none-elf/lib/pic\libg.a(lib_a-makebuf.o)
                0x000000000001d448                __swhatbuf_r
 *fill*         0x000000000001d4ec        0x4 
 .text.__smakebuf_r
                0x000000000001d4f0      0x10c c:/devkitpro_sw/devkita64/bin/../lib/gcc/aarch64-none-elf/9.2.0/../../../../aarch64-none-elf/lib/pic\libg.a(lib_a-makebuf.o)
                0x000000000001d4f0                __smakebuf_r
 *fill*         0x000000000001d5fc        0x4 
 .text._mbrtowc_r
                0x000000000001d600       0xe8 c:/devkitpro_sw/devkita64/bin/../lib/gcc/aarch64-none-elf/9.2.0/../../../../aarch64-none-elf/lib/pic\libg.a(lib_a-mbrtowc.o)
                0x000000000001d600                _mbrtowc_r
 .text.__utf8_mbtowc
                0x000000000001d6e8      0x2c8 c:/devkitpro_sw/devkita64/bin/../lib/gcc/aarch64-none-elf/9.2.0/../../../../aarch64-none-elf/lib/pic\libg.a(lib_a-mbtowc_r.o)
                0x000000000001d6e8                __utf8_mbtowc
 *fill*         0x000000000001d9b0       0x10 
 .text          0x000000000001d9c0       0xac c:/devkitpro_sw/devkita64/bin/../lib/gcc/aarch64-none-elf/9.2.0/../../../../aarch64-none-elf/lib/pic\libg.a(lib_a-memmove.o)
                0x000000000001d9c0                memmove
 *fill*         0x000000000001da6c        0x4 
 .text._Balloc  0x000000000001da70       0x90 c:/devkitpro_sw/devkita64/bin/../lib/gcc/aarch64-none-elf/9.2.0/../../../../aarch64-none-elf/lib/pic\libg.a(lib_a-mprec.o)
                0x000000000001da70                _Balloc
 .text._Bfree   0x000000000001db00       0x1c c:/devkitpro_sw/devkita64/bin/../lib/gcc/aarch64-none-elf/9.2.0/../../../../aarch64-none-elf/lib/pic\libg.a(lib_a-mprec.o)
                0x000000000001db00                _Bfree
 *fill*         0x000000000001db1c        0x4 
 .text.__multadd
                0x000000000001db20       0xd8 c:/devkitpro_sw/devkita64/bin/../lib/gcc/aarch64-none-elf/9.2.0/../../../../aarch64-none-elf/lib/pic\libg.a(lib_a-mprec.o)
                0x000000000001db20                __multadd
 .text.__s2b    0x000000000001dbf8      0x12c c:/devkitpro_sw/devkita64/bin/../lib/gcc/aarch64-none-elf/9.2.0/../../../../aarch64-none-elf/lib/pic\libg.a(lib_a-mprec.o)
                0x000000000001dbf8                __s2b
 *fill*         0x000000000001dd24        0x4 
 .text.__hi0bits
                0x000000000001dd28       0x5c c:/devkitpro_sw/devkita64/bin/../lib/gcc/aarch64-none-elf/9.2.0/../../../../aarch64-none-elf/lib/pic\libg.a(lib_a-mprec.o)
                0x000000000001dd28                __hi0bits
 *fill*         0x000000000001dd84        0x4 
 .text.__lo0bits
                0x000000000001dd88       0xa0 c:/devkitpro_sw/devkita64/bin/../lib/gcc/aarch64-none-elf/9.2.0/../../../../aarch64-none-elf/lib/pic\libg.a(lib_a-mprec.o)
                0x000000000001dd88                __lo0bits
 .text.__i2b    0x000000000001de28       0x2c c:/devkitpro_sw/devkita64/bin/../lib/gcc/aarch64-none-elf/9.2.0/../../../../aarch64-none-elf/lib/pic\libg.a(lib_a-mprec.o)
                0x000000000001de28                __i2b
 *fill*         0x000000000001de54        0x4 
 .text.__multiply
                0x000000000001de58      0x1dc c:/devkitpro_sw/devkita64/bin/../lib/gcc/aarch64-none-elf/9.2.0/../../../../aarch64-none-elf/lib/pic\libg.a(lib_a-mprec.o)
                0x000000000001de58                __multiply
 *fill*         0x000000000001e034        0x4 
 .text.__pow5mult
                0x000000000001e038      0x100 c:/devkitpro_sw/devkita64/bin/../lib/gcc/aarch64-none-elf/9.2.0/../../../../aarch64-none-elf/lib/pic\libg.a(lib_a-mprec.o)
                0x000000000001e038                __pow5mult
 .text.__lshift
                0x000000000001e138      0x154 c:/devkitpro_sw/devkita64/bin/../lib/gcc/aarch64-none-elf/9.2.0/../../../../aarch64-none-elf/lib/pic\libg.a(lib_a-mprec.o)
                0x000000000001e138                __lshift
 *fill*         0x000000000001e28c        0x4 
 .text.__mcmp   0x000000000001e290       0x50 c:/devkitpro_sw/devkita64/bin/../lib/gcc/aarch64-none-elf/9.2.0/../../../../aarch64-none-elf/lib/pic\libg.a(lib_a-mprec.o)
                0x000000000001e290                __mcmp
 .text.__mdiff  0x000000000001e2e0      0x17c c:/devkitpro_sw/devkita64/bin/../lib/gcc/aarch64-none-elf/9.2.0/../../../../aarch64-none-elf/lib/pic\libg.a(lib_a-mprec.o)
                0x000000000001e2e0                __mdiff
 *fill*         0x000000000001e45c        0x4 
 .text.__ulp    0x000000000001e460       0x68 c:/devkitpro_sw/devkita64/bin/../lib/gcc/aarch64-none-elf/9.2.0/../../../../aarch64-none-elf/lib/pic\libg.a(lib_a-mprec.o)
                0x000000000001e460                __ulp
 .text.__b2d    0x000000000001e4c8      0x150 c:/devkitpro_sw/devkita64/bin/../lib/gcc/aarch64-none-elf/9.2.0/../../../../aarch64-none-elf/lib/pic\libg.a(lib_a-mprec.o)
                0x000000000001e4c8                __b2d
 .text.__d2b    0x000000000001e618      0x138 c:/devkitpro_sw/devkita64/bin/../lib/gcc/aarch64-none-elf/9.2.0/../../../../aarch64-none-elf/lib/pic\libg.a(lib_a-mprec.o)
                0x000000000001e618                __d2b